Product: MDK-ARM Professional 5.10
Component: ARM Compiler 5.04 update 1 (build 49)
Tool: armlink [5040049]

==============================================================================

Section Cross References

    startup_stm32f10x_md.o(RESET) refers to startup_stm32f10x_md.o(STACK) for __initial_sp
    startup_stm32f10x_md.o(RESET) refers to startup_stm32f10x_md.o(.text) for Reset_Handler
    startup_stm32f10x_md.o(RESET) refers to stm32f10x_it.o(.text) for NMI_Handler
    startup_stm32f10x_md.o(RESET) refers to rtc.o(.text) for RTC_IRQHandler
    startup_stm32f10x_md.o(RESET) refers to timer.o(.text) for TIM1_UP_IRQHandler
    startup_stm32f10x_md.o(RESET) refers to uart.o(.text) for USART1_IRQHandler
    startup_stm32f10x_md.o(.text) refers to system_stm32f10x.o(.text) for SystemInit
    startup_stm32f10x_md.o(.text) refers to entry.o(.ARM.Collect$$$$00000000) for __main
    system_stm32f10x.o(.text) refers to system_stm32f10x.o(.data) for SystemCoreClock
    stm32f10x_adc.o(.text) refers to stm32f10x_rcc.o(.text) for RCC_APB2PeriphResetCmd
    stm32f10x_bkp.o(.text) refers to stm32f10x_rcc.o(.text) for RCC_BackupResetCmd
    stm32f10x_can.o(.text) refers to stm32f10x_rcc.o(.text) for RCC_APB1PeriphResetCmd
    stm32f10x_cec.o(.text) refers to stm32f10x_rcc.o(.text) for RCC_APB1PeriphResetCmd
    stm32f10x_dac.o(.text) refers to stm32f10x_rcc.o(.text) for RCC_APB1PeriphResetCmd
    stm32f10x_gpio.o(.text) refers to stm32f10x_rcc.o(.text) for RCC_APB2PeriphResetCmd
    stm32f10x_i2c.o(.text) refers to stm32f10x_rcc.o(.text) for RCC_APB1PeriphResetCmd
    stm32f10x_pwr.o(.text) refers to stm32f10x_rcc.o(.text) for RCC_APB1PeriphResetCmd
    stm32f10x_rcc.o(.text) refers to stm32f10x_rcc.o(.data) for APBAHBPrescTable
    stm32f10x_spi.o(.text) refers to stm32f10x_rcc.o(.text) for RCC_APB2PeriphResetCmd
    stm32f10x_tim.o(.text) refers to stm32f10x_rcc.o(.text) for RCC_APB2PeriphResetCmd
    stm32f10x_usart.o(.text) refers to stm32f10x_rcc.o(.text) for RCC_APB2PeriphResetCmd
    stm32f10x_wwdg.o(.text) refers to stm32f10x_rcc.o(.text) for RCC_APB1PeriphResetCmd
    main.o(.text) refers to rfifo.o(.text) for rfifo_len
    main.o(.text) refers to message.o(.text) for make_message
    main.o(.text) refers to keydetect.o(.text) for key_scan
    main.o(.text) refers to printfa.o(i.__0printf) for __2printf
    main.o(.text) refers to hal_led.o(.text) for get_led_status
    main.o(.text) refers to wdg.o(.text) for watchdog_feed
    main.o(.text) refers to malloc.o(.text) for my_mem_init
    main.o(.text) refers to timer.o(.text) for init_system_timer
    main.o(.text) refers to stm32f10x_rcc.o(.text) for RCC_GetSYSCLKSource
    main.o(.text) refers to delay.o(.text) for delay_init
    main.o(.text) refers to sys.o(.text) for jtag_set
    main.o(.text) refers to uart.o(.text) for uarts_init
    main.o(.text) refers to oled.o(.text) for OLED_Init
    main.o(.text) refers to madc.o(.text) for Adc_Init
    main.o(.text) refers to ioi2c.o(.text) for IIC_Init
    main.o(.text) refers to mpu6050.o(.text) for MPU6050_initialize
    main.o(.text) refers to encoder.o(.text) for Encoder_Init_TIM2
    main.o(.text) refers to minibalance.o(.text) for MiniBalance_PWM_Init
    main.o(.text) refers to system_stm32f10x.o(.text) for SystemInit
    main.o(.text) refers to strlen.o(.text) for strlen
    main.o(.text) refers to main.o(.data) for miniTimer
    main.o(.text) refers to main.o(.constdata) for __func__
    main.o(.text) refers to main.o(.bss) for uart3fifo
    main.o(.text) refers to usmart_config.o(.data) for usmart_dev
    main.o(.text) refers to minibalance.o(.data) for Flag_Stop
    main.o(.text) refers to main.o(.conststring) for .conststring
    stm32f10x_it.o(.text) refers to stm32f10x_it.o(.emb_text) for wait
    stm32f10x_it.o(.text) refers to stm32f10x_usart.o(.text) for USART_GetITStatus
    stm32f10x_it.o(.text) refers to rfifo.o(.text) for rfifo_put
    stm32f10x_it.o(.text) refers to printfa.o(i.__0printf) for __2printf
    stm32f10x_it.o(.text) refers to stm32f10x_gpio.o(.text) for GPIO_ReadInputDataBit
    stm32f10x_it.o(.text) refers to stm32f10x_exti.o(.text) for EXTI_ClearITPendingBit
    stm32f10x_it.o(.text) refers to main.o(.bss) for uart3fifo
    delay.o(.text) refers to misc.o(.text) for NVIC_PriorityGroupConfig
    delay.o(.text) refers to delay.o(.data) for fac_us
    hal_key.o(.text) refers to stm32f10x_rcc.o(.text) for RCC_APB2PeriphClockCmd
    hal_key.o(.text) refers to stm32f10x_gpio.o(.text) for GPIO_Init
    hal_key.o(.text) refers to stm32f10x_tim.o(.text) for TIM_TimeBaseInit
    hal_key.o(.text) refers to misc.o(.text) for NVIC_Init
    hal_key.o(.text) refers to hal_key.o(.data) for KeyCountTime
    hal_led.o(.text) refers to stm32f10x_gpio.o(.text) for GPIO_ResetBits
    hal_led.o(.text) refers to stm32f10x_rcc.o(.text) for RCC_APB2PeriphClockCmd
    hal_led.o(.text) refers to hal_led.o(.data) for led1Status
[...]
    TIM1_TRG_COM_IRQHandler                  0x0800012b   Thumb Code     0  startup_stm32f10x_md.o(.text)
    USBWakeUp_IRQHandler                     0x0800012b   Thumb Code     0  startup_stm32f10x_md.o(.text)
    USB_HP_CAN1_TX_IRQHandler                0x0800012b   Thumb Code     0  startup_stm32f10x_md.o(.text)
    USB_LP_CAN1_RX0_IRQHandler               0x0800012b   Thumb Code     0  startup_stm32f10x_md.o(.text)
    WWDG_IRQHandler                          0x0800012b   Thumb Code     0  startup_stm32f10x_md.o(.text)
    SystemInit                               0x08000213   Thumb Code    78  system_stm32f10x.o(.text)
    SystemCoreClockUpdate                    0x08000261   Thumb Code   142  system_stm32f10x.o(.text)
    NVIC_PriorityGroupConfig                 0x08000315   Thumb Code    10  misc.o(.text)
    NVIC_Init                                0x0800031f   Thumb Code   100  misc.o(.text)
    NVIC_SetVectorTable                      0x08000383   Thumb Code    14  misc.o(.text)
    NVIC_SystemLPConfig                      0x08000391   Thumb Code    34  misc.o(.text)
    SysTick_CLKSourceConfig                  0x080003b3   Thumb Code    40  misc.o(.text)
    ADC_DeInit                               0x080003f1   Thumb Code    78  stm32f10x_adc.o(.text)
    ADC_Init                                 0x0800043f   Thumb Code    70  stm32f10x_adc.o(.text)
    ADC_StructInit                           0x08000485   Thumb Code    18  stm32f10x_adc.o(.text)
    ADC_Cmd                                  0x08000497   Thumb Code    22  stm32f10x_adc.o(.text)
    ADC_DMACmd                               0x080004ad   Thumb Code    22  stm32f10x_adc.o(.text)
    ADC_ITConfig                             0x080004c3   Thumb Code    24  stm32f10x_adc.o(.text)
    ADC_ResetCalibration                     0x080004db   Thumb Code    10  stm32f10x_adc.o(.text)
    ADC_GetResetCalibrationStatus            0x080004e5   Thumb Code    20  stm32f10x_adc.o(.text)
    ADC_StartCalibration                     0x080004f9   Thumb Code    10  stm32f10x_adc.o(.text)
    ADC_GetCalibrationStatus                 0x08000503   Thumb Code    20  stm32f10x_adc.o(.text)
    ADC_SoftwareStartConvCmd                 0x08000517   Thumb Code    22  stm32f10x_adc.o(.text)
    ADC_GetSoftwareStartConvStatus           0x0800052d   Thumb Code    20  stm32f10x_adc.o(.text)
    ADC_DiscModeChannelCountConfig           0x08000541   Thumb Code    24  stm32f10x_adc.o(.text)
    ADC_DiscModeCmd                          0x08000559   Thumb Code    22  stm32f10x_adc.o(.text)
    ADC_RegularChannelConfig                 0x0800056f   Thumb Code   184  stm32f10x_adc.o(.text)
    ADC_ExternalTrigConvCmd                  0x08000627   Thumb Code    22  stm32f10x_adc.o(.text)
    ADC_GetConversionValue                   0x0800063d   Thumb Code     8  stm32f10x_adc.o(.text)
    ADC_GetDualModeConversionValue           0x08000645   Thumb Code     8  stm32f10x_adc.o(.text)
    ADC_AutoInjectedConvCmd                  0x0800064d   Thumb Code    22  stm32f10x_adc.o(.text)
    ADC_InjectedDiscModeCmd                  0x08000663   Thumb Code    22  stm32f10x_adc.o(.text)
    ADC_ExternalTrigInjectedConvConfig       0x08000679   Thumb Code    16  stm32f10x_adc.o(.text)
    ADC_ExternalTrigInjectedConvCmd          0x08000689   Thumb Code    22  stm32f10x_adc.o(.text)
    ADC_SoftwareStartInjectedConvCmd         0x0800069f   Thumb Code    22  stm32f10x_adc.o(.text)
    ADC_GetSoftwareStartInjectedConvCmdStatus 0x080006b5   Thumb Code    20  stm32f10x_adc.o(.text)
    ADC_InjectedChannelConfig                0x080006c9   Thumb Code   130  stm32f10x_adc.o(.text)
    ADC_InjectedSequencerLengthConfig        0x0800074b   Thumb Code    24  stm32f10x_adc.o(.text)
    ADC_SetInjectedOffset                    0x08000763   Thumb Code    20  stm32f10x_adc.o(.text)
    ADC_GetInjectedConversionValue           0x08000777   Thumb Code    28  stm32f10x_adc.o(.text)
    ADC_AnalogWatchdogCmd                    0x08000793   Thumb Code    16  stm32f10x_adc.o(.text)
    ADC_AnalogWatchdogThresholdsConfig       0x080007a3   Thumb Code     6  stm32f10x_adc.o(.text)
    ADC_AnalogWatchdogSingleChannelConfig    0x080007a9   Thumb Code    16  stm32f10x_adc.o(.text)
    ADC_TempSensorVrefintCmd                 0x080007b9   Thumb Code    64  stm32f10x_adc.o(.text)
    ADC_GetFlagStatus                        0x080007f9   Thumb Code    18  stm32f10x_adc.o(.text)
    ADC_ClearFlag                            0x0800080b   Thumb Code     6  stm32f10x_adc.o(.text)
    ADC_GetITStatus                          0x08000811   Thumb Code    36  stm32f10x_adc.o(.text)
    ADC_ClearITPendingBit                    0x08000835   Thumb Code    10  stm32f10x_adc.o(.text)
    BKP_DeInit                               0x08000841   Thumb Code    16  stm32f10x_bkp.o(.text)
    BKP_TamperPinLevelConfig                 0x08000851   Thumb Code     6  stm32f10x_bkp.o(.text)
    BKP_TamperPinCmd                         0x08000857   Thumb Code     8  stm32f10x_bkp.o(.text)
    BKP_ITConfig                             0x0800085f   Thumb Code     8  stm32f10x_bkp.o(.text)
    BKP_RTCOutputConfig                      0x08000867   Thumb Code    22  stm32f10x_bkp.o(.text)
    BKP_SetRTCCalibrationValue               0x0800087d   Thumb Code    22  stm32f10x_bkp.o(.text)
    BKP_WriteBackupRegister                  0x08000893   Thumb Code    24  stm32f10x_bkp.o(.text)
    BKP_ReadBackupRegister                   0x080008ab   Thumb Code    26  stm32f10x_bkp.o(.text)
    BKP_GetFlagStatus                        0x080008c5   Thumb Code    10  stm32f10x_bkp.o(.text)
    BKP_ClearFlag                            0x080008cf   Thumb Code    18  stm32f10x_bkp.o(.text)
    BKP_GetITStatus                          0x080008e1   Thumb Code    10  stm32f10x_bkp.o(.text)
    BKP_ClearITPendingBit                    0x080008eb   Thumb Code    18  stm32f10x_bkp.o(.text)
    EXTI_DeInit                              0x08000905   Thumb Code    28  stm32f10x_exti.o(.text)
    EXTI_Init                                0x08000921   Thumb Code   142  stm32f10x_exti.o(.text)
    EXTI_StructInit                          0x080009af   Thumb Code    16  stm32f10x_exti.o(.text)
    EXTI_GenerateSWInterrupt                 0x080009bf   Thumb Code    16  stm32f10x_exti.o(.text)
    EXTI_GetFlagStatus                       0x080009cf   Thumb Code    22  stm32f10x_exti.o(.text)
    EXTI_ClearFlag                           0x080009e5   Thumb Code     8  stm32f10x_exti.o(.text)
    EXTI_GetITStatus                         0x080009ed   Thumb Code    34  stm32f10x_exti.o(.text)
    EXTI_ClearITPendingBit                   0x08000a0f   Thumb Code     8  stm32f10x_exti.o(.text)
    GPIO_DeInit                              0x08000a21   Thumb Code   172  stm32f10x_gpio.o(.text)
    GPIO_AFIODeInit                          0x08000acd   Thumb Code    20  stm32f10x_gpio.o(.text)
    GPIO_Init                                0x08000ae1   Thumb Code   278  stm32f10x_gpio.o(.text)
    GPIO_StructInit                          0x08000bf7   Thumb Code    16  stm32f10x_gpio.o(.text)
    GPIO_ReadInputDataBit                    0x08000c07   Thumb Code    18  stm32f10x_gpio.o(.text)
    GPIO_ReadInputData                       0x08000c19   Thumb Code     8  stm32f10x_gpio.o(.text)
    GPIO_ReadOutputDataBit                   0x08000c21   Thumb Code    18  stm32f10x_gpio.o(.text)
    GPIO_ReadOutputData                      0x08000c33   Thumb Code     8  stm32f10x_gpio.o(.text)
    GPIO_SetBits                             0x08000c3b   Thumb Code     4  stm32f10x_gpio.o(.text)
    GPIO_ResetBits                           0x08000c3f   Thumb Code     4  stm32f10x_gpio.o(.text)
    GPIO_WriteBit                            0x08000c43   Thumb Code    10  stm32f10x_gpio.o(.text)
    GPIO_Write                               0x08000c4d   Thumb Code     4  stm32f10x_gpio.o(.text)
    GPIO_PinLockConfig                       0x08000c51   Thumb Code    18  stm32f10x_gpio.o(.text)
    GPIO_EventOutputConfig                   0x08000c63   Thumb Code    26  stm32f10x_gpio.o(.text)
    GPIO_EventOutputCmd                      0x08000c7d   Thumb Code     6  stm32f10x_gpio.o(.text)
    GPIO_PinRemapConfig                      0x08000c83   Thumb Code   138  stm32f10x_gpio.o(.text)
    GPIO_EXTILineConfig                      0x08000d0d   Thumb Code    66  stm32f10x_gpio.o(.text)
    GPIO_ETH_MediaInterfaceConfig            0x08000d4f   Thumb Code     8  stm32f10x_gpio.o(.text)
    IWDG_WriteAccessCmd                      0x08000d7d   Thumb Code     6  stm32f10x_iwdg.o(.text)
    IWDG_SetPrescaler                        0x08000d83   Thumb Code     6  stm32f10x_iwdg.o(.text)
    IWDG_SetReload                           0x08000d89   Thumb Code     6  stm32f10x_iwdg.o(.text)
    IWDG_ReloadCounter                       0x08000d8f   Thumb Code    10  stm32f10x_iwdg.o(.text)
    IWDG_Enable                              0x08000d99   Thumb Code    10  stm32f10x_iwdg.o(.text)
    IWDG_GetFlagStatus                       0x08000da3   Thumb Code    20  stm32f10x_iwdg.o(.text)
    PWR_DeInit                               0x08000dbd   Thumb Code    22  stm32f10x_pwr.o(.text)
    PWR_BackupAccessCmd                      0x08000dd3   Thumb Code     6  stm32f10x_pwr.o(.text)
    PWR_PVDCmd                               0x08000dd9   Thumb Code     6  stm32f10x_pwr.o(.text)
    PWR_PVDLevelConfig                       0x08000ddf   Thumb Code    18  stm32f10x_pwr.o(.text)
    PWR_WakeUpPinCmd                         0x08000df1   Thumb Code     8  stm32f10x_pwr.o(.text)
    PWR_EnterSTOPMode                        0x08000df9   Thumb Code    54  stm32f10x_pwr.o(.text)
    PWR_EnterSTANDBYMode                     0x08000e2f   Thumb Code    42  stm32f10x_pwr.o(.text)
    PWR_GetFlagStatus                        0x08000e59   Thumb Code    20  stm32f10x_pwr.o(.text)
    PWR_ClearFlag                            0x08000e6d   Thumb Code    14  stm32f10x_pwr.o(.text)
    RCC_DeInit                               0x08000e89   Thumb Code    64  stm32f10x_rcc.o(.text)
    RCC_HSEConfig                            0x08000ec9   Thumb Code    70  stm32f10x_rcc.o(.text)
    RCC_GetFlagStatus                        0x08000f0f   Thumb Code    56  stm32f10x_rcc.o(.text)
    RCC_WaitForHSEStartUp                    0x08000f47   Thumb Code    56  stm32f10x_rcc.o(.text)
    RCC_AdjustHSICalibrationValue            0x08000f7f   Thumb Code    20  stm32f10x_rcc.o(.text)
    RCC_HSICmd                               0x08000f93   Thumb Code     6  stm32f10x_rcc.o(.text)
    RCC_PLLConfig                            0x08000f99   Thumb Code    24  stm32f10x_rcc.o(.text)
    RCC_PLLCmd                               0x08000fb1   Thumb Code     6  stm32f10x_rcc.o(.text)
    RCC_SYSCLKConfig                         0x08000fb7   Thumb Code    18  stm32f10x_rcc.o(.text)
    RCC_GetSYSCLKSource                      0x08000fc9   Thumb Code    10  stm32f10x_rcc.o(.text)
    RCC_HCLKConfig                           0x08000fd3   Thumb Code    18  stm32f10x_rcc.o(.text)
    RCC_PCLK1Config                          0x08000fe5   Thumb Code    18  stm32f10x_rcc.o(.text)
    RCC_PCLK2Config                          0x08000ff7   Thumb Code    20  stm32f10x_rcc.o(.text)
    RCC_ITConfig                             0x0800100b   Thumb Code    26  stm32f10x_rcc.o(.text)
    RCC_USBCLKConfig                         0x08001025   Thumb Code     8  stm32f10x_rcc.o(.text)
    RCC_ADCCLKConfig                         0x0800102d   Thumb Code    18  stm32f10x_rcc.o(.text)
    RCC_LSEConfig                            0x0800103f   Thumb Code    50  stm32f10x_rcc.o(.text)
    RCC_LSICmd                               0x08001071   Thumb Code     6  stm32f10x_rcc.o(.text)
    RCC_RTCCLKConfig                         0x08001077   Thumb Code    12  stm32f10x_rcc.o(.text)
    RCC_RTCCLKCmd                            0x08001083   Thumb Code     8  stm32f10x_rcc.o(.text)
    RCC_GetClocksFreq                        0x0800108b   Thumb Code   192  stm32f10x_rcc.o(.text)
    RCC_AHBPeriphClockCmd                    0x0800114b   Thumb Code    26  stm32f10x_rcc.o(.text)
    RCC_APB2PeriphClockCmd                   0x08001165   Thumb Code    26  stm32f10x_rcc.o(.text)
    RCC_APB1PeriphClockCmd                   0x0800117f   Thumb Code    26  stm32f10x_rcc.o(.text)
    RCC_APB2PeriphResetCmd                   0x08001199   Thumb Code    26  stm32f10x_rcc.o(.text)
    RCC_APB1PeriphResetCmd                   0x080011b3   Thumb Code    26  stm32f10x_rcc.o(.text)
    RCC_BackupResetCmd                       0x080011cd   Thumb Code     8  stm32f10x_rcc.o(.text)
    RCC_ClockSecuritySystemCmd               0x080011d5   Thumb Code     6  stm32f10x_rcc.o(.text)
    RCC_MCOConfig                            0x080011db   Thumb Code     6  stm32f10x_rcc.o(.text)
    RCC_ClearFlag                            0x080011e1   Thumb Code    14  stm32f10x_rcc.o(.text)
    RCC_GetITStatus                          0x080011ef   Thumb Code    20  stm32f10x_rcc.o(.text)
    RCC_ClearITPendingBit                    0x08001203   Thumb Code     6  stm32f10x_rcc.o(.text)
    RTC_ITConfig                             0x0800122d   Thumb Code    26  stm32f10x_rtc.o(.text)
    RTC_EnterConfigMode                      0x08001247   Thumb Code    18  stm32f10x_rtc.o(.text)
    RTC_ExitConfigMode                       0x08001259   Thumb Code    20  stm32f10x_rtc.o(.text)
    RTC_GetCounter                           0x0800126d   Thumb Code    18  stm32f10x_rtc.o(.text)
    RTC_SetCounter                           0x0800127f   Thumb Code    26  stm32f10x_rtc.o(.text)
    RTC_SetPrescaler                         0x08001299   Thumb Code    28  stm32f10x_rtc.o(.text)
    RTC_SetAlarm                             0x080012b5   Thumb Code    26  stm32f10x_rtc.o(.text)
    RTC_GetDivider                           0x080012cf   Thumb Code    22  stm32f10x_rtc.o(.text)
    RTC_WaitForLastTask                      0x080012e5   Thumb Code    18  stm32f10x_rtc.o(.text)
    RTC_WaitForSynchro                       0x080012f7   Thumb Code    36  stm32f10x_rtc.o(.text)
    RTC_GetFlagStatus                        0x0800131b   Thumb Code    22  stm32f10x_rtc.o(.text)
    RTC_ClearFlag                            0x08001331   Thumb Code    16  stm32f10x_rtc.o(.text)
    RTC_GetITStatus                          0x08001341   Thumb Code    32  stm32f10x_rtc.o(.text)
    RTC_ClearITPendingBit                    0x08001361   Thumb Code    16  stm32f10x_rtc.o(.text)
    TIM_DeInit                               0x08001375   Thumb Code   424  stm32f10x_tim.o(.text)
    TIM_TimeBaseInit                         0x0800151d   Thumb Code   122  stm32f10x_tim.o(.text)
    TIM_OC1Init                              0x08001597   Thumb Code   132  stm32f10x_tim.o(.text)
    TIM_OC2Init                              0x0800161b   Thumb Code   154  stm32f10x_tim.o(.text)
    TIM_OC3Init                              0x080016b5   Thumb Code   150  stm32f10x_tim.o(.text)
    TIM_OC4Init                              0x0800174b   Thumb Code   182  stm32f10x_tim.o(.text)
    TIM_SetIC4Prescaler                      0x08001801   Thumb Code    26  stm32f10x_tim.o(.text)
    TIM_SetIC3Prescaler                      0x0800189d   Thumb Code    18  stm32f10x_tim.o(.text)
    TIM_SetIC2Prescaler                      0x08001929   Thumb Code    26  stm32f10x_tim.o(.text)
    TIM_SetIC1Prescaler                      0x080019c5   Thumb Code    18  stm32f10x_tim.o(.text)
    TIM_ICInit                               0x08001a43   Thumb Code   150  stm32f10x_tim.o(.text)
    TIM_PWMIConfig                           0x08001ad9   Thumb Code   124  stm32f10x_tim.o(.text)
    TIM_BDTRConfig                           0x08001b55   Thumb Code    32  stm32f10x_tim.o(.text)
    TIM_TimeBaseStructInit                   0x08001b75   Thumb Code    18  stm32f10x_tim.o(.text)
    TIM_OCStructInit                         0x08001b87   Thumb Code    20  stm32f10x_tim.o(.text)
    TIM_ICStructInit                         0x08001b9b   Thumb Code    18  stm32f10x_tim.o(.text)
    TIM_BDTRStructInit                       0x08001bad   Thumb Code    40  stm32f10x_tim.o(.text)
    TIM_Cmd                                  0x08001bd5   Thumb Code    24  stm32f10x_tim.o(.text)
    TIM_CtrlPWMOutputs                       0x08001bed   Thumb Code    30  stm32f10x_tim.o(.text)
    TIM_ITConfig                             0x08001c0b   Thumb Code    18  stm32f10x_tim.o(.text)
    TIM_GenerateEvent                        0x08001c1d   Thumb Code     4  stm32f10x_tim.o(.text)
    TIM_DMAConfig                            0x08001c21   Thumb Code    10  stm32f10x_tim.o(.text)
    TIM_DMACmd                               0x08001c2b   Thumb Code    18  stm32f10x_tim.o(.text)
    TIM_InternalClockConfig                  0x08001c3d   Thumb Code    12  stm32f10x_tim.o(.text)
    TIM_SelectInputTrigger                   0x08001c49   Thumb Code    18  stm32f10x_tim.o(.text)
    TIM_ITRxExternalClockConfig              0x08001c5b   Thumb Code    24  stm32f10x_tim.o(.text)
    TIM_TIxExternalClockConfig               0x08001c73   Thumb Code    62  stm32f10x_tim.o(.text)
    TIM_ETRConfig                            0x08001cb1   Thumb Code    28  stm32f10x_tim.o(.text)
    TIM_ETRClockMode1Config                  0x08001ccd   Thumb Code    54  stm32f10x_tim.o(.text)
    TIM_ETRClockMode2Config                  0x08001d03   Thumb Code    32  stm32f10x_tim.o(.text)
    TIM_PrescalerConfig                      0x08001d23   Thumb Code     6  stm32f10x_tim.o(.text)
    TIM_CounterModeConfig                    0x08001d29   Thumb Code    18  stm32f10x_tim.o(.text)
    TIM_EncoderInterfaceConfig               0x08001d3b   Thumb Code    66  stm32f10x_tim.o(.text)
    TIM_ForcedOC1Config                      0x08001d7d   Thumb Code    18  stm32f10x_tim.o(.text)
    TIM_ForcedOC2Config                      0x08001d8f   Thumb Code    26  stm32f10x_tim.o(.text)
    TIM_ForcedOC3Config                      0x08001da9   Thumb Code    18  stm32f10x_tim.o(.text)
    TIM_ForcedOC4Config                      0x08001dbb   Thumb Code    26  stm32f10x_tim.o(.text)
    TIM_ARRPreloadConfig                     0x08001dd5   Thumb Code    24  stm32f10x_tim.o(.text)
    TIM_SelectCOM                            0x08001ded   Thumb Code    24  stm32f10x_tim.o(.text)
    TIM_SelectCCDMA                          0x08001e05   Thumb Code    24  stm32f10x_tim.o(.text)
    TIM_CCPreloadControl                     0x08001e1d   Thumb Code    24  stm32f10x_tim.o(.text)
    TIM_OC1PreloadConfig                     0x08001e35   Thumb Code    18  stm32f10x_tim.o(.text)
    TIM_OC2PreloadConfig                     0x08001e47   Thumb Code    26  stm32f10x_tim.o(.text)
    TIM_OC3PreloadConfig                     0x08001e61   Thumb Code    18  stm32f10x_tim.o(.text)
    TIM_OC4PreloadConfig                     0x08001e73   Thumb Code    26  stm32f10x_tim.o(.text)
    TIM_OC1FastConfig                        0x08001e8d   Thumb Code    18  stm32f10x_tim.o(.text)
    TIM_OC2FastConfig                        0x08001e9f   Thumb Code    26  stm32f10x_tim.o(.text)
    TIM_OC3FastConfig                        0x08001eb9   Thumb Code    18  stm32f10x_tim.o(.text)
    TIM_OC4FastConfig                        0x08001ecb   Thumb Code    26  stm32f10x_tim.o(.text)
    TIM_ClearOC1Ref                          0x08001ee5   Thumb Code    18  stm32f10x_tim.o(.text)
    TIM_ClearOC2Ref                          0x08001ef7   Thumb Code    24  stm32f10x_tim.o(.text)
    TIM_ClearOC3Ref                          0x08001f0f   Thumb Code    18  stm32f10x_tim.o(.text)
    TIM_ClearOC4Ref                          0x08001f21   Thumb Code    24  stm32f10x_tim.o(.text)
    TIM_OC1PolarityConfig                    0x08001f39   Thumb Code    18  stm32f10x_tim.o(.text)
    TIM_OC1NPolarityConfig                   0x08001f4b   Thumb Code    18  stm32f10x_tim.o(.text)
    TIM_OC2PolarityConfig                    0x08001f5d   Thumb Code    26  stm32f10x_tim.o(.text)
    TIM_OC2NPolarityConfig                   0x08001f77   Thumb Code    26  stm32f10x_tim.o(.text)
    TIM_OC3PolarityConfig                    0x08001f91   Thumb Code    26  stm32f10x_tim.o(.text)
    TIM_OC3NPolarityConfig                   0x08001fab   Thumb Code    26  stm32f10x_tim.o(.text)
    TIM_OC4PolarityConfig                    0x08001fc5   Thumb Code    26  stm32f10x_tim.o(.text)
    TIM_CCxCmd                               0x08001fdf   Thumb Code    30  stm32f10x_tim.o(.text)
    TIM_CCxNCmd                              0x08001ffd   Thumb Code    30  stm32f10x_tim.o(.text)
    TIM_SelectOCxM                           0x0800201b   Thumb Code    82  stm32f10x_tim.o(.text)
    TIM_UpdateDisableConfig                  0x0800206d   Thumb Code    24  stm32f10x_tim.o(.text)
    TIM_UpdateRequestConfig                  0x08002085   Thumb Code    24  stm32f10x_tim.o(.text)
    TIM_SelectHallSensor                     0x0800209d   Thumb Code    24  stm32f10x_tim.o(.text)
    TIM_SelectOnePulseMode                   0x080020b5   Thumb Code    18  stm32f10x_tim.o(.text)
    TIM_SelectOutputTrigger                  0x080020c7   Thumb Code    18  stm32f10x_tim.o(.text)
    TIM_SelectSlaveMode                      0x080020d9   Thumb Code    18  stm32f10x_tim.o(.text)
    TIM_SelectMasterSlaveMode                0x080020eb   Thumb Code    18  stm32f10x_tim.o(.text)
    TIM_SetCounter                           0x080020fd   Thumb Code     4  stm32f10x_tim.o(.text)
    TIM_SetAutoreload                        0x08002101   Thumb Code     4  stm32f10x_tim.o(.text)
    TIM_SetCompare1                          0x08002105   Thumb Code     4  stm32f10x_tim.o(.text)
    TIM_SetCompare2                          0x08002109   Thumb Code     4  stm32f10x_tim.o(.text)
    TIM_SetCompare3                          0x0800210d   Thumb Code     4  stm32f10x_tim.o(.text)
    TIM_SetCompare4                          0x08002111   Thumb Code     6  stm32f10x_tim.o(.text)
    TIM_SetClockDivision                     0x08002117   Thumb Code    18  stm32f10x_tim.o(.text)
    TIM_GetCapture1                          0x08002129   Thumb Code     6  stm32f10x_tim.o(.text)
    TIM_GetCapture2                          0x0800212f   Thumb Code     6  stm32f10x_tim.o(.text)
    TIM_GetCapture3                          0x08002135   Thumb Code     6  stm32f10x_tim.o(.text)
    TIM_GetCapture4                          0x0800213b   Thumb Code     8  stm32f10x_tim.o(.text)
    TIM_GetCounter                           0x08002143   Thumb Code     6  stm32f10x_tim.o(.text)
    TIM_GetPrescaler                         0x08002149   Thumb Code     6  stm32f10x_tim.o(.text)
    TIM_GetFlagStatus                        0x0800214f   Thumb Code    18  stm32f10x_tim.o(.text)
    TIM_ClearFlag                            0x08002161   Thumb Code     6  stm32f10x_tim.o(.text)
    TIM_GetITStatus                          0x08002167   Thumb Code    34  stm32f10x_tim.o(.text)
    TIM_ClearITPendingBit                    0x08002189   Thumb Code     6  stm32f10x_tim.o(.text)
    USART_DeInit                             0x08002191   Thumb Code   134  stm32f10x_usart.o(.text)
    USART_Init                               0x08002217   Thumb Code   210  stm32f10x_usart.o(.text)
    USART_StructInit                         0x080022e9   Thumb Code    24  stm32f10x_usart.o(.text)
    USART_ClockInit                          0x08002301   Thumb Code    34  stm32f10x_usart.o(.text)
    USART_ClockStructInit                    0x08002323   Thumb Code    12  stm32f10x_usart.o(.text)
    USART_Cmd                                0x0800232f   Thumb Code    24  stm32f10x_usart.o(.text)
    USART_ITConfig                           0x08002347   Thumb Code    74  stm32f10x_usart.o(.text)
    USART_DMACmd                             0x08002391   Thumb Code    18  stm32f10x_usart.o(.text)
    USART_SetAddress                         0x080023a3   Thumb Code    18  stm32f10x_usart.o(.text)
    USART_WakeUpConfig                       0x080023b5   Thumb Code    18  stm32f10x_usart.o(.text)
    USART_ReceiverWakeUpCmd                  0x080023c7   Thumb Code    24  stm32f10x_usart.o(.text)
    USART_LINBreakDetectLengthConfig         0x080023df   Thumb Code    18  stm32f10x_usart.o(.text)
    USART_LINCmd                             0x080023f1   Thumb Code    24  stm32f10x_usart.o(.text)
    USART_SendData                           0x08002409   Thumb Code     8  stm32f10x_usart.o(.text)
    USART_ReceiveData                        0x08002411   Thumb Code    10  stm32f10x_usart.o(.text)
    USART_SendBreak                          0x0800241b   Thumb Code    10  stm32f10x_usart.o(.text)
    USART_SetGuardTime                       0x08002425   Thumb Code    16  stm32f10x_usart.o(.text)
    USART_SetPrescaler                       0x08002435   Thumb Code    16  stm32f10x_usart.o(.text)
    USART_SmartCardCmd                       0x08002445   Thumb Code    24  stm32f10x_usart.o(.text)
    USART_SmartCardNACKCmd                   0x0800245d   Thumb Code    24  stm32f10x_usart.o(.text)
    USART_HalfDuplexCmd                      0x08002475   Thumb Code    24  stm32f10x_usart.o(.text)
    USART_OverSampling8Cmd                   0x0800248d   Thumb Code    22  stm32f10x_usart.o(.text)
    USART_OneBitMethodCmd                    0x080024a3   Thumb Code    24  stm32f10x_usart.o(.text)
    USART_IrDAConfig                         0x080024bb   Thumb Code    18  stm32f10x_usart.o(.text)
    USART_IrDACmd                            0x080024cd   Thumb Code    24  stm32f10x_usart.o(.text)
    USART_GetFlagStatus                      0x080024e5   Thumb Code    26  stm32f10x_usart.o(.text)
    USART_ClearFlag                          0x080024ff   Thumb Code    18  stm32f10x_usart.o(.text)
    USART_GetITStatus                        0x08002511   Thumb Code    84  stm32f10x_usart.o(.text)
    USART_ClearITPendingBit                  0x08002565   Thumb Code    52  stm32f10x_usart.o(.text)
    poll_uart3_fifo                          0x08002599   Thumb Code    76  main.o(.text)
    keyevent_detect                          0x080025e5   Thumb Code    32  main.o(.text)
    second_callback                          0x08002605   Thumb Code    74  main.o(.text)
    led_flash_callback                       0x0800264f   Thumb Code    50  main.o(.text)
    feed_watchdog_peroid                     0x08002681   Thumb Code    32  main.o(.text)
    sw_init                                  0x080026a1   Thumb Code   156  main.o(.text)
    key_gpioA_pin5_callback                  0x0800273d   Thumb Code   100  main.o(.text)
    printf_systemrccClocks                   0x080027a1   Thumb Code   138  main.o(.text)
    hw_init                                  0x0800282b   Thumb Code   114  main.o(.text)
    main                                     0x0800289d   Thumb Code    26  main.o(.text)
    usmart_test                              0x080028b7   Thumb Code    34  main.o(.text)
    test_put_msg                             0x080028d9   Thumb Code    42  main.o(.text)
    NMI_Handler                              0x08002ad9   Thumb Code     2  stm32f10x_it.o(.text)
    HardFault_Handler                        0x08002adb   Thumb Code     8  stm32f10x_it.o(.text)
    MemManage_Handler                        0x08002ae3   Thumb Code     4  stm32f10x_it.o(.text)
    BusFault_Handler                         0x08002ae7   Thumb Code     4  stm32f10x_it.o(.text)
    UsageFault_Handler                       0x08002aeb   Thumb Code     4  stm32f10x_it.o(.text)
    SVC_Handler                              0x08002aef   Thumb Code     2  stm32f10x_it.o(.text)
    DebugMon_Handler                         0x08002af1   Thumb Code     2  stm32f10x_it.o(.text)
    PendSV_Handler                           0x08002af3   Thumb Code     2  stm32f10x_it.o(.text)
    SysTick_Handler                          0x08002af5   Thumb Code    10  stm32f10x_it.o(.text)
    USART2_IRQHandler                        0x08002aff   Thumb Code    36  stm32f10x_it.o(.text)
    USART3_IRQHandler                        0x08002b23   Thumb Code    72  stm32f10x_it.o(.text)
    EXTI9_5_IRQHandler                       0x08002b6b   Thumb Code    60  stm32f10x_it.o(.text)
    interrupt_priority_init                  0x08002bd1   Thumb Code    12  delay.o(.text)
    delay_init                               0x08002bdd   Thumb Code    52  delay.o(.text)
    delay_us                                 0x08002c11   Thumb Code    56  delay.o(.text)
    delay_ms                                 0x08002c49   Thumb Code    56  delay.o(.text)
    led_off                                  0x08002c89   Thumb Code    30  hal_led.o(.text)
    led_gpio_init                            0x08002ca7   Thumb Code    50  hal_led.o(.text)
    led_on                                   0x08002cd9   Thumb Code    28  hal_led.o(.text)
    get_led_status                           0x08002cf5   Thumb Code    20  hal_led.o(.text)
    rfifo_init                               0x08002d11   Thumb Code    68  rfifo.o(.text)
    __rfifo_len                              0x08002d55   Thumb Code    12  rfifo.o(.text)
    __rfifo_get                              0x08002d61   Thumb Code   130  rfifo.o(.text)
    __rfifo_put                              0x08002de3   Thumb Code   144  rfifo.o(.text)
    rfifo_len                                0x08002e73   Thumb Code    18  rfifo.o(.text)
    rfifo_get                                0x08002e85   Thumb Code    28  rfifo.o(.text)
    rfifo_put                                0x08002ea1   Thumb Code    38  rfifo.o(.text)
    rfifo_clean                              0x08002ec7   Thumb Code    12  rfifo.o(.text)
    timer1_int_init                          0x08002f05   Thumb Code    88  timer.o(.text)
    TIM1_UP_IRQHandler                       0x08002f5d   Thumb Code    22  timer.o(.text)
    timer2_int_init                          0x08002f73   Thumb Code    88  timer.o(.text)
    TIM2_IRQHandler                          0x08002fcb   Thumb Code    22  timer.o(.text)
    timer3_int_init                          0x08002fe1   Thumb Code    88  timer.o(.text)
    TIM3_IRQHandler                          0x08003039   Thumb Code    42  timer.o(.text)
    timer4_int_init                          0x08003063   Thumb Code    90  timer.o(.text)
    TIM4_IRQHandler                          0x080030bd   Thumb Code    22  timer.o(.text)
    register_system_timer                    0x080030f3   Thumb Code   178  timer.o(.text)
    unregister_system_timer                  0x080031a5   Thumb Code    90  timer.o(.text)
    poll_system_timer                        0x080031ff   Thumb Code   242  timer.o(.text)
    init_system_timer                        0x080032f1   Thumb Code   208  timer.o(.text)
    click_n_double                           0x080033c1   Thumb Code   150  keydetect.o(.text)
    long_press                               0x08003457   Thumb Code    76  keydetect.o(.text)
    key_scan                                 0x080034a3   Thumb Code   130  keydetect.o(.text)
    register_key_event                       0x08003525   Thumb Code   252  keydetect.o(.text)
    INIT_LIST_HEAD                           0x0800368d   Thumb Code     6  list.o(.text)
    __list_add                               0x08003693   Thumb Code    10  list.o(.text)
    list_add                                 0x0800369d   Thumb Code    18  list.o(.text)
    list_add_tail                            0x080036af   Thumb Code    18  list.o(.text)
    __list_del                               0x080036c1   Thumb Code     6  list.o(.text)
    __list_del_entry                         0x080036c7   Thumb Code    14  list.o(.text)
    list_del                                 0x080036d5   Thumb Code    14  list.o(.text)
    list_move                                0x080036e3   Thumb Code    22  list.o(.text)
    list_move_tail                           0x080036f9   Thumb Code    22  list.o(.text)
    list_empty                               0x0800370f   Thumb Code    16  list.o(.text)
    RTC_Get_Week                             0x08003743   Thumb Code   116  rtc.o(.text)
    Is_Leap_Year                             0x080037b7   Thumb Code    58  rtc.o(.text)
    RTC_Get                                  0x080037f1   Thumb Code   240  rtc.o(.text)
    RTC_Set                                  0x080038e1   Thumb Code   184  rtc.o(.text)
    rtc_init                                 0x08003999   Thumb Code   218  rtc.o(.text)
    RTC_IRQHandler                           0x08003a73   Thumb Code    76  rtc.o(.text)
    RTC_Alarm_Set                            0x08003abf   Thumb Code   184  rtc.o(.text)
    usmart_strcmp                            0x08003bdd   Thumb Code    34  usmart_str.o(.text)
    usmart_strcopy                           0x08003bff   Thumb Code    22  usmart_str.o(.text)
    usmart_strlen                            0x08003c15   Thumb Code    24  usmart_str.o(.text)
    usmart_pow                               0x08003c2d   Thumb Code    22  usmart_str.o(.text)
    usmart_str2num                           0x08003c43   Thumb Code   202  usmart_str.o(.text)
    usmart_get_cmdname                       0x08003d0d   Thumb Code    54  usmart_str.o(.text)
    usmart_search_nextc                      0x08003d43   Thumb Code    22  usmart_str.o(.text)
    usmart_get_fname                         0x08003d59   Thumb Code   440  usmart_str.o(.text)
    usmart_get_aparm                         0x08003f11   Thumb Code   200  usmart_str.o(.text)
    usmart_get_parmpos                       0x08003fd9   Thumb Code    26  usmart_str.o(.text)
    usmart_get_fparam                        0x08003ff3   Thumb Code   262  usmart_str.o(.text)
    usmart_sys_cmd_exe                       0x08004105   Thumb Code   602  usmart.o(.text)
    usmart_reset_runtime                     0x0800435f   Thumb Code    38  usmart.o(.text)
    usmart_get_runtime                       0x08004385   Thumb Code   760  usmart.o(.text)
    usamrt_timer_callback                    0x0800467d   Thumb Code    34  usmart.o(.text)
    usmart_init                              0x0800469f   Thumb Code    28  usmart.o(.text)
    usmart_cmd_rec                           0x080046bb   Thumb Code   170  usmart.o(.text)
    usmart_exe                               0x08004765   Thumb Code   632  usmart.o(.text)
    usmart_scan                              0x080049dd   Thumb Code   120  usmart.o(.text)
    read_addr                                0x08004a55   Thumb Code     6  usmart.o(.text)
    write_addr                               0x08004a5b   Thumb Code     4  usmart.o(.text)
    uart_gpio_init                           0x08004b05   Thumb Code   152  uart.o(.text)
    uart_config                              0x08004b9d   Thumb Code   136  uart.o(.text)
    nvic_configuration                       0x08004c25   Thumb Code    60  uart.o(.text)
    uart2_send_char                          0x08004c61   Thumb Code    28  uart.o(.text)
    uart1_send_char                          0x08004c7d   Thumb Code    28  uart.o(.text)
    uart3_send_char                          0x08004c99   Thumb Code    28  uart.o(.text)
    uart3_send_string                        0x08004cb5   Thumb Code    30  uart.o(.text)
    uart2_send_string                        0x08004cd3   Thumb Code    30  uart.o(.text)
    uart1_send_string                        0x08004cf1   Thumb Code    30  uart.o(.text)
    USART1_IRQHandler                        0x08004d0f   Thumb Code   136  uart.o(.text)
    uarts_init                               0x08004d97   Thumb Code    16  uart.o(.text)
    fputc                                    0x08004da7   Thumb Code    32  uart.o(.text)
    watchdog_init                            0x08004de5   Thumb Code    44  wdg.o(.text)
    watchdog_feed                            0x08004e11   Thumb Code     8  wdg.o(.text)
    mymemcpy                                 0x08004e19   Thumb Code    26  malloc.o(.text)
    mymemset                                 0x08004e33   Thumb Code    20  malloc.o(.text)
    my_mem_init                              0x08004e47   Thumb Code    54  malloc.o(.text)
    my_mem_perused                           0x08004e7d   Thumb Code    54  malloc.o(.text)
    my_mem_malloc                            0x08004eb3   Thumb Code   154  malloc.o(.text)
    my_mem_free                              0x08004f4d   Thumb Code    94  malloc.o(.text)
    myfree                                   0x08004fab   Thumb Code    32  malloc.o(.text)
    mymalloc                                 0x08004fcb   Thumb Code    36  malloc.o(.text)
    myrealloc                                0x08004fef   Thumb Code    68  malloc.o(.text)
    make_message                             0x08005045   Thumb Code    92  message.o(.text)
    deliver_message                          0x080050a1   Thumb Code    30  message.o(.text)
    release_message                          0x080050bf   Thumb Code    82  message.o(.text)
    clean_message                            0x08005111   Thumb Code    62  message.o(.text)
    get_message                              0x0800514f   Thumb Code    38  message.o(.text)
    IIC_Init                                 0x080051b5   Thumb Code    36  ioi2c.o(.text)
    IIC_Start                                0x080051d9   Thumb Code    92  ioi2c.o(.text)
    IIC_Stop                                 0x08005235   Thumb Code    64  ioi2c.o(.text)
    IIC_Wait_Ack                             0x08005275   Thumb Code    92  ioi2c.o(.text)
    IIC_Ack                                  0x080052d1   Thumb Code    68  ioi2c.o(.text)
    IIC_NAck                                 0x08005315   Thumb Code    66  ioi2c.o(.text)
    IIC_Send_Byte                            0x08005357   Thumb Code    90  ioi2c.o(.text)
    i2cWrite                                 0x080053b1   Thumb Code    96  ioi2c.o(.text)
    IIC_Read_Byte                            0x08005411   Thumb Code   100  ioi2c.o(.text)
    i2cRead                                  0x08005475   Thumb Code   118  ioi2c.o(.text)
    I2C_ReadOneByte                          0x080054eb   Thumb Code    70  ioi2c.o(.text)
    IICreadBytes                             0x08005531   Thumb Code   116  ioi2c.o(.text)
    IICwriteBytes                            0x080055a5   Thumb Code    70  ioi2c.o(.text)
    IICreadByte                              0x080055eb   Thumb Code    22  ioi2c.o(.text)
    IICwriteByte                             0x08005601   Thumb Code    20  ioi2c.o(.text)
    IICwriteBits                             0x08005615   Thumb Code   106  ioi2c.o(.text)
    IICwriteBit                              0x0800567f   Thumb Code    64  ioi2c.o(.text)
    myabs                                    0x080056c1   Thumb Code    14  minibalance.o(.text)
    Set_Pwm                                  0x080056cf   Thumb Code   114  minibalance.o(.text)
    Turn_Off                                 0x08005741   Thumb Code    78  minibalance.o(.text)
    Put_Down                                 0x0800578f   Thumb Code   182  minibalance.o(.text)
    Pick_Up                                  0x08005845   Thumb Code   280  minibalance.o(.text)
    Xianfu_Pwm                               0x0800595d   Thumb Code    62  minibalance.o(.text)
    turn                                     0x0800599b   Thumb Code   524  minibalance.o(.text)
    velocity                                 0x08005ba7   Thumb Code   388  minibalance.o(.text)
    balance                                  0x08005d2b   Thumb Code    76  minibalance.o(.text)
    Get_Angle                                0x08005d77   Thumb Code   466  minibalance.o(.text)
    handle_remote_control                    0x08005f49   Thumb Code   632  minibalance.o(.text)
    poll_minibalance_core                    0x080061c1   Thumb Code   360  minibalance.o(.text)
    minibalance_motor_init                   0x08006329   Thumb Code    36  minibalance.o(.text)
    MiniBalance_PWM_Init                     0x0800634d   Thumb Code   184  minibalance.o(.text)
    poll_led_display                         0x08006405   Thumb Code   502  minibalance.o(.text)
    OLED_WR_Byte                             0x08006685   Thumb Code    78  oled.o(.text)
    OLED_Refresh_Gram                        0x080066d3   Thumb Code    70  oled.o(.text)
    OLED_Display_On                          0x08006719   Thumb Code    28  oled.o(.text)
    OLED_Display_Off                         0x08006735   Thumb Code    28  oled.o(.text)
    OLED_Clear                               0x08006751   Thumb Code    42  oled.o(.text)
    OLED_DrawPoint                           0x0800677b   Thumb Code   100  oled.o(.text)
    OLED_ShowChar                            0x080067df   Thumb Code   158  oled.o(.text)
    oled_pow                                 0x0800687d   Thumb Code    22  oled.o(.text)
    OLED_ShowNumber                          0x08006893   Thumb Code   148  oled.o(.text)
    OLED_ShowString                          0x08006927   Thumb Code    68  oled.o(.text)
    OLED_Init                                0x0800696b   Thumb Code   340  oled.o(.text)
    Adc_Init                                 0x08006ac1   Thumb Code   132  madc.o(.text)
    Get_Adc                                  0x08006b45   Thumb Code    46  madc.o(.text)
    Get_battery_volt                         0x08006b73   Thumb Code    88  madc.o(.text)
    MY_NVIC_SetVectorTable                   0x08006bf1   Thumb Code    12  sys.o(.text)
    MY_NVIC_PriorityGroupConfig              0x08006bfd   Thumb Code    36  sys.o(.text)
    MY_NVIC_Init                             0x08006c21   Thumb Code   116  sys.o(.text)
    Ex_NVIC_Config                           0x08006c95   Thumb Code   146  sys.o(.text)
    MYRCC_DeInit                             0x08006d27   Thumb Code    90  sys.o(.text)
    Sys_Standby                              0x08006d81   Thumb Code    68  sys.o(.text)
    Sys_Soft_Reset                           0x08006dc5   Thumb Code    12  sys.o(.text)
    jtag_set                                 0x08006dd1   Thumb Code    42  sys.o(.text)
    Stm32_Clock_Init                         0x08006dfb   Thumb Code   134  sys.o(.text)
    mpu_reg_dump                             0x08006f37   Thumb Code    72  inv_mpu.o(.text)
    mpu_read_reg                             0x08006f7f   Thumb Code    66  inv_mpu.o(.text)
    mpu_set_int_latched                      0x08006fc1   Thumb Code   102  inv_mpu.o(.text)
    mpu_set_sensors                          0x08007027   Thumb Code   202  inv_mpu.o(.text)
    mpu_set_bypass                           0x080070f1   Thumb Code   328  inv_mpu.o(.text)
    mpu_reset_fifo                           0x08007239   Thumb Code   444  inv_mpu.o(.text)
    mpu_configure_fifo                       0x080073f5   Thumb Code   106  inv_mpu.o(.text)
    mpu_set_lpf                              0x0800745f   Thumb Code   126  inv_mpu.o(.text)
    mpu_lp_accel_mode                        0x080074dd   Thumb Code   218  inv_mpu.o(.text)
    mpu_set_sample_rate                      0x080075b7   Thumb Code   152  inv_mpu.o(.text)
    mpu_set_accel_fsr                        0x0800764f   Thumb Code   132  inv_mpu.o(.text)
    mpu_set_gyro_fsr                         0x080076d3   Thumb Code   132  inv_mpu.o(.text)
    mpu_init                                 0x08007757   Thumb Code   416  inv_mpu.o(.text)
    myget_ms                                 0x080078f7   Thumb Code     2  inv_mpu.o(.text)
    mpu_get_gyro_reg                         0x080078f9   Thumb Code   110  inv_mpu.o(.text)
    mpu_get_accel_reg                        0x08007967   Thumb Code   110  inv_mpu.o(.text)
    mpu_get_temperature                      0x080079d5   Thumb Code   150  inv_mpu.o(.text)
    mpu_set_accel_bias                       0x08007a6b   Thumb Code   468  inv_mpu.o(.text)
    mpu_get_gyro_fsr                         0x08007c3f   Thumb Code    64  inv_mpu.o(.text)
    mpu_get_accel_fsr                        0x08007c7f   Thumb Code    72  inv_mpu.o(.text)
    mpu_get_lpf                              0x08007cc7   Thumb Code    74  inv_mpu.o(.text)
    mpu_get_sample_rate                      0x08007d11   Thumb Code    26  inv_mpu.o(.text)
    mpu_get_compass_sample_rate              0x08007d2b   Thumb Code    10  inv_mpu.o(.text)
    mpu_set_compass_sample_rate              0x08007d35   Thumb Code     8  inv_mpu.o(.text)
    mpu_get_gyro_sens                        0x08007d3d   Thumb Code    58  inv_mpu.o(.text)
    mpu_get_accel_sens                       0x08007d77   Thumb Code    78  inv_mpu.o(.text)
    mpu_get_fifo_config                      0x08007dc5   Thumb Code    12  inv_mpu.o(.text)
    mpu_get_power_state                      0x08007dd1   Thumb Code    22  inv_mpu.o(.text)
    mpu_get_int_status                       0x08007de7   Thumb Code    64  inv_mpu.o(.text)
    mpu_read_fifo                            0x08007e27   Thumb Code   520  inv_mpu.o(.text)
    mpu_read_fifo_stream                     0x0800802f   Thumb Code   186  inv_mpu.o(.text)
    mpu_set_int_level                        0x080080e9   Thumb Code    12  inv_mpu.o(.text)
    mpu_set_dmp_state                        0x080087c9   Thumb Code   138  inv_mpu.o(.text)
    mpu_run_self_test                        0x08008853   Thumb Code   278  inv_mpu.o(.text)
    mpu_write_mem                            0x08008969   Thumb Code   122  inv_mpu.o(.text)
    mpu_read_mem                             0x080089e3   Thumb Code   122  inv_mpu.o(.text)
    mpu_load_firmware                        0x08008a5d   Thumb Code   190  inv_mpu.o(.text)
    mpu_get_dmp_state                        0x08008b1b   Thumb Code    14  inv_mpu.o(.text)
    mpu_get_compass_reg                      0x08008b29   Thumb Code     8  inv_mpu.o(.text)
    mpu_get_compass_fsr                      0x08008b31   Thumb Code     8  inv_mpu.o(.text)
    mpu_lp_motion_interrupt                  0x08008b39   Thumb Code   512  inv_mpu.o(.text)
    dmp_load_motion_driver_firmware          0x08008d3d   Thumb Code    20  inv_mpu_dmp_motion_driver.o(.text)
    dmp_set_orientation                      0x08008d51   Thumb Code   290  inv_mpu_dmp_motion_driver.o(.text)
    dmp_set_gyro_bias                        0x08008e73   Thumb Code   294  inv_mpu_dmp_motion_driver.o(.text)
    dmp_set_accel_bias                       0x08008f99   Thumb Code   300  inv_mpu_dmp_motion_driver.o(.text)
    dmp_set_fifo_rate                        0x080090c5   Thumb Code   136  inv_mpu_dmp_motion_driver.o(.text)
    dmp_get_fifo_rate                        0x0800914d   Thumb Code    12  inv_mpu_dmp_motion_driver.o(.text)
    dmp_set_tap_thresh                       0x08009159   Thumb Code   396  inv_mpu_dmp_motion_driver.o(.text)
    dmp_set_tap_axes                         0x080092e5   Thumb Code    70  inv_mpu_dmp_motion_driver.o(.text)
    dmp_set_tap_count                        0x0800932b   Thumb Code    38  inv_mpu_dmp_motion_driver.o(.text)
    dmp_set_tap_time                         0x08009351   Thumb Code    38  inv_mpu_dmp_motion_driver.o(.text)
    dmp_set_tap_time_multi                   0x08009377   Thumb Code    38  inv_mpu_dmp_motion_driver.o(.text)
    dmp_set_shake_reject_thresh              0x0800939d   Thumb Code    56  inv_mpu_dmp_motion_driver.o(.text)
    dmp_set_shake_reject_time                0x080093d5   Thumb Code    38  inv_mpu_dmp_motion_driver.o(.text)
    dmp_set_shake_reject_timeout             0x080093fb   Thumb Code    38  inv_mpu_dmp_motion_driver.o(.text)
    dmp_get_pedometer_step_count             0x08009421   Thumb Code    66  inv_mpu_dmp_motion_driver.o(.text)
    dmp_set_pedometer_step_count             0x08009463   Thumb Code    42  inv_mpu_dmp_motion_driver.o(.text)
    dmp_get_pedometer_walk_time              0x0800948d   Thumb Code    72  inv_mpu_dmp_motion_driver.o(.text)
    dmp_set_pedometer_walk_time              0x080094d5   Thumb Code    48  inv_mpu_dmp_motion_driver.o(.text)
    dmp_enable_6x_lp_quat                    0x08009505   Thumb Code    84  inv_mpu_dmp_motion_driver.o(.text)
    dmp_enable_lp_quat                       0x08009559   Thumb Code    60  inv_mpu_dmp_motion_driver.o(.text)
    dmp_enable_gyro_cal                      0x08009595   Thumb Code    62  inv_mpu_dmp_motion_driver.o(.text)
    dmp_enable_feature                       0x080095d3   Thumb Code   530  inv_mpu_dmp_motion_driver.o(.text)
    dmp_get_enabled_features                 0x080097e5   Thumb Code    12  inv_mpu_dmp_motion_driver.o(.text)
    dmp_set_interrupt_mode                   0x0800984f   Thumb Code    66  inv_mpu_dmp_motion_driver.o(.text)
    dmp_read_fifo                            0x08009891   Thumb Code   514  inv_mpu_dmp_motion_driver.o(.text)
    dmp_register_tap_cb                      0x08009a93   Thumb Code    10  inv_mpu_dmp_motion_driver.o(.text)
    dmp_register_android_orient_cb           0x08009a9d   Thumb Code    10  inv_mpu_dmp_motion_driver.o(.text)
    Kalman_Filter                            0x08009aad   Thumb Code   558  filter.o(.text)
    Yijielvbo                                0x08009cdb   Thumb Code   132  filter.o(.text)
    MPU6050_newValues                        0x08009ec1   Thumb Code   494  mpu6050.o(.text)
    MPU6050_setClockSource                   0x0800a0af   Thumb Code    20  mpu6050.o(.text)
    MPU6050_setFullScaleGyroRange            0x0800a0c3   Thumb Code    20  mpu6050.o(.text)
    MPU6050_setFullScaleAccelRange           0x0800a0d7   Thumb Code    20  mpu6050.o(.text)
    MPU6050_setSleepEnabled                  0x0800a0eb   Thumb Code    18  mpu6050.o(.text)
    MPU6050_getDeviceID                      0x0800a0fd   Thumb Code    20  mpu6050.o(.text)
    MPU6050_testConnection                   0x0800a111   Thumb Code    18  mpu6050.o(.text)
    MPU6050_setI2CMasterModeEnabled          0x0800a123   Thumb Code    18  mpu6050.o(.text)
    MPU6050_setI2CBypassEnabled              0x0800a135   Thumb Code    18  mpu6050.o(.text)
    MPU6050_initialize                       0x0800a147   Thumb Code    40  mpu6050.o(.text)
    DMP_Init                                 0x0800a16f   Thumb Code   194  mpu6050.o(.text)
    Read_DMP                                 0x0800a231   Thumb Code   950  mpu6050.o(.text)
    Read_Temperature                         0x0800a5e7   Thumb Code   110  mpu6050.o(.text)
    Encoder_Init_TIM2                        0x0800a685   Thumb Code   186  encoder.o(.text)
    Encoder_Init_TIM4                        0x0800a73f   Thumb Code   224  encoder.o(.text)
    Read_Encoder                             0x0800a81f   Thumb Code    74  encoder.o(.text)
    __aeabi_ldivmod                          0x0800a87d   Thumb Code    90  ldiv.o(.text)
    __aeabi_memcpy                           0x0800a8d7   Thumb Code    36  memcpya.o(.text)
    __aeabi_memcpy4                          0x0800a8d7   Thumb Code     0  memcpya.o(.text)
    __aeabi_memcpy8                          0x0800a8d7   Thumb Code     0  memcpya.o(.text)
    __aeabi_memset                           0x0800a8fb   Thumb Code    14  memseta.o(.text)
    __aeabi_memset4                          0x0800a8fb   Thumb Code     0  memseta.o(.text)
    __aeabi_memset8                          0x0800a8fb   Thumb Code     0  memseta.o(.text)
    __aeabi_memclr                           0x0800a909   Thumb Code     4  memseta.o(.text)
    __aeabi_memclr4                          0x0800a909   Thumb Code     0  memseta.o(.text)
    __aeabi_memclr8                          0x0800a909   Thumb Code     0  memseta.o(.text)
    _memset$wrapper                          0x0800a90d   Thumb Code    18  memseta.o(.text)
    strlen                                   0x0800a91f   Thumb Code    14  strlen.o(.text)
    memcmp                                   0x0800a92d   Thumb Code    26  memcmp.o(.text)
    __aeabi_fadd                             0x0800a947   Thumb Code   164  fadd.o(.text)
    __aeabi_fsub                             0x0800a9eb   Thumb Code     6  fadd.o(.text)
    __aeabi_frsub                            0x0800a9f1   Thumb Code     6  fadd.o(.text)
    __aeabi_fmul                             0x0800a9f7   Thumb Code   100  fmul.o(.text)
    __aeabi_fdiv                             0x0800aa5b   Thumb Code   124  fdiv.o(.text)
    __aeabi_dadd                             0x0800aad7   Thumb Code   322  dadd.o(.text)
    __aeabi_dsub                             0x0800ac19   Thumb Code     6  dadd.o(.text)
    __aeabi_drsub                            0x0800ac1f   Thumb Code     6  dadd.o(.text)
    __aeabi_dmul                             0x0800ac25   Thumb Code   228  dmul.o(.text)
    __aeabi_ddiv                             0x0800ad09   Thumb Code   222  ddiv.o(.text)
    __aeabi_i2f                              0x0800ade7   Thumb Code    18  fflti.o(.text)
    __aeabi_ui2f                             0x0800adf9   Thumb Code    10  ffltui.o(.text)
    __aeabi_ui2d                             0x0800ae03   Thumb Code    26  dfltui.o(.text)
    __aeabi_f2iz                             0x0800ae1d   Thumb Code    50  ffixi.o(.text)
    __aeabi_f2uiz                            0x0800ae4f   Thumb Code    40  ffixui.o(.text)
    __aeabi_d2iz                             0x0800ae77   Thumb Code    62  dfixi.o(.text)
    __aeabi_f2d                              0x0800aeb5   Thumb Code    38  f2d.o(.text)
    __aeabi_cdcmpeq                          0x0800aedd   Thumb Code     0  cdcmple.o(.text)
    __aeabi_cdcmple                          0x0800aedd   Thumb Code    38  cdcmple.o(.text)
    __aeabi_cdrcmple                         0x0800af05   Thumb Code    38  cdrcmple.o(.text)
    __aeabi_d2f                              0x0800af2d   Thumb Code    56  d2f.o(.text)
    __aeabi_cfcmpeq                          0x0800af65   Thumb Code     0  cfcmple.o(.text)
    __aeabi_cfcmple                          0x0800af65   Thumb Code    20  cfcmple.o(.text)
    __aeabi_cfrcmple                         0x0800af79   Thumb Code    20  cfrcmple.o(.text)
    __aeabi_uidiv                            0x0800af8d   Thumb Code     0  uidiv.o(.text)
    __aeabi_uidivmod                         0x0800af8d   Thumb Code    44  uidiv.o(.text)
    __aeabi_uldivmod                         0x0800afb9   Thumb Code    98  uldiv.o(.text)
    __aeabi_llsl                             0x0800b01b   Thumb Code    30  llshl.o(.text)
    _ll_shift_l                              0x0800b01b   Thumb Code     0  llshl.o(.text)
    __aeabi_llsr                             0x0800b039   Thumb Code    32  llushr.o(.text)
    _ll_ushift_r                             0x0800b039   Thumb Code     0  llushr.o(.text)
    __aeabi_lasr                             0x0800b059   Thumb Code    36  llsshr.o(.text)
    _ll_sshift_r                             0x0800b059   Thumb Code     0  llsshr.o(.text)
    __I$use$fp                               0x0800b07d   Thumb Code     0  iusefp.o(.text)
    _float_round                             0x0800b07d   Thumb Code    18  fepilogue.o(.text)
    _float_epilogue                          0x0800b08f   Thumb Code    92  fepilogue.o(.text)
    _double_round                            0x0800b0eb   Thumb Code    26  depilogue.o(.text)
    _double_epilogue                         0x0800b105   Thumb Code   156  depilogue.o(.text)
    __ARM_scalbn                             0x0800b1a1   Thumb Code    46  dscalb.o(.text)
    scalbn                                   0x0800b1a1   Thumb Code     0  dscalb.o(.text)
    __aeabi_d2ulz                            0x0800b1cf   Thumb Code    48  dfixul.o(.text)
    __scatterload                            0x0800b201   Thumb Code    28  init.o(.text)
    __scatterload_rt2                        0x0800b201   Thumb Code     0  init.o(.text)
    _dsqrt                                   0x0800b225   Thumb Code   162  dsqrt.o(.text)
    __decompress                             0x0800b2c7   Thumb Code     0  __dczerorl2.o(.text)
    __decompress1                            0x0800b2c7   Thumb Code    86  __dczerorl2.o(.text)
    __0printf                                0x0800b31d   Thumb Code    22  printfa.o(i.__0printf)
    __1printf                                0x0800b31d   Thumb Code     0  printfa.o(i.__0printf)
    __2printf                                0x0800b31d   Thumb Code     0  printfa.o(i.__0printf)
    __c89printf                              0x0800b31d   Thumb Code     0  printfa.o(i.__0printf)
    printf                                   0x0800b31d   Thumb Code     0  printfa.o(i.__0printf)
    __0snprintf                              0x0800b33d   Thumb Code    36  printfa.o(i.__0snprintf)
    __1snprintf                              0x0800b33d   Thumb Code     0  printfa.o(i.__0snprintf)
    __2snprintf                              0x0800b33d   Thumb Code     0  printfa.o(i.__0snprintf)
    __c89snprintf                            0x0800b33d   Thumb Code     0  printfa.o(i.__0snprintf)
    snprintf                                 0x0800b33d   Thumb Code     0  printfa.o(i.__0snprintf)
    __ARM_fpclassify                         0x0800b365   Thumb Code    40  fpclassify.o(i.__ARM_fpclassify)
    __kernel_poly                            0x0800b38d   Thumb Code   170  poly.o(i.__kernel_poly)
    __mathlib_dbl_underflow                  0x0800b439   Thumb Code    10  dunder.o(i.__mathlib_dbl_underflow)
    __scatterload_copy                       0x0800b449   Thumb Code    14  handlers.o(i.__scatterload_copy)
    __scatterload_null                       0x0800b457   Thumb Code     2  handlers.o(i.__scatterload_null)
    __scatterload_zeroinit                   0x0800b459   Thumb Code    14  handlers.o(i.__scatterload_zeroinit)
    __set_errno                              0x0800b469   Thumb Code     6  errno.o(i.__set_errno)
    asin                                     0x0800bd1d   Thumb Code   584  asin.o(i.asin)
    atan                                     0x0800bf99   Thumb Code   478  atan.o(i.atan)
    atan2                                    0x0800c1bd   Thumb Code   346  atan2.o(i.atan2)
    sqrt                                     0x0800c33d   Thumb Code    76  sqrt.o(i.sqrt)
    table_week                               0x0800c3fd   Data          12  rtc.o(.constdata)
    mon_table                                0x0800c409   Data          12  rtc.o(.constdata)
    memtblsize                               0x0800c420   Data           8  malloc.o(.constdata)
    memblksize                               0x0800c428   Data           8  malloc.o(.constdata)
    memsize                                  0x0800c430   Data           8  malloc.o(.constdata)
    oled_asc2_1206                           0x0800c44d   Data        1140  oled.o(.constdata)
    oled_asc2_1608                           0x0800c8c1   Data        1520  oled.o(.constdata)
    hw                                       0x0800ceb4   Data          12  inv_mpu.o(.constdata)
    reg                                      0x0800cec0   Data          27  inv_mpu.o(.constdata)
    test                                     0x0800cedc   Data          40  inv_mpu.o(.constdata)
    __mathlib_zero                           0x0800dbe8   Data           8  qnan.o(.constdata)
    Region$$Table$$Base                      0x0800dda8   Number         0  anon$$obj.o(Region$$Table)
    Region$$Table$$Limit                     0x0800ddc8   Number         0  anon$$obj.o(Region$$Table)
    SystemCoreClock                          0x20000000   Data           4  system_stm32f10x.o(.data)
    AHBPrescTable                            0x20000004   Data          16  system_stm32f10x.o(.data)
    SystemTimeCount                          0x20000028   Data           4  main.o(.data)
    timer1                                   0x2000002c   Data           4  main.o(.data)
    wdTimer                                  0x20000030   Data           4  main.o(.data)
    miniTimer                                0x20000034   Data           4  main.o(.data)
    timerTest                                0x20000038   Data           4  main.o(.data)
    led1Status                               0x2000004c   Data           1  hal_led.o(.data)
    testCount                                0x20000050   Data           4  timer.o(.data)
    sysTimerTick                             0x20000054   Data           4  timer.o(.data)
    keyEventTotal                            0x20000064   Data           4  keydetect.o(.data)
    usmart_nametab                           0x2000006c   Data          48  usmart_config.o(.data)
    usmart_dev                               0x2000009c   Data         244  usmart_config.o(.data)
    USART_RX_STA                             0x20000190   Data           2  usmart.o(.data)
    sys_cmd_tab                              0x20000194   Data          28  usmart.o(.data)
    mallco_dev                               0x200001b0   Data          28  malloc.o(.data)
    Way_Angle                                0x200001cc   Data           1  minibalance.o(.data)
    Flag_Qian                                0x200001cd   Data           1  minibalance.o(.data)
    Flag_Hou                                 0x200001ce   Data           1  minibalance.o(.data)
    Flag_Left                                0x200001cf   Data           1  minibalance.o(.data)
    Flag_Right                               0x200001d0   Data           1  minibalance.o(.data)
    Flag_sudu                                0x200001d1   Data           1  minibalance.o(.data)
    irq_qian                                 0x200001d2   Data           1  minibalance.o(.data)
    irq_hou                                  0x200001d3   Data           1  minibalance.o(.data)
    irq_left                                 0x200001d4   Data           1  minibalance.o(.data)
    irq_right                                0x200001d5   Data           1  minibalance.o(.data)
    irq_sudu                                 0x200001d6   Data           1  minibalance.o(.data)
    Flag_Stop                                0x200001d7   Data           1  minibalance.o(.data)
    Flag_Show                                0x200001d8   Data           1  minibalance.o(.data)
    Encoder_Left                             0x200001dc   Data           4  minibalance.o(.data)
    Encoder_Right                            0x200001e0   Data           4  minibalance.o(.data)
    Encoder_Left_total                       0x200001e4   Data           4  minibalance.o(.data)
    Encoder_Right_total                      0x200001e8   Data           4  minibalance.o(.data)
    Moto1                                    0x200001ec   Data           4  minibalance.o(.data)
    Moto2                                    0x200001f0   Data           4  minibalance.o(.data)
    Temperature                              0x200001f4   Data           4  minibalance.o(.data)
    Voltage                                  0x200001f8   Data           4  minibalance.o(.data)
    Angle_Balance                            0x200001fc   Data           4  minibalance.o(.data)
    Gyro_Balance                             0x20000200   Data           4  minibalance.o(.data)
    Gyro_Turn                                0x20000204   Data           4  minibalance.o(.data)
    Show_Data_Mb                             0x20000208   Data           4  minibalance.o(.data)
    Distance                                 0x2000020c   Data           4  minibalance.o(.data)
    delay_50                                 0x20000210   Data           1  minibalance.o(.data)
    delay_flag                               0x20000211   Data           1  minibalance.o(.data)
    Bi_zhang                                 0x20000212   Data           1  minibalance.o(.data)
    Acceleration_Z                           0x20000214   Data           4  minibalance.o(.data)
    testGyro_Y                               0x20000218   Data           4  minibalance.o(.data)
    Balance_Pwm                              0x2000021c   Data           4  minibalance.o(.data)
    Velocity_Pwm                             0x20000220   Data           4  minibalance.o(.data)
    Turn_Pwm                                 0x20000224   Data           4  minibalance.o(.data)
    Flag_Target                              0x20000228   Data           1  minibalance.o(.data)
    mTurnKp                                  0x2000022c   Data           4  minibalance.o(.data)
    mTurnKd                                  0x20000230   Data           4  minibalance.o(.data)
    kp0                                      0x20000238   Data           4  minibalance.o(.data)
    kd0                                      0x2000023c   Data           4  minibalance.o(.data)
    mVelocityAdd                             0x20000240   Data           4  minibalance.o(.data)
    K1                                       0x200002b0   Data           4  filter.o(.data)
    angle                                    0x200002b4   Data           4  filter.o(.data)
    angle_dot                                0x200002b8   Data           4  filter.o(.data)
    Q_angle                                  0x200002bc   Data           4  filter.o(.data)
    Q_gyro                                   0x200002c0   Data           4  filter.o(.data)
    R_angle                                  0x200002c4   Data           4  filter.o(.data)
    dt                                       0x200002c8   Data           4  filter.o(.data)
    C_0                                      0x200002cc   Data           1  filter.o(.data)
    Q_bias                                   0x200002d0   Data           4  filter.o(.data)
    Angle_err                                0x200002d4   Data           4  filter.o(.data)
    PCt_0                                    0x200002d8   Data           4  filter.o(.data)
    PCt_1                                    0x200002dc   Data           4  filter.o(.data)
    E                                        0x200002e0   Data           4  filter.o(.data)
    K_0                                      0x200002e4   Data           4  filter.o(.data)
    K_1                                      0x200002e8   Data           4  filter.o(.data)
    t_0                                      0x200002ec   Data           4  filter.o(.data)
    t_1                                      0x200002f0   Data           4  filter.o(.data)
    PP                                       0x200002f4   Data          16  filter.o(.data)
    gyro                                     0x20000304   Data           6  mpu6050.o(.data)
    accel                                    0x2000030a   Data           6  mpu6050.o(.data)
    sensors                                  0x20000310   Data           2  mpu6050.o(.data)
    Pitch                                    0x20000314   Data           4  mpu6050.o(.data)
    Roll                                     0x20000318   Data           4  mpu6050.o(.data)
    Yaw                                      0x2000031c   Data           4  mpu6050.o(.data)
    q0                                       0x20000320   Data           4  mpu6050.o(.data)
    q1                                       0x20000324   Data           4  mpu6050.o(.data)
    q2                                       0x20000328   Data           4  mpu6050.o(.data)
    q3                                       0x2000032c   Data           4  mpu6050.o(.data)
    Gx_offset                                0x2000033a   Data           2  mpu6050.o(.data)
    Gy_offset                                0x2000033c   Data           2  mpu6050.o(.data)
    Gz_offset                                0x2000033e   Data           2  mpu6050.o(.data)
    __stdout                                 0x20000340   Data           4  stdout.o(.data)
    uart3fifo                                0x20000348   Data         536  main.o(.bss)
    keyEvent                                 0x20000920   Data         280  keydetect.o(.bss)
    calendar                                 0x20000a38   Data          10  rtc.o(.bss)
    USART_RX_BUF                             0x20000a42   Data         200  usmart.o(.bss)
    mem1base                                 0x20000b20   Data       10240  malloc.o(.bss)
    mem1mapbase                              0x20003320   Data         640  malloc.o(.bss)
    OLED_GRAM                                0x200035a0   Data        1024  oled.o(.bss)
    Pdot                                     0x200039b0   Data          16  filter.o(.bss)
    buffer                                   0x200039c0   Data          14  mpu6050.o(.bss)
    MPU6050_FIFO                             0x200039ce   Data         132  mpu6050.o(.bss)
    __initial_sp                             0x20003e58   Data           0  startup_stm32f10x_md.o(STACK)
    mem2base                                 0x68000000   Data          32  malloc.o(.ARM.__AT_0x68000000)
    mem2mapbase                              0x68000020   Data           2  malloc.o(.ARM.__AT_0x68000020)



==============================================================================

Memory Map of the image

  Image Entry point : 0x08000111

  Load Region LR_1 (Base: 0x08000000, Size: 0x0000e110, Max: 0xffffffff, ABSOLUTE, COMPRESSED[0x0000de98])

    Execution Region ER_RO (Base: 0x08000000, Size: 0x0000ddc8, Max: 0xffffffff, ABSOLUTE)

    Base Addr    Size         Type   Attr      Idx    E Section Name        Object

    0x08000000   0x000000ec   Data   RO            3    RESET               startup_stm32f10x_md.o
    0x080000ec   0x00000000   Code   RO         1131  * .ARM.Collect$$$$00000000  mc_w.l(entry.o)
    0x080000ec   0x00000004   Code   RO         1468    .ARM.Collect$$$$00000001  mc_w.l(entry2.o)
    0x080000f0   0x00000004   Code   RO         1471    .ARM.Collect$$$$00000004  mc_w.l(entry5.o)
    0x080000f4   0x00000000   Code   RO         1473    .ARM.Collect$$$$00000008  mc_w.l(entry7b.o)
    0x080000f4   0x00000000   Code   RO         1475    .ARM.Collect$$$$0000000A  mc_w.l(entry8b.o)
    0x080000f4   0x00000008   Code   RO         1476    .ARM.Collect$$$$0000000B  mc_w.l(entry9a.o)
    0x080000fc   0x00000000   Code   RO         1478    .ARM.Collect$$$$0000000D  mc_w.l(entry10a.o)
    0x080000fc   0x00000000   Code   RO         1480    .ARM.Collect$$$$0000000F  mc_w.l(entry11a.o)
    0x080000fc   0x00000004   Code   RO         1469    .ARM.Collect$$$$00002712  mc_w.l(entry2.o)
    0x08000100   0x00000002   Code   RO          536    .emb_text           stm32f10x_it.o
    0x08000102   0x00000002   PAD
    0x08000104   0x0000000c   Code   RO          985    .emb_text           sys.o
    0x08000110   0x00000024   Code   RO            4  * .text               startup_stm32f10x_md.o
    0x08000134   0x000001e0   Code   RO           24    .text               system_stm32f10x.o
    0x08000314   0x000000dc   Code   RO          121    .text               misc.o
    0x080003f0   0x0000044e   Code   RO          137    .text               stm32f10x_adc.o
    0x0800083e   0x00000002   PAD
    0x08000840   0x000000c4   Code   RO          149    .text               stm32f10x_bkp.o
    0x08000904   0x0000011c   Code   RO          233    .text               stm32f10x_exti.o
    0x08000a20   0x0000035c   Code   RO          269    .text               stm32f10x_gpio.o
    0x08000d7c   0x00000040   Code   RO          293    .text               stm32f10x_iwdg.o
    0x08000dbc   0x000000cc   Code   RO          305    .text               stm32f10x_pwr.o
    0x08000e88   0x000003a4   Code   RO          317    .text               stm32f10x_rcc.o
    0x0800122c   0x00000148   Code   RO          331    .text               stm32f10x_rtc.o
    0x08001374   0x00000e1a   Code   RO          367    .text               stm32f10x_tim.o
    0x0800218e   0x00000002   PAD
    0x08002190   0x00000408   Code   RO          379    .text               stm32f10x_usart.o
    0x08002598   0x00000540   Code   RO          403    .text               main.o
    0x08002ad8   0x000000f8   Code   RO          537    .text               stm32f10x_it.o
    0x08002bd0   0x000000b8   Code   RO          572    .text               delay.o
    0x08002c88   0x00000088   Code   RO          605    .text               hal_led.o
    0x08002d10   0x000001f4   Code   RO          668    .text               rfifo.o
    0x08002f04   0x000004bc   Code   RO          680    .text               timer.o
    0x080033c0   0x000002cc   Code   RO          708    .text               keydetect.o
    0x0800368c   0x00000092   Code   RO          725    .text               list.o
    0x0800371e   0x00000002   PAD
    0x08003720   0x000004bc   Code   RO          758    .text               rtc.o
    0x08003bdc   0x00000528   Code   RO          778    .text               usmart_str.o
    0x08004104   0x00000a00   Code   RO          804    .text               usmart.o
    0x08004b04   0x000002e0   Code   RO          825    .text               uart.o
    0x08004de4   0x00000034   Code   RO          837    .text               wdg.o
    0x08004e18   0x0000022c   Code   RO          861    .text               malloc.o
    0x08005044   0x00000170   Code   RO          883    .text               message.o
    0x080051b4   0x0000050a   Code   RO          896    .text               ioi2c.o
    0x080056be   0x00000002   PAD
    0x080056c0   0x00000fc4   Code   RO          911    .text               minibalance.o
    0x08006684   0x0000043a   Code   RO          954    .text               oled.o
    0x08006abe   0x00000002   PAD
    0x08006ac0   0x00000130   Code   RO          973    .text               madc.o
    0x08006bf0   0x000002bc   Code   RO          986    .text               sys.o
    0x08006eac   0x00001e90   Code   RO         1019    .text               inv_mpu.o
    0x08008d3c   0x00000d70   Code   RO         1043    .text               inv_mpu_dmp_motion_driver.o
    0x08009aac   0x00000308   Code   RO         1058    .text               filter.o
    0x08009db4   0x000008d0   Code   RO         1077    .text               mpu6050.o
    0x0800a684   0x000001f8   Code   RO         1101    .text               encoder.o
    0x0800a87c   0x0000005a   Code   RO         1134    .text               mc_w.l(ldiv.o)
    0x0800a8d6   0x00000024   Code   RO         1136    .text               mc_w.l(memcpya.o)
    0x0800a8fa   0x00000024   Code   RO         1138    .text               mc_w.l(memseta.o)
    0x0800a91e   0x0000000e   Code   RO         1140    .text               mc_w.l(strlen.o)
    0x0800a92c   0x0000001a   Code   RO         1142    .text               mc_w.l(memcmp.o)
    0x0800a946   0x000000b0   Code   RO         1407    .text               mf_w.l(fadd.o)
    0x0800a9f6   0x00000064   Code   RO         1409    .text               mf_w.l(fmul.o)
    0x0800aa5a   0x0000007c   Code   RO         1411    .text               mf_w.l(fdiv.o)
    0x0800aad6   0x0000014e   Code   RO         1413    .text               mf_w.l(dadd.o)
    0x0800ac24   0x000000e4   Code   RO         1415    .text               mf_w.l(dmul.o)
    0x0800ad08   0x000000de   Code   RO         1417    .text               mf_w.l(ddiv.o)
    0x0800ade6   0x00000012   Code   RO         1419    .text               mf_w.l(fflti.o)
    0x0800adf8   0x0000000a   Code   RO         1421    .text               mf_w.l(ffltui.o)
    0x0800ae02   0x0000001a   Code   RO         1423    .text               mf_w.l(dfltui.o)
    0x0800ae1c   0x00000032   Code   RO         1425    .text               mf_w.l(ffixi.o)
    0x0800ae4e   0x00000028   Code   RO         1427    .text               mf_w.l(ffixui.o)
    0x0800ae76   0x0000003e   Code   RO         1429    .text               mf_w.l(dfixi.o)
    0x0800aeb4   0x00000026   Code   RO         1431    .text               mf_w.l(f2d.o)
    0x0800aeda   0x00000002   PAD
    0x0800aedc   0x00000028   Code   RO         1433    .text               mf_w.l(cdcmple.o)
    0x0800af04   0x00000028   Code   RO         1435    .text               mf_w.l(cdrcmple.o)
    0x0800af2c   0x00000038   Code   RO         1437    .text               mf_w.l(d2f.o)
    0x0800af64   0x00000014   Code   RO         1439    .text               mf_w.l(cfcmple.o)
    0x0800af78   0x00000014   Code   RO         1441    .text               mf_w.l(cfrcmple.o)
    0x0800af8c   0x0000002c   Code   RO         1483    .text               mc_w.l(uidiv.o)
    0x0800afb8   0x00000062   Code   RO         1485    .text               mc_w.l(uldiv.o)
    0x0800b01a   0x0000001e   Code   RO         1487    .text               mc_w.l(llshl.o)
    0x0800b038   0x00000020   Code   RO         1489    .text               mc_w.l(llushr.o)
    0x0800b058   0x00000024   Code   RO         1491    .text               mc_w.l(llsshr.o)
    0x0800b07c   0x00000000   Code   RO         1500    .text               mc_w.l(iusefp.o)
    0x0800b07c   0x0000006e   Code   RO         1501    .text               mf_w.l(fepilogue.o)
    0x0800b0ea   0x000000b6   Code   RO         1503    .text               mf_w.l(depilogue.o)
    0x0800b1a0   0x0000002e   Code   RO         1505    .text               mf_w.l(dscalb.o)
    0x0800b1ce   0x00000030   Code   RO         1507    .text               mf_w.l(dfixul.o)
    0x0800b1fe   0x00000002   PAD
    0x0800b200   0x00000024   Code   RO         1509    .text               mc_w.l(init.o)
    0x0800b224   0x000000a2   Code   RO         1511    .text               mf_w.l(dsqrt.o)
    0x0800b2c6   0x00000056   Code   RO         1521    .text               mc_w.l(__dczerorl2.o)
    0x0800b31c   0x00000020   Code   RO         1379    i.__0printf         mc_w.l(printfa.o)
    0x0800b33c   0x00000028   Code   RO         1380    i.__0snprintf       mc_w.l(printfa.o)
    0x0800b364   0x00000028   Code   RO         1455    i.__ARM_fpclassify  m_ws.l(fpclassify.o)
    0x0800b38c   0x000000aa   Code   RO         1457    i.__kernel_poly     m_ws.l(poly.o)
    0x0800b436   0x00000002   PAD
    0x0800b438   0x00000010   Code   RO         1453    i.__mathlib_dbl_underflow  m_ws.l(dunder.o)
    0x0800b448   0x0000000e   Code   RO         1515    i.__scatterload_copy  mc_w.l(handlers.o)
    0x0800b456   0x00000002   Code   RO         1516    i.__scatterload_null  mc_w.l(handlers.o)
    0x0800b458   0x0000000e   Code   RO         1517    i.__scatterload_zeroinit  mc_w.l(handlers.o)
    0x0800b466   0x00000002   PAD
    0x0800b468   0x0000000c   Code   RO         1495    i.__set_errno       mc_w.l(errno.o)
    0x0800b474   0x00000164   Code   RO         1386    i._fp_digits        mc_w.l(printfa.o)
    0x0800b5d8   0x000006dc   Code   RO         1387    i._printf_core      mc_w.l(printfa.o)
    0x0800bcb4   0x00000024   Code   RO         1388    i._printf_post_padding  mc_w.l(printfa.o)
    0x0800bcd8   0x0000002e   Code   RO         1389    i._printf_pre_padding  mc_w.l(printfa.o)
    0x0800bd06   0x00000016   Code   RO         1390    i._snputc           mc_w.l(printfa.o)
    0x0800bd1c   0x0000027c   Code   RO         1114    i.asin              m_ws.l(asin.o)
    0x0800bf98   0x00000224   Code   RO         1444    i.atan              m_ws.l(atan.o)
    0x0800c1bc   0x00000180   Code   RO         1124    i.atan2             m_ws.l(atan2.o)
    0x0800c33c   0x0000004c   Code   RO         1461    i.sqrt              m_ws.l(sqrt.o)
    0x0800c388   0x00000034   Data   RO          405    .constdata          main.o
    0x0800c3bc   0x0000002e   Data   RO          682    .constdata          timer.o
    0x0800c3ea   0x00000013   Data   RO          710    .constdata          keydetect.o
    0x0800c3fd   0x00000021   Data   RO          760    .constdata          rtc.o
    0x0800c41e   0x00000002   PAD
    0x0800c420   0x00000018   Data   RO          865    .constdata          malloc.o
    0x0800c438   0x0000000d   Data   RO          884    .constdata          message.o
    0x0800c445   0x00000008   Data   RO          912    .constdata          minibalance.o
    0x0800c44d   0x00000a64   Data   RO          956    .constdata          oled.o
    0x0800ceb1   0x00000003   PAD
    0x0800ceb4   0x00000050   Data   RO         1020    .constdata          inv_mpu.o
    0x0800cf04   0x00000bf6   Data   RO         1045    .constdata          inv_mpu_dmp_motion_driver.o
    0x0800dafa   0x00000006   PAD
    0x0800db00   0x00000050   Data   RO         1115    .constdata          m_ws.l(asin.o)
    0x0800db50   0x00000098   Data   RO         1445    .constdata          m_ws.l(atan.o)
    0x0800dbe8   0x00000008   Data   RO         1459    .constdata          m_ws.l(qnan.o)
    0x0800dbf0   0x00000093   Data   RO          406    .conststring        main.o
    0x0800dc83   0x00000001   PAD
    0x0800dc84   0x000000ac   Data   RO          790    .conststring        usmart_config.o
    0x0800dd30   0x00000028   Data   RO          806    .conststring        usmart.o
    0x0800dd58   0x0000004e   Data   RO         1021    .conststring        inv_mpu.o
    0x0800dda6   0x00000002   PAD
    0x0800dda8   0x00000020   Data   RO         1513    Region$$Table       anon$$obj.o


    Execution Region ER_RW (Base: 0x20000000, Size: 0x00000348, Max: 0xffffffff, ABSOLUTE, COMPRESSED[0x000000d0])

    Base Addr    Size         Type   Attr      Idx    E Section Name        Object

    0x20000000   0x00000014   Data   RW           25    .data               system_stm32f10x.o
    0x20000014   0x00000014   Data   RW          318    .data               stm32f10x_rcc.o
    0x20000028   0x00000020   Data   RW          407    .data               main.o
    0x20000048   0x00000004   Data   RW          573    .data               delay.o
    0x2000004c   0x00000001   Data   RW          606    .data               hal_led.o
    0x2000004d   0x00000003   PAD
    0x20000050   0x00000014   Data   RW          683    .data               timer.o
    0x20000064   0x00000004   Data   RW          711    .data               keydetect.o
    0x20000068   0x00000002   Data   RW          761    .data               rtc.o
    0x2000006a   0x00000002   PAD
    0x2000006c   0x00000124   Data   RW          791    .data               usmart_config.o
    0x20000190   0x00000020   Data   RW          807    .data               usmart.o
    0x200001b0   0x0000001c   Data   RW          866    .data               malloc.o
    0x200001cc   0x000000b8   Data   RW          913    .data               minibalance.o
    0x20000284   0x0000002c   Data   RW         1022    .data               inv_mpu.o
    0x200002b0   0x00000054   Data   RW         1060    .data               filter.o
    0x20000304   0x0000003c   Data   RW         1079    .data               mpu6050.o
    0x20000340   0x00000004   Data   RW         1482    .data               mc_w.l(stdout.o)
    0x20000344   0x00000004   Data   RW         1496    .data               mc_w.l(errno.o)


    Execution Region ER_ZI (Base: 0x20000348, Size: 0x00003b10, Max: 0xffffffff, ABSOLUTE)

    Base Addr    Size         Type   Attr      Idx    E Section Name        Object

    0x20000348   0x00000218   Zero   RW          404    .bss                main.o
    0x20000560   0x000003c0   Zero   RW          681    .bss                timer.o
    0x20000920   0x00000118   Zero   RW          709    .bss                keydetect.o
    0x20000a38   0x0000000a   Zero   RW          759    .bss                rtc.o
    0x20000a42   0x000000c8   Zero   RW          805    .bss                usmart.o
    0x20000b0a   0x00000016   PAD
    0x20000b20   0x00002a80   Zero   RW          864    .bss                malloc.o
    0x200035a0   0x00000400   Zero   RW          955    .bss                oled.o
    0x200039a0   0x00000010   Zero   RW         1044    .bss                inv_mpu_dmp_motion_driver.o
    0x200039b0   0x00000010   Zero   RW         1059    .bss                filter.o
    0x200039c0   0x00000092   Zero   RW         1078    .bss                mpu6050.o
    0x20003a52   0x00000006   PAD
    0x20003a58   0x00000400   Zero   RW            1    STACK               startup_stm32f10x_md.o



  Load Region LR$$.ARM.__AT_0x68000000 (Base: 0x68000000, Size: 0x00000000, Max: 0x00000020, ABSOLUTE)

    Execution Region ER$$.ARM.__AT_0x68000000 (Base: 0x68000000, Size: 0x00000020, Max: 0x00000020, ABSOLUTE, UNINIT)

    Base Addr    Size         Type   Attr      Idx    E Section Name        Object

    0x68000000   0x00000020   Zero   RW          862    .ARM.__AT_0x68000000  malloc.o



  Load Region LR$$.ARM.__AT_0x68000020 (Base: 0x68000020, Size: 0x00000000, Max: 0x00000004, ABSOLUTE)

    Execution Region ER$$.ARM.__AT_0x68000020 (Base: 0x68000020, Size: 0x00000004, Max: 0x00000004, ABSOLUTE, UNINIT)

    Base Addr    Size         Type   Attr      Idx    E Section Name        Object

    0x68000020   0x00000002   Zero   RW          863    .ARM.__AT_0x68000020  malloc.o


==============================================================================

Image component sizes


      Code (inc. data)   RO Data    RW Data    ZI Data      Debug   Object Name

         0          0          0          0          0       4288   core_cm3.o
       184          8          0          4          0       1159   delay.o
       504         20          0          0          0        983   encoder.o
       776         86          0         84         16       1840   filter.o
       136          8          0          1          0       1283   hal_led.o
      7824        172        158         44          0      20807   inv_mpu.o
      3440        126       3062          0         16      14831   inv_mpu_dmp_motion_driver.o
      1290         16          0          0          0       5354   ioi2c.o
       716        108         19          4        280       2393   keydetect.o
       146          0          0          0          0       2452   list.o
       304         38          0          0          0        980   madc.o
      1344        470        199         32        536       9430   main.o
       556         18         24         28      10914       4516   malloc.o
       368         64         13          0          0       2005   message.o
      4036        704          8        184          0       8700   minibalance.o
       220         22          0          0          0       1841   misc.o
      2256        452          0         60        146      20818   mpu6050.o
      1082         44       2660          0       1024       4295   oled.o
       500         50          0          0          0       2643   rfifo.o
      1212        102         33          2         10       4234   rtc.o
        36          8        236          0       1024        920   startup_stm32f10x_md.o
      1102         26          0          0          0      10869   stm32f10x_adc.o
       196          8          0          0          0       3504   stm32f10x_bkp.o
       284         10          0          0          0       2271   stm32f10x_exti.o
       860         38          0          0          0       5681   stm32f10x_gpio.o
       250         42          0          0          0       2173   stm32f10x_it.o
        64          6          0          0          0       1277   stm32f10x_iwdg.o
       204         14          0          0          0       1927   stm32f10x_pwr.o
       932         36          0         20          0       8848   stm32f10x_rcc.o
       328          4          0          0          0       2682   stm32f10x_rtc.o
      3610         88          0          0          0      22168   stm32f10x_tim.o
      1032         22          0          0          0       8412   stm32f10x_usart.o
       712         44          0          0          0       2719   sys.o
       480         38          0         20          0     260471   system_stm32f10x.o
      1212        176         46         20        960       4582   timer.o
       736         30          0          0          0       2657   uart.o
      2560        886         40         32        200       4090   usmart.o
         0          0        172        292          0       1576   usmart_config.o
      1320         12          0          0          0       5021   usmart_str.o
        52          0          0          0          0        634   wdg.o

    ----------------------------------------------------------------------
     42876       3996       6716        832      15156     467334   Object Totals
         0          0         32          0          0          0   (incl. Generated)
        12          0         14          5         30          0   (incl. Padding)

    ----------------------------------------------------------------------

      Code (inc. data)   RO Data    RW Data    ZI Data      Debug   Library Member Name

       636         52         80          0          0        168   asin.o
       548         70        152          0          0        124   atan.o
       384         38          0          0          0        144   atan2.o
        16          6          0          0          0         68   dunder.o
        40          0          0          0          0         68   fpclassify.o
       170          0          0          0          0         96   poly.o
         0          0          8          0          0          0   qnan.o
        76          0          0          0          0         84   sqrt.o
        86          0          0          0          0          0   __dczerorl2.o
         0          0          0          0          0          0   entry.o
         0          0          0          0          0          0   entry10a.o
         0          0          0          0          0          0   entry11a.o
         8          4          0          0          0          0   entry2.o
         4          0          0          0          0          0   entry5.o
         0          0          0          0          0          0   entry7b.o
         0          0          0          0          0          0   entry8b.o
         8          4          0          0          0          0   entry9a.o
        12          6          0          4          0         68   errno.o
        30          0          0          0          0          0   handlers.o
        36          8          0          0          0         68   init.o
         0          0          0          0          0          0   iusefp.o
        90          0          0          0          0         84   ldiv.o
        30          0          0          0          0         68   llshl.o
        36          0          0          0          0         68   llsshr.o
        32          0          0          0          0         68   llushr.o
        26          0          0          0          0         80   memcmp.o
        36          0          0          0          0         68   memcpya.o
        36          0          0          0          0        108   memseta.o
      2288         94          0          0          0        596   printfa.o
         0          0          0          4          0          0   stdout.o
        14          0          0          0          0         68   strlen.o
        44          0          0          0          0         80   uidiv.o
        98          0          0          0          0         92   uldiv.o
        40          2          0          0          0         68   cdcmple.o
        40          2          0          0          0         68   cdrcmple.o
        20          0          0          0          0         68   cfcmple.o
        20          0          0          0          0         68   cfrcmple.o
        56          0          0          0          0         88   d2f.o
       334          0          0          0          0        148   dadd.o
       222          0          0          0          0        100   ddiv.o
       182          0          0          0          0        176   depilogue.o
        62          0          0          0          0         80   dfixi.o
        48          0          0          0          0         68   dfixul.o
        26          0          0          0          0         76   dfltui.o
       228          0          0          0          0         96   dmul.o
        46          0          0          0          0         80   dscalb.o
       162          0          0          0          0        100   dsqrt.o
        38          0          0          0          0         68   f2d.o
       176          0          0          0          0        140   fadd.o
       124          0          0          0          0         88   fdiv.o
       110          0          0          0          0        168   fepilogue.o
        50          0          0          0          0         68   ffixi.o
        40          0          0          0          0         68   ffixui.o
        18          0          0          0          0         68   fflti.o
        10          0          0          0          0         68   ffltui.o
       100          0          0          0          0         76   fmul.o

    ----------------------------------------------------------------------
      6944        286        240          8          0       4364   Library Totals
         8          0          0          0          0          0   (incl. Padding)

    ----------------------------------------------------------------------

      Code (inc. data)   RO Data    RW Data    ZI Data      Debug   Library Name

      1870        166        240          0          0        752   m_ws.l
      2914        116          0          8          0       1516   mc_w.l
      2152          4          0          0          0       2096   mf_w.l

    ----------------------------------------------------------------------
      6944        286        240          8          0       4364   Library Totals

    ----------------------------------------------------------------------

==============================================================================


      Code (inc. data)   RO Data    RW Data    ZI Data      Debug   

     49820       4282       6956        840      15156     465430   Grand Totals
     49820       4282       6956        208      15156     465430   ELF Image Totals (compressed)
     49820       4282       6956        208          0          0   ROM Totals

==============================================================================

    Total RO  Size (Code + RO Data)                56776 (  55.45kB)
    Total RW  Size (RW Data + ZI Data)             15996 (  15.62kB)
    Total ROM Size (Code + RO Data + RW Data)      56984 (  55.65kB)

==============================================================================

