<!doctype html public "-//w3c//dtd html 4.0 transitional//en">
<html><head>
<title>Static Call Graph - [.\Objects\FreeRTOS_STM32F4.axf]</title></head>
<body><HR>
<H1>Static Call Graph for image .\Objects\FreeRTOS_STM32F4.axf</H1><HR>
<BR><P>#&#060CALLGRAPH&#062# ARM Linker, 5040049: Last Updated: Fri Oct 21 19:35:32 2016
<BR><P>
<H3>Maximum Stack Usage =       3048 bytes + Unknown(Functions without stacksize, Cycles, Untraceable Function Pointers)</H3><H3>
Call chain for Maximum Stack Depth:</H3>
Music_Player &rArr; audio_play &rArr; audio_play_song &rArr; amr_play_song &rArr; Speech_Decode_Frame &rArr; Decoder_amr &rArr; dtx_dec &rArr; A_Refl &rArr; div_s &rArr; __2printf &rArr; _printf_char_file &rArr; _printf_char_common &rArr; __printf
<P>
<H3>
Functions with no stack information
</H3><UL>
 <LI><a href="#[f2]">__user_initial_stackheap</a>
 <LI><a href="#[121]">xmp3_MULSHIFT32</a>
 <LI><a href="#[1c4]">xmp3_FASTABS</a>
</UL>
</UL>
<P>
<H3>
Mutually Recursive functions
</H3> <LI><a href="#[48]">CAN1_RX0_IRQHandler</a>&nbsp;&nbsp;&nbsp;&rArr;&nbsp;&nbsp;&nbsp;<a href="#[48]">CAN1_RX0_IRQHandler</a><BR>
 <LI><a href="#[137]">shr</a>&nbsp;&nbsp;&nbsp;&rArr;&nbsp;&nbsp;&nbsp;<a href="#[104]">shl</a><BR>
 <LI><a href="#[108]">L_shl</a>&nbsp;&nbsp;&nbsp;&rArr;&nbsp;&nbsp;&nbsp;<a href="#[165]">L_shr</a><BR>
</UL>
<P>
<H3>
Function Pointers
</H3><UL>
 <LI><a href="#[46]">ADC_IRQHandler</a> from adc.o(i.ADC_IRQHandler) referenced from startup_stm32f40_41xxx.o(RESET)
 <LI><a href="#[2e]">BusFault_Handler</a> from stm32f4xx_it.o(i.BusFault_Handler) referenced from startup_stm32f40_41xxx.o(RESET)
 <LI><a href="#[48]">CAN1_RX0_IRQHandler</a> from startup_stm32f40_41xxx.o(.text) referenced from startup_stm32f40_41xxx.o(RESET)
 <LI><a href="#[49]">CAN1_RX1_IRQHandler</a> from startup_stm32f40_41xxx.o(.text) referenced from startup_stm32f40_41xxx.o(RESET)
 <LI><a href="#[4a]">CAN1_SCE_IRQHandler</a> from startup_stm32f40_41xxx.o(.text) referenced from startup_stm32f40_41xxx.o(RESET)
 <LI><a href="#[47]">CAN1_TX_IRQHandler</a> from startup_stm32f40_41xxx.o(.text) referenced from startup_stm32f40_41xxx.o(RESET)
 <LI><a href="#[74]">CAN2_RX0_IRQHandler</a> from startup_stm32f40_41xxx.o(.text) referenced from startup_stm32f40_41xxx.o(RESET)
 <LI><a href="#[75]">CAN2_RX1_IRQHandler</a> from startup_stm32f40_41xxx.o(.text) referenced from startup_stm32f40_41xxx.o(RESET)
 <LI><a href="#[76]">CAN2_SCE_IRQHandler</a> from startup_stm32f40_41xxx.o(.text) referenced from startup_stm32f40_41xxx.o(RESET)
 <LI><a href="#[73]">CAN2_TX_IRQHandler</a> from startup_stm32f40_41xxx.o(.text) referenced from startup_stm32f40_41xxx.o(RESET)
 <LI><a href="#[83]">CRYP_IRQHandler</a> from startup_stm32f40_41xxx.o(.text) referenced from startup_stm32f40_41xxx.o(RESET)
 <LI><a href="#[82]">DCMI_IRQHandler</a> from startup_stm32f40_41xxx.o(.text) referenced from startup_stm32f40_41xxx.o(RESET)
 <LI><a href="#[3f]">DMA1_Stream0_IRQHandler</a> from startup_stm32f40_41xxx.o(.text) referenced from startup_stm32f40_41xxx.o(RESET)
 <LI><a href="#[40]">DMA1_Stream1_IRQHandler</a> from startup_stm32f40_41xxx.o(.text) referenced from startup_stm32f40_41xxx.o(RESET)
 <LI><a href="#[41]">DMA1_Stream2_IRQHandler</a> from startup_stm32f40_41xxx.o(.text) referenced from startup_stm32f40_41xxx.o(RESET)
 <LI><a href="#[42]">DMA1_Stream3_IRQHandler</a> from startup_stm32f40_41xxx.o(.text) referenced from startup_stm32f40_41xxx.o(RESET)
 <LI><a href="#[43]">DMA1_Stream4_IRQHandler</a> from i2s.o(i.DMA1_Stream4_IRQHandler) referenced from startup_stm32f40_41xxx.o(RESET)
 <LI><a href="#[44]">DMA1_Stream5_IRQHandler</a> from startup_stm32f40_41xxx.o(.text) referenced from startup_stm32f40_41xxx.o(RESET)
 <LI><a href="#[45]">DMA1_Stream6_IRQHandler</a> from startup_stm32f40_41xxx.o(.text) referenced from startup_stm32f40_41xxx.o(RESET)
 <LI><a href="#[63]">DMA1_Stream7_IRQHandler</a> from startup_stm32f40_41xxx.o(.text) referenced from startup_stm32f40_41xxx.o(RESET)
 <LI><a href="#[6c]">DMA2_Stream0_IRQHandler</a> from adc.o(i.DMA2_Stream0_IRQHandler) referenced from startup_stm32f40_41xxx.o(RESET)
 <LI><a href="#[6d]">DMA2_Stream1_IRQHandler</a> from startup_stm32f40_41xxx.o(.text) referenced from startup_stm32f40_41xxx.o(RESET)
 <LI><a href="#[6e]">DMA2_Stream2_IRQHandler</a> from startup_stm32f40_41xxx.o(.text) referenced from startup_stm32f40_41xxx.o(RESET)
 <LI><a href="#[6f]">DMA2_Stream3_IRQHandler</a> from startup_stm32f40_41xxx.o(.text) referenced from startup_stm32f40_41xxx.o(RESET)
 <LI><a href="#[70]">DMA2_Stream4_IRQHandler</a> from startup_stm32f40_41xxx.o(.text) referenced from startup_stm32f40_41xxx.o(RESET)
 <LI><a href="#[78]">DMA2_Stream5_IRQHandler</a> from startup_stm32f40_41xxx.o(.text) referenced from startup_stm32f40_41xxx.o(RESET)
 <LI><a href="#[79]">DMA2_Stream6_IRQHandler</a> from startup_stm32f40_41xxx.o(.text) referenced from startup_stm32f40_41xxx.o(RESET)
 <LI><a href="#[7a]">DMA2_Stream7_IRQHandler</a> from dma.o(i.DMA2_Stream7_IRQHandler) referenced from startup_stm32f40_41xxx.o(RESET)
 <LI><a href="#[31]">DebugMon_Handler</a> from stm32f4xx_it.o(i.DebugMon_Handler) referenced from startup_stm32f40_41xxx.o(RESET)
 <LI><a href="#[71]">ETH_IRQHandler</a> from startup_stm32f40_41xxx.o(.text) referenced from startup_stm32f40_41xxx.o(RESET)
 <LI><a href="#[72]">ETH_WKUP_IRQHandler</a> from startup_stm32f40_41xxx.o(.text) referenced from startup_stm32f40_41xxx.o(RESET)
 <LI><a href="#[3a]">EXTI0_IRQHandler</a> from exti.o(i.EXTI0_IRQHandler) referenced from startup_stm32f40_41xxx.o(RESET)
 <LI><a href="#[5c]">EXTI15_10_IRQHandler</a> from startup_stm32f40_41xxx.o(.text) referenced from startup_stm32f40_41xxx.o(RESET)
 <LI><a href="#[3b]">EXTI1_IRQHandler</a> from startup_stm32f40_41xxx.o(.text) referenced from startup_stm32f40_41xxx.o(RESET)
 <LI><a href="#[3c]">EXTI2_IRQHandler</a> from startup_stm32f40_41xxx.o(.text) referenced from startup_stm32f40_41xxx.o(RESET)
 <LI><a href="#[3d]">EXTI3_IRQHandler</a> from exti.o(i.EXTI3_IRQHandler) referenced from startup_stm32f40_41xxx.o(RESET)
 <LI><a href="#[3e]">EXTI4_IRQHandler</a> from exti.o(i.EXTI4_IRQHandler) referenced from startup_stm32f40_41xxx.o(RESET)
 <LI><a href="#[4b]">EXTI9_5_IRQHandler</a> from startup_stm32f40_41xxx.o(.text) referenced from startup_stm32f40_41xxx.o(RESET)
 <LI><a href="#[38]">FLASH_IRQHandler</a> from startup_stm32f40_41xxx.o(.text) referenced from startup_stm32f40_41xxx.o(RESET)
 <LI><a href="#[85]">FPU_IRQHandler</a> from startup_stm32f40_41xxx.o(.text) referenced from startup_stm32f40_41xxx.o(RESET)
 <LI><a href="#[64]">FSMC_IRQHandler</a> from startup_stm32f40_41xxx.o(.text) referenced from startup_stm32f40_41xxx.o(RESET)
 <LI><a href="#[91]">Feed_Wdg_Task</a> from main.o(i.Feed_Wdg_Task) referenced from main.o(i.main)
 <LI><a href="#[84]">HASH_RNG_IRQHandler</a> from startup_stm32f40_41xxx.o(.text) referenced from startup_stm32f40_41xxx.o(RESET)
 <LI><a href="#[8e]">HandleDownStreamTask</a> from uartprotocol.o(i.HandleDownStreamTask) referenced from main.o(i.main)
 <LI><a href="#[8d]">HandleUpstreamTask</a> from uartprotocol.o(i.HandleUpstreamTask) referenced from main.o(i.main)
 <LI><a href="#[2c]">HardFault_Handler</a> from stm32f4xx_it.o(i.HardFault_Handler) referenced from startup_stm32f40_41xxx.o(RESET)
 <LI><a href="#[54]">I2C1_ER_IRQHandler</a> from startup_stm32f40_41xxx.o(.text) referenced from startup_stm32f40_41xxx.o(RESET)
 <LI><a href="#[53]">I2C1_EV_IRQHandler</a> from startup_stm32f40_41xxx.o(.text) referenced from startup_stm32f40_41xxx.o(RESET)
 <LI><a href="#[56]">I2C2_ER_IRQHandler</a> from startup_stm32f40_41xxx.o(.text) referenced from startup_stm32f40_41xxx.o(RESET)
 <LI><a href="#[55]">I2C2_EV_IRQHandler</a> from startup_stm32f40_41xxx.o(.text) referenced from startup_stm32f40_41xxx.o(RESET)
 <LI><a href="#[7d]">I2C3_ER_IRQHandler</a> from startup_stm32f40_41xxx.o(.text) referenced from startup_stm32f40_41xxx.o(RESET)
 <LI><a href="#[7c]">I2C3_EV_IRQHandler</a> from startup_stm32f40_41xxx.o(.text) referenced from startup_stm32f40_41xxx.o(RESET)
 <LI><a href="#[93]">Key_Detect_Task</a> from main.o(i.Key_Detect_Task) referenced from main.o(i.main)
 <LI><a href="#[2d]">MemManage_Handler</a> from stm32f4xx_it.o(i.MemManage_Handler) referenced from startup_stm32f40_41xxx.o(RESET)
 <LI><a href="#[8f]">Music_Player</a> from main.o(i.Music_Player) referenced from main.o(i.main)
 <LI><a href="#[2b]">NMI_Handler</a> from stm32f4xx_it.o(i.NMI_Handler) referenced from startup_stm32f40_41xxx.o(RESET)
 <LI><a href="#[77]">OTG_FS_IRQHandler</a> from startup_stm32f40_41xxx.o(.text) referenced from startup_stm32f40_41xxx.o(RESET)
 <LI><a href="#[5e]">OTG_FS_WKUP_IRQHandler</a> from startup_stm32f40_41xxx.o(.text) referenced from startup_stm32f40_41xxx.o(RESET)
 <LI><a href="#[7f]">OTG_HS_EP1_IN_IRQHandler</a> from startup_stm32f40_41xxx.o(.text) referenced from startup_stm32f40_41xxx.o(RESET)
 <LI><a href="#[7e]">OTG_HS_EP1_OUT_IRQHandler</a> from startup_stm32f40_41xxx.o(.text) referenced from startup_stm32f40_41xxx.o(RESET)
 <LI><a href="#[81]">OTG_HS_IRQHandler</a> from startup_stm32f40_41xxx.o(.text) referenced from startup_stm32f40_41xxx.o(RESET)
 <LI><a href="#[80]">OTG_HS_WKUP_IRQHandler</a> from startup_stm32f40_41xxx.o(.text) referenced from startup_stm32f40_41xxx.o(RESET)
 <LI><a href="#[35]">PVD_IRQHandler</a> from startup_stm32f40_41xxx.o(.text) referenced from startup_stm32f40_41xxx.o(RESET)
 <LI><a href="#[39]">RCC_IRQHandler</a> from startup_stm32f40_41xxx.o(.text) referenced from startup_stm32f40_41xxx.o(RESET)
 <LI><a href="#[5d]">RTC_Alarm_IRQHandler</a> from rtc.o(i.RTC_Alarm_IRQHandler) referenced from startup_stm32f40_41xxx.o(RESET)
 <LI><a href="#[37]">RTC_WKUP_IRQHandler</a> from rtc.o(i.RTC_WKUP_IRQHandler) referenced from startup_stm32f40_41xxx.o(RESET)
 <LI><a href="#[92]">RTC_read_Task</a> from main.o(i.RTC_read_Task) referenced from main.o(i.main)
 <LI><a href="#[b]">Read_String_From_Flash</a> from main.o(i.Read_String_From_Flash) referenced 2 times from usmart_config.o(.data)
 <LI><a href="#[2a]">Reset_Handler</a> from startup_stm32f40_41xxx.o(.text) referenced from startup_stm32f40_41xxx.o(RESET)
 <LI><a href="#[65]">SDIO_IRQHandler</a> from sdio_sdcard.o(i.SDIO_IRQHandler) referenced from startup_stm32f40_41xxx.o(RESET)
 <LI><a href="#[57]">SPI1_IRQHandler</a> from startup_stm32f40_41xxx.o(.text) referenced from startup_stm32f40_41xxx.o(RESET)
 <LI><a href="#[58]">SPI2_IRQHandler</a> from startup_stm32f40_41xxx.o(.text) referenced from startup_stm32f40_41xxx.o(RESET)
 <LI><a href="#[67]">SPI3_IRQHandler</a> from startup_stm32f40_41xxx.o(.text) referenced from startup_stm32f40_41xxx.o(RESET)
 <LI><a href="#[a]">Save_String_To_Flash</a> from main.o(i.Save_String_To_Flash) referenced 2 times from usmart_config.o(.data)
 <LI><a href="#[86]">SystemInit</a> from system_stm32f4xx.o(i.SystemInit) referenced from startup_stm32f40_41xxx.o(.text)
 <LI><a href="#[36]">TAMP_STAMP_IRQHandler</a> from startup_stm32f40_41xxx.o(.text) referenced from startup_stm32f40_41xxx.o(RESET)
 <LI><a href="#[4c]">TIM1_BRK_TIM9_IRQHandler</a> from startup_stm32f40_41xxx.o(.text) referenced from startup_stm32f40_41xxx.o(RESET)
 <LI><a href="#[4f]">TIM1_CC_IRQHandler</a> from startup_stm32f40_41xxx.o(.text) referenced from startup_stm32f40_41xxx.o(RESET)
 <LI><a href="#[4e]">TIM1_TRG_COM_TIM11_IRQHandler</a> from startup_stm32f40_41xxx.o(.text) referenced from startup_stm32f40_41xxx.o(RESET)
 <LI><a href="#[4d]">TIM1_UP_TIM10_IRQHandler</a> from startup_stm32f40_41xxx.o(.text) referenced from startup_stm32f40_41xxx.o(RESET)
 <LI><a href="#[50]">TIM2_IRQHandler</a> from startup_stm32f40_41xxx.o(.text) referenced from startup_stm32f40_41xxx.o(RESET)
 <LI><a href="#[51]">TIM3_IRQHandler</a> from startup_stm32f40_41xxx.o(.text) referenced from startup_stm32f40_41xxx.o(RESET)
 <LI><a href="#[52]">TIM4_IRQHandler</a> from startup_stm32f40_41xxx.o(.text) referenced from startup_stm32f40_41xxx.o(RESET)
 <LI><a href="#[66]">TIM5_IRQHandler</a> from startup_stm32f40_41xxx.o(.text) referenced from startup_stm32f40_41xxx.o(RESET)
 <LI><a href="#[6a]">TIM6_DAC_IRQHandler</a> from startup_stm32f40_41xxx.o(.text) referenced from startup_stm32f40_41xxx.o(RESET)
 <LI><a href="#[6b]">TIM7_IRQHandler</a> from startup_stm32f40_41xxx.o(.text) referenced from startup_stm32f40_41xxx.o(RESET)
 <LI><a href="#[5f]">TIM8_BRK_TIM12_IRQHandler</a> from startup_stm32f40_41xxx.o(.text) referenced from startup_stm32f40_41xxx.o(RESET)
 <LI><a href="#[62]">TIM8_CC_IRQHandler</a> from startup_stm32f40_41xxx.o(.text) referenced from startup_stm32f40_41xxx.o(RESET)
 <LI><a href="#[61]">TIM8_TRG_COM_TIM14_IRQHandler</a> from startup_stm32f40_41xxx.o(.text) referenced from startup_stm32f40_41xxx.o(RESET)
 <LI><a href="#[60]">TIM8_UP_TIM13_IRQHandler</a> from startup_stm32f40_41xxx.o(.text) referenced from startup_stm32f40_41xxx.o(RESET)
 <LI><a href="#[68]">UART4_IRQHandler</a> from usart.o(i.UART4_IRQHandler) referenced from startup_stm32f40_41xxx.o(RESET)
 <LI><a href="#[69]">UART5_IRQHandler</a> from startup_stm32f40_41xxx.o(.text) referenced from startup_stm32f40_41xxx.o(RESET)
 <LI><a href="#[59]">USART1_IRQHandler</a> from usart.o(i.USART1_IRQHandler) referenced from startup_stm32f40_41xxx.o(RESET)
 <LI><a href="#[5a]">USART2_IRQHandler</a> from startup_stm32f40_41xxx.o(.text) referenced from startup_stm32f40_41xxx.o(RESET)
 <LI><a href="#[5b]">USART3_IRQHandler</a> from usart.o(i.USART3_IRQHandler) referenced from startup_stm32f40_41xxx.o(RESET)
 <LI><a href="#[7b]">USART6_IRQHandler</a> from usart.o(i.USART6_IRQHandler) referenced from startup_stm32f40_41xxx.o(RESET)
 <LI><a href="#[2f]">UsageFault_Handler</a> from stm32f4xx_it.o(i.UsageFault_Handler) referenced from startup_stm32f40_41xxx.o(RESET)
 <LI><a href="#[34]">WWDG_IRQHandler</a> from startup_stm32f40_41xxx.o(.text) referenced from startup_stm32f40_41xxx.o(RESET)
 <LI><a href="#[9a]">__main</a> from __main.o(!!!main) referenced from startup_stm32f40_41xxx.o(.text)
 <LI><a href="#[8b]">_get_lc_ctype</a> from lc_ctype_c.o(locale$$code) referenced from rt_ctype_table.o(.text)
 <LI><a href="#[89]">_printf_input_char</a> from _printf_char_common.o(.text) referenced from _printf_char_common.o(.text)
 <LI><a href="#[88]">_sputc</a> from _sputc.o(.text) referenced from noretval__2sprintf.o(.text)
 <LI><a href="#[8c]">amr_i2s_dma_tx_callback</a> from amrplay.o(i.amr_i2s_dma_tx_callback) referenced from amrplay.o(i.amr_play_song)
 <LI><a href="#[6]">delay_ms</a> from delay.o(i.delay_ms) referenced 2 times from usmart_config.o(.data)
 <LI><a href="#[7]">delay_us</a> from delay.o(i.delay_us) referenced 2 times from usmart_config.o(.data)
 <LI><a href="#[8a]">fputc</a> from usart.o(i.fputc) referenced from _printf_char_file.o(.text)
 <LI><a href="#[22]">mf_chdir</a> from fattester.o(i.mf_chdir) referenced 2 times from usmart_config.o(.data)
 <LI><a href="#[23]">mf_chdrive</a> from fattester.o(i.mf_chdrive) referenced 2 times from usmart_config.o(.data)
 <LI><a href="#[e]">mf_close</a> from fattester.o(i.mf_close) referenced 2 times from usmart_config.o(.data)
 <LI><a href="#[12]">mf_closedir</a> from fattester.o(i.mf_closedir) referenced 2 times from usmart_config.o(.data)
 <LI><a href="#[1a]">mf_fmkfs</a> from fattester.o(i.mf_fmkfs) referenced 2 times from usmart_config.o(.data)
 <LI><a href="#[24]">mf_getcwd</a> from fattester.o(i.mf_getcwd) referenced 2 times from usmart_config.o(.data)
 <LI><a href="#[1d]">mf_getlabel</a> from fattester.o(i.mf_getlabel) referenced 2 times from usmart_config.o(.data)
 <LI><a href="#[1f]">mf_gets</a> from fattester.o(i.mf_gets) referenced 2 times from usmart_config.o(.data)
 <LI><a href="#[16]">mf_lseek</a> from fattester.o(i.mf_lseek) referenced 2 times from usmart_config.o(.data)
 <LI><a href="#[19]">mf_mkdir</a> from fattester.o(i.mf_mkdir) referenced 2 times from usmart_config.o(.data)
 <LI><a href="#[c]">mf_mount</a> from fattester.o(i.mf_mount) referenced 2 times from usmart_config.o(.data)
 <LI><a href="#[d]">mf_open</a> from fattester.o(i.mf_open) referenced 2 times from usmart_config.o(.data)
 <LI><a href="#[11]">mf_opendir</a> from fattester.o(i.mf_opendir) referenced 2 times from usmart_config.o(.data)
 <LI><a href="#[20]">mf_putc</a> from fattester.o(i.mf_putc) referenced 2 times from usmart_config.o(.data)
 <LI><a href="#[21]">mf_puts</a> from fattester.o(i.mf_puts) referenced 2 times from usmart_config.o(.data)
 <LI><a href="#[f]">mf_read</a> from fattester.o(i.mf_read) referenced 2 times from usmart_config.o(.data)
 <LI><a href="#[13]">mf_readdir</a> from fattester.o(i.mf_readdir) referenced 2 times from usmart_config.o(.data)
 <LI><a href="#[1c]">mf_rename</a> from fattester.o(i.mf_rename) referenced 2 times from usmart_config.o(.data)
 <LI><a href="#[14]">mf_scan_files</a> from fattester.o(i.mf_scan_files) referenced 2 times from usmart_config.o(.data)
 <LI><a href="#[1e]">mf_setlabel</a> from fattester.o(i.mf_setlabel) referenced 2 times from usmart_config.o(.data)
 <LI><a href="#[15]">mf_showfree</a> from fattester.o(i.mf_showfree) referenced 2 times from usmart_config.o(.data)
 <LI><a href="#[18]">mf_size</a> from fattester.o(i.mf_size) referenced 2 times from usmart_config.o(.data)
 <LI><a href="#[25]">mf_stat</a> from fattester.o(i.mf_stat) referenced 2 times from usmart_config.o(.data)
 <LI><a href="#[17]">mf_tell</a> from fattester.o(i.mf_tell) referenced 2 times from usmart_config.o(.data)
 <LI><a href="#[1b]">mf_unlink</a> from fattester.o(i.mf_unlink) referenced 2 times from usmart_config.o(.data)
 <LI><a href="#[10]">mf_write</a> from fattester.o(i.mf_write) referenced 2 times from usmart_config.o(.data)
 <LI><a href="#[94]">mp3_file_seek</a> from wavplay.o(i.mp3_file_seek) referenced from wavplay.o(i.mp3_play_song)
 <LI><a href="#[95]">mp3_i2s_dma_tx_callback</a> from wavplay.o(i.mp3_i2s_dma_tx_callback) referenced from wavplay.o(i.mp3_play_song)
 <LI><a href="#[97]">prvIdleTask</a> from tasks.o(i.prvIdleTask) referenced from tasks.o(i.vTaskStartScheduler)
 <LI><a href="#[96]">prvTaskExitError</a> from port.o(i.prvTaskExitError) referenced from port.o(i.pxPortInitialiseStack)
 <LI><a href="#[99]">prvTimerTask</a> from timers.o(i.prvTimerTask) referenced from timers.o(i.xTimerCreateTimerTask)
 <LI><a href="#[4]">read_addr</a> from usmart.o(i.read_addr) referenced 2 times from usmart_config.o(.data)
 <LI><a href="#[8]">saveStringToLog</a> from main.o(i.saveStringToLog) referenced 2 times from usmart_config.o(.data)
 <LI><a href="#[90]">usamrt_debug_task</a> from usmart.o(i.usamrt_debug_task) referenced from main.o(i.main)
 <LI><a href="#[27]">usmart_cmd_rec</a> from usmart.o(i.usmart_cmd_rec) referenced 2 times from usmart_config.o(.data)
 <LI><a href="#[28]">usmart_exe</a> from usmart.o(i.usmart_exe) referenced 2 times from usmart_config.o(.data)
 <LI><a href="#[26]">usmart_init</a> from usmart.o(i.usmart_init) referenced 2 times from usmart_config.o(.data)
 <LI><a href="#[29]">usmart_scan</a> from usmart.o(i.usmart_scan) referenced 2 times from usmart_config.o(.data)
 <LI><a href="#[30]">vPortSVCHandler</a> from port.o(.emb_text) referenced from startup_stm32f40_41xxx.o(RESET)
 <LI><a href="#[9]">vSetPrintfTime</a> from main.o(i.vSetPrintfTime) referenced 2 times from usmart_config.o(.data)
 <LI><a href="#[98]">wav_i2s_dma_tx_callback</a> from wavplay.o(i.wav_i2s_dma_tx_callback) referenced from wavplay.o(i.wav_play_song)
 <LI><a href="#[5]">write_addr</a> from usmart.o(i.write_addr) referenced 2 times from usmart_config.o(.data)
 <LI><a href="#[32]">xPortPendSVHandler</a> from port.o(.emb_text) referenced from startup_stm32f40_41xxx.o(RESET)
 <LI><a href="#[33]">xPortSysTickHandler</a> from port.o(i.xPortSysTickHandler) referenced from startup_stm32f40_41xxx.o(RESET)
</UL>
<P>
<H3>
Global Symbols
</H3>
<P><STRONG><a name="[9a]"></a>__main</STRONG> (Thumb, 8 bytes, Stack size 0 bytes, __main.o(!!!main))
<BR><BR>[Calls]<UL><LI><a href="#[9c]">&gt;&gt;</a>&nbsp;&nbsp;&nbsp;__rt_entry
<LI><a href="#[9b]">&gt;&gt;</a>&nbsp;&nbsp;&nbsp;__scatterload
</UL>

<P><STRONG><a name="[9b]"></a>__scatterload</STRONG> (Thumb, 0 bytes, Stack size unknown bytes, __scatter.o(!!!scatter))
<BR><BR>[Called By]<UL><LI><a href="#[9a]">&gt;&gt;</a>&nbsp;&nbsp;&nbsp;__main
</UL>

<P><STRONG><a name="[9d]"></a>__scatterload_rt2</STRONG> (Thumb, 44 bytes, Stack size unknown bytes, __scatter.o(!!!scatter), UNUSED)
<BR><BR>[Calls]<UL><LI><a href="#[9c]">&gt;&gt;</a>&nbsp;&nbsp;&nbsp;__rt_entry
</UL>

<P><STRONG><a name="[390]"></a>__scatterload_rt2_thumb_only</STRONG> (Thumb, 0 bytes, Stack size unknown bytes, __scatter.o(!!!scatter), UNUSED)

<P><STRONG><a name="[391]"></a>__scatterload_null</STRONG> (Thumb, 0 bytes, Stack size unknown bytes, __scatter.o(!!!scatter), UNUSED)

<P><STRONG><a name="[392]"></a>__decompress</STRONG> (Thumb, 100 bytes, Stack size unknown bytes, __dclz77c.o(!!dclz77c), UNUSED)

<P><STRONG><a name="[393]"></a>__decompress2</STRONG> (Thumb, 0 bytes, Stack size unknown bytes, __dclz77c.o(!!dclz77c), UNUSED)

<P><STRONG><a name="[394]"></a>__scatterload_zeroinit</STRONG> (Thumb, 28 bytes, Stack size unknown bytes, __scatter_zi.o(!!handler_zi), UNUSED)

<P><STRONG><a name="[9e]"></a>_printf_p</STRONG> (Thumb, 0 bytes, Stack size unknown bytes, _printf_p.o(.ARM.Collect$$_printf_percent$$00000002))
<BR><BR>[Stack]<UL><LI>Max Depth = 64 + Unknown Stack Size
<LI>Call Chain = _printf_p &rArr; _printf_hex_ptr &rArr; _printf_longlong_hex &rArr; _printf_int_common &rArr; _printf_post_padding
</UL>
<BR>[Calls]<UL><LI><a href="#[9f]">&gt;&gt;</a>&nbsp;&nbsp;&nbsp;_printf_hex_ptr
</UL>

<P><STRONG><a name="[ce]"></a>_printf_percent</STRONG> (Thumb, 0 bytes, Stack size unknown bytes, _printf_percent.o(.ARM.Collect$$_printf_percent$$00000000))
<BR><BR>[Called By]<UL><LI><a href="#[cc]">&gt;&gt;</a>&nbsp;&nbsp;&nbsp;__printf
</UL>

<P><STRONG><a name="[a0]"></a>_printf_f</STRONG> (Thumb, 0 bytes, Stack size unknown bytes, _printf_f.o(.ARM.Collect$$_printf_percent$$00000003))
<BR><BR>[Stack]<UL><LI>Max Depth = 320 + Unknown Stack Size
<LI>Call Chain = _printf_f &rArr; _printf_fp_dec &rArr; _printf_fp_dec_real &rArr; _fp_digits &rArr; _btod_etento &rArr; _btod_emul &rArr; _e2e
</UL>
<BR>[Calls]<UL><LI><a href="#[a1]">&gt;&gt;</a>&nbsp;&nbsp;&nbsp;_printf_fp_dec
</UL>

<P><STRONG><a name="[a2]"></a>_printf_d</STRONG> (Thumb, 0 bytes, Stack size unknown bytes, _printf_d.o(.ARM.Collect$$_printf_percent$$00000009))
<BR><BR>[Stack]<UL><LI>Max Depth = 72 + Unknown Stack Size
<LI>Call Chain = _printf_d &rArr; _printf_int_dec &rArr; _printf_int_common &rArr; _printf_post_padding
</UL>
<BR>[Calls]<UL><LI><a href="#[a3]">&gt;&gt;</a>&nbsp;&nbsp;&nbsp;_printf_int_dec
</UL>

<P><STRONG><a name="[a4]"></a>_printf_u</STRONG> (Thumb, 0 bytes, Stack size unknown bytes, _printf_u.o(.ARM.Collect$$_printf_percent$$0000000A))
<BR><BR>[Stack]<UL><LI>Max Depth = 72 + Unknown Stack Size
<LI>Call Chain = _printf_u &rArr; _printf_int_dec &rArr; _printf_int_common &rArr; _printf_post_padding
</UL>
<BR>[Calls]<UL><LI><a href="#[a3]">&gt;&gt;</a>&nbsp;&nbsp;&nbsp;_printf_int_dec
</UL>

<P><STRONG><a name="[a5]"></a>_printf_x</STRONG> (Thumb, 0 bytes, Stack size unknown bytes, _printf_x.o(.ARM.Collect$$_printf_percent$$0000000C))
<BR><BR>[Stack]<UL><LI>Max Depth = 80 + Unknown Stack Size
<LI>Call Chain = _printf_x &rArr; _printf_int_hex &rArr; _printf_longlong_hex &rArr; _printf_int_common &rArr; _printf_post_padding
</UL>
<BR>[Calls]<UL><LI><a href="#[a6]">&gt;&gt;</a>&nbsp;&nbsp;&nbsp;_printf_int_hex
</UL>

<P><STRONG><a name="[a7]"></a>_printf_c</STRONG> (Thumb, 0 bytes, Stack size unknown bytes, _printf_c.o(.ARM.Collect$$_printf_percent$$00000013))
<BR><BR>[Stack]<UL><LI>Max Depth = 40 + Unknown Stack Size
<LI>Call Chain = _printf_c &rArr; _printf_char &rArr; _printf_cs_common &rArr; _printf_str &rArr; _printf_post_padding
</UL>
<BR>[Calls]<UL><LI><a href="#[a8]">&gt;&gt;</a>&nbsp;&nbsp;&nbsp;_printf_char
</UL>

<P><STRONG><a name="[a9]"></a>_printf_s</STRONG> (Thumb, 0 bytes, Stack size unknown bytes, _printf_s.o(.ARM.Collect$$_printf_percent$$00000014))
<BR><BR>[Stack]<UL><LI>Max Depth = 40 + Unknown Stack Size
<LI>Call Chain = _printf_s &rArr; _printf_string &rArr; _printf_cs_common &rArr; _printf_str &rArr; _printf_post_padding
</UL>
<BR>[Calls]<UL><LI><a href="#[aa]">&gt;&gt;</a>&nbsp;&nbsp;&nbsp;_printf_string
</UL>

<P><STRONG><a name="[395]"></a>_printf_percent_end</STRONG> (Thumb, 0 bytes, Stack size unknown bytes, _printf_percent_end.o(.ARM.Collect$$_printf_percent$$00000017))

<P><STRONG><a name="[b5]"></a>__rt_lib_init</STRONG> (Thumb, 0 bytes, Stack size unknown bytes, libinit.o(.ARM.Collect$$libinit$$00000000))
<BR><BR>[Called By]<UL><LI><a href="#[b4]">&gt;&gt;</a>&nbsp;&nbsp;&nbsp;__rt_entry_li
</UL>

<P><STRONG><a name="[ab]"></a>__rt_lib_init_fp_1</STRONG> (Thumb, 0 bytes, Stack size unknown bytes, libinit2.o(.ARM.Collect$$libinit$$00000001))
<BR><BR>[Calls]<UL><LI><a href="#[ac]">&gt;&gt;</a>&nbsp;&nbsp;&nbsp;_fp_init
</UL>

<P><STRONG><a name="[396]"></a>__rt_lib_init_heap_1</STRONG> (Thumb, 0 bytes, Stack size unknown bytes, libinit2.o(.ARM.Collect$$libinit$$00000008))

<P><STRONG><a name="[ad]"></a>__rt_lib_init_lc_common</STRONG> (Thumb, 0 bytes, Stack size unknown bytes, libinit2.o(.ARM.Collect$$libinit$$0000000D))
<BR><BR>[Calls]<UL><LI><a href="#[ae]">&gt;&gt;</a>&nbsp;&nbsp;&nbsp;__rt_locale
</UL>

<P><STRONG><a name="[397]"></a>__rt_lib_init_rand_1</STRONG> (Thumb, 0 bytes, Stack size unknown bytes, libinit2.o(.ARM.Collect$$libinit$$0000000C))

<P><STRONG><a name="[398]"></a>__rt_lib_init_user_alloc_1</STRONG> (Thumb, 0 bytes, Stack size unknown bytes, libinit2.o(.ARM.Collect$$libinit$$0000000A))

<P><STRONG><a name="[399]"></a>__rt_lib_init_lc_collate_1</STRONG> (Thumb, 0 bytes, Stack size unknown bytes, libinit2.o(.ARM.Collect$$libinit$$0000000F))

<P><STRONG><a name="[af]"></a>__rt_lib_init_lc_ctype_2</STRONG> (Thumb, 0 bytes, Stack size unknown bytes, libinit2.o(.ARM.Collect$$libinit$$00000010))
<BR><BR>[Stack]<UL><LI>Max Depth = 8 + Unknown Stack Size
<LI>Call Chain = __rt_lib_init_lc_ctype_2 &rArr; _get_lc_ctype
</UL>
<BR>[Calls]<UL><LI><a href="#[8b]">&gt;&gt;</a>&nbsp;&nbsp;&nbsp;_get_lc_ctype
</UL>

<P><STRONG><a name="[39a]"></a>__rt_lib_init_lc_ctype_1</STRONG> (Thumb, 0 bytes, Stack size unknown bytes, libinit2.o(.ARM.Collect$$libinit$$00000011))

<P><STRONG><a name="[39b]"></a>__rt_lib_init_lc_monetary_1</STRONG> (Thumb, 0 bytes, Stack size unknown bytes, libinit2.o(.ARM.Collect$$libinit$$00000013))

<P><STRONG><a name="[b0]"></a>__rt_lib_init_lc_numeric_2</STRONG> (Thumb, 0 bytes, Stack size unknown bytes, libinit2.o(.ARM.Collect$$libinit$$00000014))
<BR><BR>[Stack]<UL><LI>Max Depth = 8 + Unknown Stack Size
<LI>Call Chain = __rt_lib_init_lc_numeric_2 &rArr; _get_lc_numeric
</UL>
<BR>[Calls]<UL><LI><a href="#[b1]">&gt;&gt;</a>&nbsp;&nbsp;&nbsp;_get_lc_numeric
</UL>

<P><STRONG><a name="[39c]"></a>__rt_lib_init_alloca_1</STRONG> (Thumb, 0 bytes, Stack size unknown bytes, libinit2.o(.ARM.Collect$$libinit$$0000002C))

<P><STRONG><a name="[39d]"></a>__rt_lib_init_argv_1</STRONG> (Thumb, 0 bytes, Stack size unknown bytes, libinit2.o(.ARM.Collect$$libinit$$0000002A))

<P><STRONG><a name="[39e]"></a>__rt_lib_init_atexit_1</STRONG> (Thumb, 0 bytes, Stack size unknown bytes, libinit2.o(.ARM.Collect$$libinit$$00000019))

<P><STRONG><a name="[39f]"></a>__rt_lib_init_clock_1</STRONG> (Thumb, 0 bytes, Stack size unknown bytes, libinit2.o(.ARM.Collect$$libinit$$0000001F))

<P><STRONG><a name="[3a0]"></a>__rt_lib_init_cpp_1</STRONG> (Thumb, 0 bytes, Stack size unknown bytes, libinit2.o(.ARM.Collect$$libinit$$00000030))

<P><STRONG><a name="[3a1]"></a>__rt_lib_init_exceptions_1</STRONG> (Thumb, 0 bytes, Stack size unknown bytes, libinit2.o(.ARM.Collect$$libinit$$0000002E))

<P><STRONG><a name="[3a2]"></a>__rt_lib_init_fp_trap_1</STRONG> (Thumb, 0 bytes, Stack size unknown bytes, libinit2.o(.ARM.Collect$$libinit$$0000001D))

<P><STRONG><a name="[3a3]"></a>__rt_lib_init_getenv_1</STRONG> (Thumb, 0 bytes, Stack size unknown bytes, libinit2.o(.ARM.Collect$$libinit$$00000021))

<P><STRONG><a name="[3a4]"></a>__rt_lib_init_lc_numeric_1</STRONG> (Thumb, 0 bytes, Stack size unknown bytes, libinit2.o(.ARM.Collect$$libinit$$00000015))

<P><STRONG><a name="[3a5]"></a>__rt_lib_init_lc_time_1</STRONG> (Thumb, 0 bytes, Stack size unknown bytes, libinit2.o(.ARM.Collect$$libinit$$00000017))

<P><STRONG><a name="[3a6]"></a>__rt_lib_init_return</STRONG> (Thumb, 0 bytes, Stack size unknown bytes, libinit2.o(.ARM.Collect$$libinit$$00000031))

<P><STRONG><a name="[3a7]"></a>__rt_lib_init_signal_1</STRONG> (Thumb, 0 bytes, Stack size unknown bytes, libinit2.o(.ARM.Collect$$libinit$$0000001B))

<P><STRONG><a name="[3a8]"></a>__rt_lib_init_stdio_1</STRONG> (Thumb, 0 bytes, Stack size unknown bytes, libinit2.o(.ARM.Collect$$libinit$$00000023))

<P><STRONG><a name="[ba]"></a>__rt_lib_shutdown</STRONG> (Thumb, 0 bytes, Stack size unknown bytes, libshutdown.o(.ARM.Collect$$libshutdown$$00000000))
<BR><BR>[Called By]<UL><LI><a href="#[b9]">&gt;&gt;</a>&nbsp;&nbsp;&nbsp;__rt_exit_ls
<LI><a href="#[d2]">&gt;&gt;</a>&nbsp;&nbsp;&nbsp;abort
</UL>

<P><STRONG><a name="[3a9]"></a>__rt_lib_shutdown_fp_trap_1</STRONG> (Thumb, 0 bytes, Stack size unknown bytes, libshutdown2.o(.ARM.Collect$$libshutdown$$00000006))

<P><STRONG><a name="[3aa]"></a>__rt_lib_shutdown_heap_1</STRONG> (Thumb, 0 bytes, Stack size unknown bytes, libshutdown2.o(.ARM.Collect$$libshutdown$$0000000E))

<P><STRONG><a name="[3ab]"></a>__rt_lib_shutdown_return</STRONG> (Thumb, 0 bytes, Stack size unknown bytes, libshutdown2.o(.ARM.Collect$$libshutdown$$0000000F))

<P><STRONG><a name="[3ac]"></a>__rt_lib_shutdown_signal_1</STRONG> (Thumb, 0 bytes, Stack size unknown bytes, libshutdown2.o(.ARM.Collect$$libshutdown$$00000009))

<P><STRONG><a name="[3ad]"></a>__rt_lib_shutdown_stdio_1</STRONG> (Thumb, 0 bytes, Stack size unknown bytes, libshutdown2.o(.ARM.Collect$$libshutdown$$00000003))

<P><STRONG><a name="[3ae]"></a>__rt_lib_shutdown_user_alloc_1</STRONG> (Thumb, 0 bytes, Stack size unknown bytes, libshutdown2.o(.ARM.Collect$$libshutdown$$0000000B))

<P><STRONG><a name="[9c]"></a>__rt_entry</STRONG> (Thumb, 0 bytes, Stack size unknown bytes, rtentry.o(.ARM.Collect$$rtentry$$00000000))
<BR><BR>[Called By]<UL><LI><a href="#[9a]">&gt;&gt;</a>&nbsp;&nbsp;&nbsp;__main
<LI><a href="#[9d]">&gt;&gt;</a>&nbsp;&nbsp;&nbsp;__scatterload_rt2
</UL>

<P><STRONG><a name="[3af]"></a>__rt_entry_presh_1</STRONG> (Thumb, 0 bytes, Stack size unknown bytes, rtentry2.o(.ARM.Collect$$rtentry$$00000002))

<P><STRONG><a name="[b2]"></a>__rt_entry_sh</STRONG> (Thumb, 0 bytes, Stack size unknown bytes, rtentry4.o(.ARM.Collect$$rtentry$$00000004))
<BR><BR>[Stack]<UL><LI>Max Depth = 8 + Unknown Stack Size
<LI>Call Chain = __rt_entry_sh &rArr; __user_setup_stackheap
</UL>
<BR>[Calls]<UL><LI><a href="#[b3]">&gt;&gt;</a>&nbsp;&nbsp;&nbsp;__user_setup_stackheap
</UL>

<P><STRONG><a name="[b4]"></a>__rt_entry_li</STRONG> (Thumb, 0 bytes, Stack size unknown bytes, rtentry2.o(.ARM.Collect$$rtentry$$0000000A))
<BR><BR>[Calls]<UL><LI><a href="#[b5]">&gt;&gt;</a>&nbsp;&nbsp;&nbsp;__rt_lib_init
</UL>

<P><STRONG><a name="[3b0]"></a>__rt_entry_postsh_1</STRONG> (Thumb, 0 bytes, Stack size unknown bytes, rtentry2.o(.ARM.Collect$$rtentry$$00000009))

<P><STRONG><a name="[b6]"></a>__rt_entry_main</STRONG> (Thumb, 0 bytes, Stack size unknown bytes, rtentry2.o(.ARM.Collect$$rtentry$$0000000D))
<BR><BR>[Stack]<UL><LI>Max Depth = 584 + Unknown Stack Size
<LI>Call Chain = __rt_entry_main &rArr; main &rArr; Software_Hardware_Init &rArr; mf_getcwd &rArr; f_getcwd &rArr; dir_read &rArr; dir_next &rArr; create_chain &rArr; put_fat &rArr; move_window &rArr; sync_window &rArr; disk_write &rArr; SD_WriteDisk &rArr; SD_WriteBlock &rArr; SD_Init &rArr; SD_EnableWideBusOperation &rArr; SDEnWideBus &rArr; FindSCR &rArr; CmdResp1Error
</UL>
<BR>[Calls]<UL><LI><a href="#[b7]">&gt;&gt;</a>&nbsp;&nbsp;&nbsp;main
<LI><a href="#[b8]">&gt;&gt;</a>&nbsp;&nbsp;&nbsp;exit
</UL>

<P><STRONG><a name="[3b1]"></a>__rt_entry_postli_1</STRONG> (Thumb, 0 bytes, Stack size unknown bytes, rtentry2.o(.ARM.Collect$$rtentry$$0000000C))

<P><STRONG><a name="[f3]"></a>__rt_exit</STRONG> (Thumb, 0 bytes, Stack size unknown bytes, rtexit.o(.ARM.Collect$$rtexit$$00000000))
<BR><BR>[Called By]<UL><LI><a href="#[b8]">&gt;&gt;</a>&nbsp;&nbsp;&nbsp;exit
</UL>

<P><STRONG><a name="[b9]"></a>__rt_exit_ls</STRONG> (Thumb, 0 bytes, Stack size unknown bytes, rtexit2.o(.ARM.Collect$$rtexit$$00000003))
<BR><BR>[Calls]<UL><LI><a href="#[ba]">&gt;&gt;</a>&nbsp;&nbsp;&nbsp;__rt_lib_shutdown
</UL>

<P><STRONG><a name="[3b2]"></a>__rt_exit_prels_1</STRONG> (Thumb, 0 bytes, Stack size unknown bytes, rtexit2.o(.ARM.Collect$$rtexit$$00000002))

<P><STRONG><a name="[bb]"></a>__rt_exit_exit</STRONG> (Thumb, 0 bytes, Stack size unknown bytes, rtexit2.o(.ARM.Collect$$rtexit$$00000004))
<BR><BR>[Calls]<UL><LI><a href="#[bc]">&gt;&gt;</a>&nbsp;&nbsp;&nbsp;_sys_exit
</UL>

<P><STRONG><a name="[3b3]"></a>WFI_SET</STRONG> (Thumb, 2 bytes, Stack size 0 bytes, sys.o(.emb_text), UNUSED)

<P><STRONG><a name="[26d]"></a>INTX_DISABLE</STRONG> (Thumb, 4 bytes, Stack size 0 bytes, sys.o(.emb_text))
<BR><BR>[Called By]<UL><LI><a href="#[273]">&gt;&gt;</a>&nbsp;&nbsp;&nbsp;SD_WriteMultiBlocks
<LI><a href="#[271]">&gt;&gt;</a>&nbsp;&nbsp;&nbsp;SD_WriteBlock
<LI><a href="#[270]">&gt;&gt;</a>&nbsp;&nbsp;&nbsp;SD_ReadMultiBlocks
<LI><a href="#[26b]">&gt;&gt;</a>&nbsp;&nbsp;&nbsp;SD_ReadBlock
</UL>

<P><STRONG><a name="[26e]"></a>INTX_ENABLE</STRONG> (Thumb, 4 bytes, Stack size 0 bytes, sys.o(.emb_text))
<BR><BR>[Called By]<UL><LI><a href="#[273]">&gt;&gt;</a>&nbsp;&nbsp;&nbsp;SD_WriteMultiBlocks
<LI><a href="#[271]">&gt;&gt;</a>&nbsp;&nbsp;&nbsp;SD_WriteBlock
<LI><a href="#[270]">&gt;&gt;</a>&nbsp;&nbsp;&nbsp;SD_ReadMultiBlocks
<LI><a href="#[26b]">&gt;&gt;</a>&nbsp;&nbsp;&nbsp;SD_ReadBlock
</UL>

<P><STRONG><a name="[3b4]"></a>MSR_MSP</STRONG> (Thumb, 6 bytes, Stack size 0 bytes, sys.o(.emb_text), UNUSED)

<P><STRONG><a name="[30]"></a>vPortSVCHandler</STRONG> (Thumb, 28 bytes, Stack size 0 bytes, port.o(.emb_text))
<BR>[Address Reference Count : 1]<UL><LI> startup_stm32f40_41xxx.o(RESET)
</UL>
<P><STRONG><a name="[36e]"></a>__asm___6_port_c_39a90d8d__prvStartFirstTask</STRONG> (Thumb, 28 bytes, Stack size 0 bytes, port.o(.emb_text))
<BR><BR>[Called By]<UL><LI><a href="#[367]">&gt;&gt;</a>&nbsp;&nbsp;&nbsp;xPortStartScheduler
</UL>

<P><STRONG><a name="[36d]"></a>__asm___6_port_c_39a90d8d__prvEnableVFP</STRONG> (Thumb, 16 bytes, Stack size 0 bytes, port.o(.emb_text))
<BR><BR>[Called By]<UL><LI><a href="#[367]">&gt;&gt;</a>&nbsp;&nbsp;&nbsp;xPortStartScheduler
</UL>

<P><STRONG><a name="[32]"></a>xPortPendSVHandler</STRONG> (Thumb, 88 bytes, Stack size 0 bytes, port.o(.emb_text))
<BR><BR>[Stack]<UL><LI>Max Depth = 168 + Unknown Stack Size
<LI>Call Chain = xPortPendSVHandler &rArr; vTaskSwitchContext &rArr; vApplicationStackOverflowHook &rArr; __2printf &rArr; _printf_char_file &rArr; _printf_char_common &rArr; __printf
</UL>
<BR>[Calls]<UL><LI><a href="#[bd]">&gt;&gt;</a>&nbsp;&nbsp;&nbsp;vTaskSwitchContext
</UL>
<BR>[Address Reference Count : 1]<UL><LI> startup_stm32f40_41xxx.o(RESET)
</UL>
<P><STRONG><a name="[3b5]"></a>vPortGetIPSR</STRONG> (Thumb, 6 bytes, Stack size 0 bytes, port.o(.emb_text), UNUSED)

<P><STRONG><a name="[259]"></a>Stm32f407_Force_Reboot</STRONG> (Thumb, 16 bytes, Stack size 0 bytes, usmart.o(.emb_text))
<BR><BR>[Called By]<UL><LI><a href="#[258]">&gt;&gt;</a>&nbsp;&nbsp;&nbsp;Reboot_System
</UL>

<P><STRONG><a name="[2a]"></a>Reset_Handler</STRONG> (Thumb, 8 bytes, Stack size 0 bytes, startup_stm32f40_41xxx.o(.text))
<BR>[Address Reference Count : 1]<UL><LI> startup_stm32f40_41xxx.o(RESET)
</UL>
<P><STRONG><a name="[be]"></a>SVC_Handler</STRONG> (Thumb, 2 bytes, Stack size 0 bytes, startup_stm32f40_41xxx.o(.text), UNUSED)
<BR><BR>[Calls]<UL><LI><a href="#[be]">&gt;&gt;</a>&nbsp;&nbsp;&nbsp;SVC_Handler
</UL>
<BR>[Called By]<UL><LI><a href="#[be]">&gt;&gt;</a>&nbsp;&nbsp;&nbsp;SVC_Handler
</UL>

<P><STRONG><a name="[bf]"></a>PendSV_Handler</STRONG> (Thumb, 2 bytes, Stack size 0 bytes, startup_stm32f40_41xxx.o(.text), UNUSED)
<BR><BR>[Calls]<UL><LI><a href="#[bf]">&gt;&gt;</a>&nbsp;&nbsp;&nbsp;PendSV_Handler
</UL>
<BR>[Called By]<UL><LI><a href="#[bf]">&gt;&gt;</a>&nbsp;&nbsp;&nbsp;PendSV_Handler
</UL>

<P><STRONG><a name="[c0]"></a>SysTick_Handler</STRONG> (Thumb, 2 bytes, Stack size 0 bytes, startup_stm32f40_41xxx.o(.text), UNUSED)
<BR><BR>[Calls]<UL><LI><a href="#[c0]">&gt;&gt;</a>&nbsp;&nbsp;&nbsp;SysTick_Handler
</UL>
<BR>[Called By]<UL><LI><a href="#[c0]">&gt;&gt;</a>&nbsp;&nbsp;&nbsp;SysTick_Handler
</UL>

<P><STRONG><a name="[48]"></a>CAN1_RX0_IRQHandler</STRONG> (Thumb, 0 bytes, Stack size 0 bytes, startup_stm32f40_41xxx.o(.text))
<BR><BR>[Calls]<UL><LI><a href="#[48]">&gt;&gt;</a>&nbsp;&nbsp;&nbsp;CAN1_RX0_IRQHandler
</UL>
<BR>[Called By]<UL><LI><a href="#[48]">&gt;&gt;</a>&nbsp;&nbsp;&nbsp;CAN1_RX0_IRQHandler
</UL>
<BR>[Address Reference Count : 1]<UL><LI> startup_stm32f40_41xxx.o(RESET)
</UL>
<P><STRONG><a name="[49]"></a>CAN1_RX1_IRQHandler</STRONG> (Thumb, 0 bytes, Stack size 0 bytes, startup_stm32f40_41xxx.o(.text))
<BR>[Address Reference Count : 1]<UL><LI> startup_stm32f40_41xxx.o(RESET)
</UL>
<P><STRONG><a name="[4a]"></a>CAN1_SCE_IRQHandler</STRONG> (Thumb, 0 bytes, Stack size 0 bytes, startup_stm32f40_41xxx.o(.text))
<BR>[Address Reference Count : 1]<UL><LI> startup_stm32f40_41xxx.o(RESET)
</UL>
<P><STRONG><a name="[47]"></a>CAN1_TX_IRQHandler</STRONG> (Thumb, 0 bytes, Stack size 0 bytes, startup_stm32f40_41xxx.o(.text))
<BR>[Address Reference Count : 1]<UL><LI> startup_stm32f40_41xxx.o(RESET)
</UL>
<P><STRONG><a name="[74]"></a>CAN2_RX0_IRQHandler</STRONG> (Thumb, 0 bytes, Stack size 0 bytes, startup_stm32f40_41xxx.o(.text))
<BR>[Address Reference Count : 1]<UL><LI> startup_stm32f40_41xxx.o(RESET)
</UL>
<P><STRONG><a name="[75]"></a>CAN2_RX1_IRQHandler</STRONG> (Thumb, 0 bytes, Stack size 0 bytes, startup_stm32f40_41xxx.o(.text))
<BR>[Address Reference Count : 1]<UL><LI> startup_stm32f40_41xxx.o(RESET)
</UL>
<P><STRONG><a name="[76]"></a>CAN2_SCE_IRQHandler</STRONG> (Thumb, 0 bytes, Stack size 0 bytes, startup_stm32f40_41xxx.o(.text))
<BR>[Address Reference Count : 1]<UL><LI> startup_stm32f40_41xxx.o(RESET)
</UL>
<P><STRONG><a name="[73]"></a>CAN2_TX_IRQHandler</STRONG> (Thumb, 0 bytes, Stack size 0 bytes, startup_stm32f40_41xxx.o(.text))
<BR>[Address Reference Count : 1]<UL><LI> startup_stm32f40_41xxx.o(RESET)
</UL>
<P><STRONG><a name="[83]"></a>CRYP_IRQHandler</STRONG> (Thumb, 0 bytes, Stack size 0 bytes, startup_stm32f40_41xxx.o(.text))
<BR>[Address Reference Count : 1]<UL><LI> startup_stm32f40_41xxx.o(RESET)
</UL>
<P><STRONG><a name="[82]"></a>DCMI_IRQHandler</STRONG> (Thumb, 0 bytes, Stack size 0 bytes, startup_stm32f40_41xxx.o(.text))
<BR>[Address Reference Count : 1]<UL><LI> startup_stm32f40_41xxx.o(RESET)
</UL>
<P><STRONG><a name="[3f]"></a>DMA1_Stream0_IRQHandler</STRONG> (Thumb, 0 bytes, Stack size 0 bytes, startup_stm32f40_41xxx.o(.text))
<BR>[Address Reference Count : 1]<UL><LI> startup_stm32f40_41xxx.o(RESET)
</UL>
<P><STRONG><a name="[40]"></a>DMA1_Stream1_IRQHandler</STRONG> (Thumb, 0 bytes, Stack size 0 bytes, startup_stm32f40_41xxx.o(.text))
<BR>[Address Reference Count : 1]<UL><LI> startup_stm32f40_41xxx.o(RESET)
</UL>
<P><STRONG><a name="[41]"></a>DMA1_Stream2_IRQHandler</STRONG> (Thumb, 0 bytes, Stack size 0 bytes, startup_stm32f40_41xxx.o(.text))
<BR>[Address Reference Count : 1]<UL><LI> startup_stm32f40_41xxx.o(RESET)
</UL>
<P><STRONG><a name="[42]"></a>DMA1_Stream3_IRQHandler</STRONG> (Thumb, 0 bytes, Stack size 0 bytes, startup_stm32f40_41xxx.o(.text))
<BR>[Address Reference Count : 1]<UL><LI> startup_stm32f40_41xxx.o(RESET)
</UL>
<P><STRONG><a name="[44]"></a>DMA1_Stream5_IRQHandler</STRONG> (Thumb, 0 bytes, Stack size 0 bytes, startup_stm32f40_41xxx.o(.text))
<BR>[Address Reference Count : 1]<UL><LI> startup_stm32f40_41xxx.o(RESET)
</UL>
<P><STRONG><a name="[45]"></a>DMA1_Stream6_IRQHandler</STRONG> (Thumb, 0 bytes, Stack size 0 bytes, startup_stm32f40_41xxx.o(.text))
<BR>[Address Reference Count : 1]<UL><LI> startup_stm32f40_41xxx.o(RESET)
</UL>
<P><STRONG><a name="[63]"></a>DMA1_Stream7_IRQHandler</STRONG> (Thumb, 0 bytes, Stack size 0 bytes, startup_stm32f40_41xxx.o(.text))
<BR>[Address Reference Count : 1]<UL><LI> startup_stm32f40_41xxx.o(RESET)
</UL>
<P><STRONG><a name="[6d]"></a>DMA2_Stream1_IRQHandler</STRONG> (Thumb, 0 bytes, Stack size 0 bytes, startup_stm32f40_41xxx.o(.text))
<BR>[Address Reference Count : 1]<UL><LI> startup_stm32f40_41xxx.o(RESET)
</UL>
<P><STRONG><a name="[6e]"></a>DMA2_Stream2_IRQHandler</STRONG> (Thumb, 0 bytes, Stack size 0 bytes, startup_stm32f40_41xxx.o(.text))
<BR>[Address Reference Count : 1]<UL><LI> startup_stm32f40_41xxx.o(RESET)
</UL>
<P><STRONG><a name="[6f]"></a>DMA2_Stream3_IRQHandler</STRONG> (Thumb, 0 bytes, Stack size 0 bytes, startup_stm32f40_41xxx.o(.text))
<BR>[Address Reference Count : 1]<UL><LI> startup_stm32f40_41xxx.o(RESET)
</UL>
<P><STRONG><a name="[70]"></a>DMA2_Stream4_IRQHandler</STRONG> (Thumb, 0 bytes, Stack size 0 bytes, startup_stm32f40_41xxx.o(.text))
<BR>[Address Reference Count : 1]<UL><LI> startup_stm32f40_41xxx.o(RESET)
</UL>
<P><STRONG><a name="[78]"></a>DMA2_Stream5_IRQHandler</STRONG> (Thumb, 0 bytes, Stack size 0 bytes, startup_stm32f40_41xxx.o(.text))
<BR>[Address Reference Count : 1]<UL><LI> startup_stm32f40_41xxx.o(RESET)
</UL>
<P><STRONG><a name="[79]"></a>DMA2_Stream6_IRQHandler</STRONG> (Thumb, 0 bytes, Stack size 0 bytes, startup_stm32f40_41xxx.o(.text))
<BR>[Address Reference Count : 1]<UL><LI> startup_stm32f40_41xxx.o(RESET)
</UL>
<P><STRONG><a name="[71]"></a>ETH_IRQHandler</STRONG> (Thumb, 0 bytes, Stack size 0 bytes, startup_stm32f40_41xxx.o(.text))
<BR>[Address Reference Count : 1]<UL><LI> startup_stm32f40_41xxx.o(RESET)
</UL>
<P><STRONG><a name="[72]"></a>ETH_WKUP_IRQHandler</STRONG> (Thumb, 0 bytes, Stack size 0 bytes, startup_stm32f40_41xxx.o(.text))
<BR>[Address Reference Count : 1]<UL><LI> startup_stm32f40_41xxx.o(RESET)
</UL>
<P><STRONG><a name="[5c]"></a>EXTI15_10_IRQHandler</STRONG> (Thumb, 0 bytes, Stack size 0 bytes, startup_stm32f40_41xxx.o(.text))
<BR>[Address Reference Count : 1]<UL><LI> startup_stm32f40_41xxx.o(RESET)
</UL>
<P><STRONG><a name="[3b]"></a>EXTI1_IRQHandler</STRONG> (Thumb, 0 bytes, Stack size 0 bytes, startup_stm32f40_41xxx.o(.text))
<BR>[Address Reference Count : 1]<UL><LI> startup_stm32f40_41xxx.o(RESET)
</UL>
<P><STRONG><a name="[3c]"></a>EXTI2_IRQHandler</STRONG> (Thumb, 0 bytes, Stack size 0 bytes, startup_stm32f40_41xxx.o(.text))
<BR>[Address Reference Count : 1]<UL><LI> startup_stm32f40_41xxx.o(RESET)
</UL>
<P><STRONG><a name="[4b]"></a>EXTI9_5_IRQHandler</STRONG> (Thumb, 0 bytes, Stack size 0 bytes, startup_stm32f40_41xxx.o(.text))
<BR>[Address Reference Count : 1]<UL><LI> startup_stm32f40_41xxx.o(RESET)
</UL>
<P><STRONG><a name="[38]"></a>FLASH_IRQHandler</STRONG> (Thumb, 0 bytes, Stack size 0 bytes, startup_stm32f40_41xxx.o(.text))
<BR>[Address Reference Count : 1]<UL><LI> startup_stm32f40_41xxx.o(RESET)
</UL>
<P><STRONG><a name="[85]"></a>FPU_IRQHandler</STRONG> (Thumb, 0 bytes, Stack size 0 bytes, startup_stm32f40_41xxx.o(.text))
<BR>[Address Reference Count : 1]<UL><LI> startup_stm32f40_41xxx.o(RESET)
</UL>
<P><STRONG><a name="[64]"></a>FSMC_IRQHandler</STRONG> (Thumb, 0 bytes, Stack size 0 bytes, startup_stm32f40_41xxx.o(.text))
<BR>[Address Reference Count : 1]<UL><LI> startup_stm32f40_41xxx.o(RESET)
</UL>
<P><STRONG><a name="[84]"></a>HASH_RNG_IRQHandler</STRONG> (Thumb, 0 bytes, Stack size 0 bytes, startup_stm32f40_41xxx.o(.text))
<BR>[Address Reference Count : 1]<UL><LI> startup_stm32f40_41xxx.o(RESET)
</UL>
<P><STRONG><a name="[54]"></a>I2C1_ER_IRQHandler</STRONG> (Thumb, 0 bytes, Stack size 0 bytes, startup_stm32f40_41xxx.o(.text))
<BR>[Address Reference Count : 1]<UL><LI> startup_stm32f40_41xxx.o(RESET)
</UL>
<P><STRONG><a name="[53]"></a>I2C1_EV_IRQHandler</STRONG> (Thumb, 0 bytes, Stack size 0 bytes, startup_stm32f40_41xxx.o(.text))
<BR>[Address Reference Count : 1]<UL><LI> startup_stm32f40_41xxx.o(RESET)
</UL>
<P><STRONG><a name="[56]"></a>I2C2_ER_IRQHandler</STRONG> (Thumb, 0 bytes, Stack size 0 bytes, startup_stm32f40_41xxx.o(.text))
<BR>[Address Reference Count : 1]<UL><LI> startup_stm32f40_41xxx.o(RESET)
</UL>
<P><STRONG><a name="[55]"></a>I2C2_EV_IRQHandler</STRONG> (Thumb, 0 bytes, Stack size 0 bytes, startup_stm32f40_41xxx.o(.text))
<BR>[Address Reference Count : 1]<UL><LI> startup_stm32f40_41xxx.o(RESET)
</UL>
<P><STRONG><a name="[7d]"></a>I2C3_ER_IRQHandler</STRONG> (Thumb, 0 bytes, Stack size 0 bytes, startup_stm32f40_41xxx.o(.text))
<BR>[Address Reference Count : 1]<UL><LI> startup_stm32f40_41xxx.o(RESET)
</UL>
<P><STRONG><a name="[7c]"></a>I2C3_EV_IRQHandler</STRONG> (Thumb, 0 bytes, Stack size 0 bytes, startup_stm32f40_41xxx.o(.text))
<BR>[Address Reference Count : 1]<UL><LI> startup_stm32f40_41xxx.o(RESET)
</UL>
<P><STRONG><a name="[77]"></a>OTG_FS_IRQHandler</STRONG> (Thumb, 0 bytes, Stack size 0 bytes, startup_stm32f40_41xxx.o(.text))
<BR>[Address Reference Count : 1]<UL><LI> startup_stm32f40_41xxx.o(RESET)
</UL>
<P><STRONG><a name="[5e]"></a>OTG_FS_WKUP_IRQHandler</STRONG> (Thumb, 0 bytes, Stack size 0 bytes, startup_stm32f40_41xxx.o(.text))
<BR>[Address Reference Count : 1]<UL><LI> startup_stm32f40_41xxx.o(RESET)
</UL>
<P><STRONG><a name="[7f]"></a>OTG_HS_EP1_IN_IRQHandler</STRONG> (Thumb, 0 bytes, Stack size 0 bytes, startup_stm32f40_41xxx.o(.text))
<BR>[Address Reference Count : 1]<UL><LI> startup_stm32f40_41xxx.o(RESET)
</UL>
<P><STRONG><a name="[7e]"></a>OTG_HS_EP1_OUT_IRQHandler</STRONG> (Thumb, 0 bytes, Stack size 0 bytes, startup_stm32f40_41xxx.o(.text))
<BR>[Address Reference Count : 1]<UL><LI> startup_stm32f40_41xxx.o(RESET)
</UL>
<P><STRONG><a name="[81]"></a>OTG_HS_IRQHandler</STRONG> (Thumb, 0 bytes, Stack size 0 bytes, startup_stm32f40_41xxx.o(.text))
<BR>[Address Reference Count : 1]<UL><LI> startup_stm32f40_41xxx.o(RESET)
</UL>
<P><STRONG><a name="[80]"></a>OTG_HS_WKUP_IRQHandler</STRONG> (Thumb, 0 bytes, Stack size 0 bytes, startup_stm32f40_41xxx.o(.text))
<BR>[Address Reference Count : 1]<UL><LI> startup_stm32f40_41xxx.o(RESET)
</UL>
<P><STRONG><a name="[35]"></a>PVD_IRQHandler</STRONG> (Thumb, 0 bytes, Stack size 0 bytes, startup_stm32f40_41xxx.o(.text))
<BR>[Address Reference Count : 1]<UL><LI> startup_stm32f40_41xxx.o(RESET)
</UL>
<P><STRONG><a name="[39]"></a>RCC_IRQHandler</STRONG> (Thumb, 0 bytes, Stack size 0 bytes, startup_stm32f40_41xxx.o(.text))
<BR>[Address Reference Count : 1]<UL><LI> startup_stm32f40_41xxx.o(RESET)
</UL>
<P><STRONG><a name="[57]"></a>SPI1_IRQHandler</STRONG> (Thumb, 0 bytes, Stack size 0 bytes, startup_stm32f40_41xxx.o(.text))
<BR>[Address Reference Count : 1]<UL><LI> startup_stm32f40_41xxx.o(RESET)
</UL>
<P><STRONG><a name="[58]"></a>SPI2_IRQHandler</STRONG> (Thumb, 0 bytes, Stack size 0 bytes, startup_stm32f40_41xxx.o(.text))
<BR>[Address Reference Count : 1]<UL><LI> startup_stm32f40_41xxx.o(RESET)
</UL>
<P><STRONG><a name="[67]"></a>SPI3_IRQHandler</STRONG> (Thumb, 0 bytes, Stack size 0 bytes, startup_stm32f40_41xxx.o(.text))
<BR>[Address Reference Count : 1]<UL><LI> startup_stm32f40_41xxx.o(RESET)
</UL>
<P><STRONG><a name="[36]"></a>TAMP_STAMP_IRQHandler</STRONG> (Thumb, 0 bytes, Stack size 0 bytes, startup_stm32f40_41xxx.o(.text))
<BR>[Address Reference Count : 1]<UL><LI> startup_stm32f40_41xxx.o(RESET)
</UL>
<P><STRONG><a name="[4c]"></a>TIM1_BRK_TIM9_IRQHandler</STRONG> (Thumb, 0 bytes, Stack size 0 bytes, startup_stm32f40_41xxx.o(.text))
<BR>[Address Reference Count : 1]<UL><LI> startup_stm32f40_41xxx.o(RESET)
</UL>
<P><STRONG><a name="[4f]"></a>TIM1_CC_IRQHandler</STRONG> (Thumb, 0 bytes, Stack size 0 bytes, startup_stm32f40_41xxx.o(.text))
<BR>[Address Reference Count : 1]<UL><LI> startup_stm32f40_41xxx.o(RESET)
</UL>
<P><STRONG><a name="[4e]"></a>TIM1_TRG_COM_TIM11_IRQHandler</STRONG> (Thumb, 0 bytes, Stack size 0 bytes, startup_stm32f40_41xxx.o(.text))
<BR>[Address Reference Count : 1]<UL><LI> startup_stm32f40_41xxx.o(RESET)
</UL>
<P><STRONG><a name="[4d]"></a>TIM1_UP_TIM10_IRQHandler</STRONG> (Thumb, 0 bytes, Stack size 0 bytes, startup_stm32f40_41xxx.o(.text))
<BR>[Address Reference Count : 1]<UL><LI> startup_stm32f40_41xxx.o(RESET)
</UL>
<P><STRONG><a name="[50]"></a>TIM2_IRQHandler</STRONG> (Thumb, 0 bytes, Stack size 0 bytes, startup_stm32f40_41xxx.o(.text))
<BR>[Address Reference Count : 1]<UL><LI> startup_stm32f40_41xxx.o(RESET)
</UL>
<P><STRONG><a name="[51]"></a>TIM3_IRQHandler</STRONG> (Thumb, 0 bytes, Stack size 0 bytes, startup_stm32f40_41xxx.o(.text))
<BR>[Address Reference Count : 1]<UL><LI> startup_stm32f40_41xxx.o(RESET)
</UL>
<P><STRONG><a name="[52]"></a>TIM4_IRQHandler</STRONG> (Thumb, 0 bytes, Stack size 0 bytes, startup_stm32f40_41xxx.o(.text))
<BR>[Address Reference Count : 1]<UL><LI> startup_stm32f40_41xxx.o(RESET)
</UL>
<P><STRONG><a name="[66]"></a>TIM5_IRQHandler</STRONG> (Thumb, 0 bytes, Stack size 0 bytes, startup_stm32f40_41xxx.o(.text))
<BR>[Address Reference Count : 1]<UL><LI> startup_stm32f40_41xxx.o(RESET)
</UL>
<P><STRONG><a name="[6a]"></a>TIM6_DAC_IRQHandler</STRONG> (Thumb, 0 bytes, Stack size 0 bytes, startup_stm32f40_41xxx.o(.text))
<BR>[Address Reference Count : 1]<UL><LI> startup_stm32f40_41xxx.o(RESET)
</UL>
<P><STRONG><a name="[6b]"></a>TIM7_IRQHandler</STRONG> (Thumb, 0 bytes, Stack size 0 bytes, startup_stm32f40_41xxx.o(.text))
<BR>[Address Reference Count : 1]<UL><LI> startup_stm32f40_41xxx.o(RESET)
</UL>
<P><STRONG><a name="[5f]"></a>TIM8_BRK_TIM12_IRQHandler</STRONG> (Thumb, 0 bytes, Stack size 0 bytes, startup_stm32f40_41xxx.o(.text))
<BR>[Address Reference Count : 1]<UL><LI> startup_stm32f40_41xxx.o(RESET)
</UL>
<P><STRONG><a name="[62]"></a>TIM8_CC_IRQHandler</STRONG> (Thumb, 0 bytes, Stack size 0 bytes, startup_stm32f40_41xxx.o(.text))
<BR>[Address Reference Count : 1]<UL><LI> startup_stm32f40_41xxx.o(RESET)
</UL>
<P><STRONG><a name="[61]"></a>TIM8_TRG_COM_TIM14_IRQHandler</STRONG> (Thumb, 0 bytes, Stack size 0 bytes, startup_stm32f40_41xxx.o(.text))
<BR>[Address Reference Count : 1]<UL><LI> startup_stm32f40_41xxx.o(RESET)
</UL>
<P><STRONG><a name="[60]"></a>TIM8_UP_TIM13_IRQHandler</STRONG> (Thumb, 0 bytes, Stack size 0 bytes, startup_stm32f40_41xxx.o(.text))
<BR>[Address Reference Count : 1]<UL><LI> startup_stm32f40_41xxx.o(RESET)
</UL>
<P><STRONG><a name="[69]"></a>UART5_IRQHandler</STRONG> (Thumb, 0 bytes, Stack size 0 bytes, startup_stm32f40_41xxx.o(.text))
<BR>[Address Reference Count : 1]<UL><LI> startup_stm32f40_41xxx.o(RESET)
</UL>
<P><STRONG><a name="[5a]"></a>USART2_IRQHandler</STRONG> (Thumb, 0 bytes, Stack size 0 bytes, startup_stm32f40_41xxx.o(.text))
<BR>[Address Reference Count : 1]<UL><LI> startup_stm32f40_41xxx.o(RESET)
</UL>
<P><STRONG><a name="[34]"></a>WWDG_IRQHandler</STRONG> (Thumb, 0 bytes, Stack size 0 bytes, startup_stm32f40_41xxx.o(.text))
<BR>[Address Reference Count : 1]<UL><LI> startup_stm32f40_41xxx.o(RESET)
</UL>
<P><STRONG><a name="[f2]"></a>__user_initial_stackheap</STRONG> (Thumb, 0 bytes, Stack size unknown bytes, startup_stm32f40_41xxx.o(.text))
<BR><BR>[Called By]<UL><LI><a href="#[b3]">&gt;&gt;</a>&nbsp;&nbsp;&nbsp;__user_setup_stackheap
</UL>

<P><STRONG><a name="[3b6]"></a>xmp3_PolyphaseStereo</STRONG> (Thumb, 1308 bytes, Stack size 0 bytes, asmpoly_thumb2.o(.text), UNUSED)

<P><STRONG><a name="[380]"></a>xmp3_PolyphaseMono</STRONG> (Thumb, 754 bytes, Stack size 0 bytes, asmpoly_thumb2.o(.text))
<BR><BR>[Called By]<UL><LI><a href="#[21a]">&gt;&gt;</a>&nbsp;&nbsp;&nbsp;xmp3_Subband
</UL>

<P><STRONG><a name="[121]"></a>xmp3_MULSHIFT32</STRONG> (Thumb, 0 bytes, Stack size unknown bytes, asmmisc.o(.text))
<BR><BR>[Called By]<UL><LI><a href="#[1f2]">&gt;&gt;</a>&nbsp;&nbsp;&nbsp;imdct12
<LI><a href="#[1f3]">&gt;&gt;</a>&nbsp;&nbsp;&nbsp;idct9
<LI><a href="#[1da]">&gt;&gt;</a>&nbsp;&nbsp;&nbsp;WinPrevious
<LI><a href="#[1d8]">&gt;&gt;</a>&nbsp;&nbsp;&nbsp;IMDCT36
<LI><a href="#[1d9]">&gt;&gt;</a>&nbsp;&nbsp;&nbsp;IMDCT12x3
<LI><a href="#[120]">&gt;&gt;</a>&nbsp;&nbsp;&nbsp;AntiAlias
<LI><a href="#[19f]">&gt;&gt;</a>&nbsp;&nbsp;&nbsp;DequantBlock
<LI><a href="#[37c]">&gt;&gt;</a>&nbsp;&nbsp;&nbsp;xmp3_IntensityProcMPEG2
<LI><a href="#[37b]">&gt;&gt;</a>&nbsp;&nbsp;&nbsp;xmp3_IntensityProcMPEG1
<LI><a href="#[37e]">&gt;&gt;</a>&nbsp;&nbsp;&nbsp;xmp3_FDCT32
</UL>

<P><STRONG><a name="[1c4]"></a>xmp3_FASTABS</STRONG> (Thumb, 0 bytes, Stack size unknown bytes, asmmisc.o(.text))
<BR><BR>[Called By]<UL><LI><a href="#[1d8]">&gt;&gt;</a>&nbsp;&nbsp;&nbsp;IMDCT36
<LI><a href="#[1d9]">&gt;&gt;</a>&nbsp;&nbsp;&nbsp;IMDCT12x3
<LI><a href="#[1d7]">&gt;&gt;</a>&nbsp;&nbsp;&nbsp;HybridTransform
<LI><a href="#[1c3]">&gt;&gt;</a>&nbsp;&nbsp;&nbsp;FreqInvertRescale
<LI><a href="#[37a]">&gt;&gt;</a>&nbsp;&nbsp;&nbsp;xmp3_MidSideProc
<LI><a href="#[37c]">&gt;&gt;</a>&nbsp;&nbsp;&nbsp;xmp3_IntensityProcMPEG2
<LI><a href="#[37b]">&gt;&gt;</a>&nbsp;&nbsp;&nbsp;xmp3_IntensityProcMPEG1
</UL>

<P><STRONG><a name="[2e9]"></a>__aeabi_ldivmod</STRONG> (Thumb, 0 bytes, Stack size 8 bytes, llsdiv.o(.text))
<BR><BR>[Stack]<UL><LI>Max Depth = 8<LI>Call Chain = __aeabi_ldivmod
</UL>
<BR>[Called By]<UL><LI><a href="#[36a]">&gt;&gt;</a>&nbsp;&nbsp;&nbsp;wav_get_curtime
<LI><a href="#[2e8]">&gt;&gt;</a>&nbsp;&nbsp;&nbsp;disk_ioctl
</UL>

<P><STRONG><a name="[c1]"></a>_ll_sdiv</STRONG> (Thumb, 72 bytes, Stack size 8 bytes, llsdiv.o(.text), UNUSED)
<BR><BR>[Calls]<UL><LI><a href="#[c2]">&gt;&gt;</a>&nbsp;&nbsp;&nbsp;__aeabi_uldivmod
</UL>

<P><STRONG><a name="[c3]"></a>__2printf</STRONG> (Thumb, 20 bytes, Stack size 24 bytes, noretval__2printf.o(.text))
<BR><BR>[Stack]<UL><LI>Max Depth = 144 + Unknown Stack Size
<LI>Call Chain = __2printf &rArr; _printf_char_file &rArr; _printf_char_common &rArr; __printf
</UL>
<BR>[Calls]<UL><LI><a href="#[c4]">&gt;&gt;</a>&nbsp;&nbsp;&nbsp;_printf_char_file
</UL>
<BR>[Called By]<UL><LI><a href="#[68]">&gt;&gt;</a>&nbsp;&nbsp;&nbsp;UART4_IRQHandler
<LI><a href="#[6]">&gt;&gt;</a>&nbsp;&nbsp;&nbsp;delay_ms
<LI><a href="#[1cf]">&gt;&gt;</a>&nbsp;&nbsp;&nbsp;send_command_ack
<LI><a href="#[1d0]">&gt;&gt;</a>&nbsp;&nbsp;&nbsp;handle_remote_command
<LI><a href="#[1d1]">&gt;&gt;</a>&nbsp;&nbsp;&nbsp;handle_ack_command
<LI><a href="#[1cc]">&gt;&gt;</a>&nbsp;&nbsp;&nbsp;catch_data_frame
<LI><a href="#[134]">&gt;&gt;</a>&nbsp;&nbsp;&nbsp;caculate_file_md5
<LI><a href="#[2b2]">&gt;&gt;</a>&nbsp;&nbsp;&nbsp;amr_play_song
<LI><a href="#[2c2]">&gt;&gt;</a>&nbsp;&nbsp;&nbsp;audio_play_song
<LI><a href="#[2c3]">&gt;&gt;</a>&nbsp;&nbsp;&nbsp;wav_play_song
<LI><a href="#[369]">&gt;&gt;</a>&nbsp;&nbsp;&nbsp;wav_decode_init
<LI><a href="#[2c4]">&gt;&gt;</a>&nbsp;&nbsp;&nbsp;mp3_play_song
<LI><a href="#[31c]">&gt;&gt;</a>&nbsp;&nbsp;&nbsp;mp3_id3v2_decode
<LI><a href="#[31d]">&gt;&gt;</a>&nbsp;&nbsp;&nbsp;mp3_id3v1_decode
<LI><a href="#[31b]">&gt;&gt;</a>&nbsp;&nbsp;&nbsp;mp3_get_info
<LI><a href="#[1bf]">&gt;&gt;</a>&nbsp;&nbsp;&nbsp;vTaskDelayUntil
<LI><a href="#[90]">&gt;&gt;</a>&nbsp;&nbsp;&nbsp;usamrt_debug_task
<LI><a href="#[1c9]">&gt;&gt;</a>&nbsp;&nbsp;&nbsp;rfifo_init
<LI><a href="#[285]">&gt;&gt;</a>&nbsp;&nbsp;&nbsp;f_mount
<LI><a href="#[286]">&gt;&gt;</a>&nbsp;&nbsp;&nbsp;f_mkfs
<LI><a href="#[224]">&gt;&gt;</a>&nbsp;&nbsp;&nbsp;audio_play
<LI><a href="#[282]">&gt;&gt;</a>&nbsp;&nbsp;&nbsp;W25QXX_Init
<LI><a href="#[24b]">&gt;&gt;</a>&nbsp;&nbsp;&nbsp;RTC_INIT
<LI><a href="#[8d]">&gt;&gt;</a>&nbsp;&nbsp;&nbsp;HandleUpstreamTask
<LI><a href="#[8e]">&gt;&gt;</a>&nbsp;&nbsp;&nbsp;HandleDownStreamTask
<LI><a href="#[1a5]">&gt;&gt;</a>&nbsp;&nbsp;&nbsp;Fatfs_Cat_File
<LI><a href="#[110]">&gt;&gt;</a>&nbsp;&nbsp;&nbsp;Adc_Init
<LI><a href="#[9]">&gt;&gt;</a>&nbsp;&nbsp;&nbsp;vSetPrintfTime
<LI><a href="#[35f]">&gt;&gt;</a>&nbsp;&nbsp;&nbsp;vApplicationStackOverflowHook
<LI><a href="#[8]">&gt;&gt;</a>&nbsp;&nbsp;&nbsp;saveStringToLog
<LI><a href="#[27f]">&gt;&gt;</a>&nbsp;&nbsp;&nbsp;Software_Hardware_Init
<LI><a href="#[a]">&gt;&gt;</a>&nbsp;&nbsp;&nbsp;Save_String_To_Flash
<LI><a href="#[b]">&gt;&gt;</a>&nbsp;&nbsp;&nbsp;Read_String_From_Flash
<LI><a href="#[92]">&gt;&gt;</a>&nbsp;&nbsp;&nbsp;RTC_read_Task
<LI><a href="#[236]">&gt;&gt;</a>&nbsp;&nbsp;&nbsp;Printf_Application_Version
<LI><a href="#[8f]">&gt;&gt;</a>&nbsp;&nbsp;&nbsp;Music_Player
<LI><a href="#[93]">&gt;&gt;</a>&nbsp;&nbsp;&nbsp;Key_Detect_Task
<LI><a href="#[91]">&gt;&gt;</a>&nbsp;&nbsp;&nbsp;Feed_Wdg_Task
<LI><a href="#[2a0]">&gt;&gt;</a>&nbsp;&nbsp;&nbsp;W25QXX_Erase_Sector
<LI><a href="#[5d]">&gt;&gt;</a>&nbsp;&nbsp;&nbsp;RTC_Alarm_IRQHandler
<LI><a href="#[10]">&gt;&gt;</a>&nbsp;&nbsp;&nbsp;mf_write
<LI><a href="#[25]">&gt;&gt;</a>&nbsp;&nbsp;&nbsp;mf_stat
<LI><a href="#[1e]">&gt;&gt;</a>&nbsp;&nbsp;&nbsp;mf_setlabel
<LI><a href="#[13]">&gt;&gt;</a>&nbsp;&nbsp;&nbsp;mf_readdir
<LI><a href="#[f]">&gt;&gt;</a>&nbsp;&nbsp;&nbsp;mf_read
<LI><a href="#[1f]">&gt;&gt;</a>&nbsp;&nbsp;&nbsp;mf_gets
<LI><a href="#[1d]">&gt;&gt;</a>&nbsp;&nbsp;&nbsp;mf_getlabel
<LI><a href="#[1ae]">&gt;&gt;</a>&nbsp;&nbsp;&nbsp;vPrintSdDisk
<LI><a href="#[1b0]">&gt;&gt;</a>&nbsp;&nbsp;&nbsp;vPrintRamdDisk
<LI><a href="#[1af]">&gt;&gt;</a>&nbsp;&nbsp;&nbsp;vPrintFlashDisk
<LI><a href="#[133]">&gt;&gt;</a>&nbsp;&nbsp;&nbsp;mf_stat_
<LI><a href="#[15]">&gt;&gt;</a>&nbsp;&nbsp;&nbsp;mf_showfree
<LI><a href="#[1b4]">&gt;&gt;</a>&nbsp;&nbsp;&nbsp;mf_scan_files_
<LI><a href="#[14]">&gt;&gt;</a>&nbsp;&nbsp;&nbsp;mf_scan_files
<LI><a href="#[11f]">&gt;&gt;</a>&nbsp;&nbsp;&nbsp;amr_set_sample_rate
<LI><a href="#[356]">&gt;&gt;</a>&nbsp;&nbsp;&nbsp;usmart_sys_cmd_exe
<LI><a href="#[29]">&gt;&gt;</a>&nbsp;&nbsp;&nbsp;usmart_scan
<LI><a href="#[28]">&gt;&gt;</a>&nbsp;&nbsp;&nbsp;usmart_exe
<LI><a href="#[27e]">&gt;&gt;</a>&nbsp;&nbsp;&nbsp;Set_Task_Log_Level
<LI><a href="#[27d]">&gt;&gt;</a>&nbsp;&nbsp;&nbsp;Set_Os_Log_Level
<LI><a href="#[258]">&gt;&gt;</a>&nbsp;&nbsp;&nbsp;Reboot_System
<LI><a href="#[241]">&gt;&gt;</a>&nbsp;&nbsp;&nbsp;Printf_Time_From_Rtc
<LI><a href="#[240]">&gt;&gt;</a>&nbsp;&nbsp;&nbsp;Printf_System_Tempreture
<LI><a href="#[23f]">&gt;&gt;</a>&nbsp;&nbsp;&nbsp;Printf_System_Jiffies
<LI><a href="#[237]">&gt;&gt;</a>&nbsp;&nbsp;&nbsp;Printf_Memory_Information
<LI><a href="#[207]">&gt;&gt;</a>&nbsp;&nbsp;&nbsp;List_Struct_Information
<LI><a href="#[205]">&gt;&gt;</a>&nbsp;&nbsp;&nbsp;List_All_Task_Information
<LI><a href="#[1bb]">&gt;&gt;</a>&nbsp;&nbsp;&nbsp;Fatfs_Touch_File
<LI><a href="#[1ba]">&gt;&gt;</a>&nbsp;&nbsp;&nbsp;Fatfs_Rm_Dir
<LI><a href="#[1b9]">&gt;&gt;</a>&nbsp;&nbsp;&nbsp;Fatfs_Mount
<LI><a href="#[1b7]">&gt;&gt;</a>&nbsp;&nbsp;&nbsp;Fatfs_Informantion
<LI><a href="#[1b6]">&gt;&gt;</a>&nbsp;&nbsp;&nbsp;Fatfs_Get_Volume_Free
<LI><a href="#[1b1]">&gt;&gt;</a>&nbsp;&nbsp;&nbsp;Fatfs_Echo_To_File
<LI><a href="#[1ac]">&gt;&gt;</a>&nbsp;&nbsp;&nbsp;Fatfs_Dump_Ram
<LI><a href="#[1aa]">&gt;&gt;</a>&nbsp;&nbsp;&nbsp;Fatfs_Copy_File
<LI><a href="#[1a9]">&gt;&gt;</a>&nbsp;&nbsp;&nbsp;Fatfs_Change_Dir
<LI><a href="#[156]">&gt;&gt;</a>&nbsp;&nbsp;&nbsp;Deal_Command_For_Task
<LI><a href="#[13f]">&gt;&gt;</a>&nbsp;&nbsp;&nbsp;Change_User_Name
<LI><a href="#[13b]">&gt;&gt;</a>&nbsp;&nbsp;&nbsp;Change_Uart_Baud
<LI><a href="#[12e]">&gt;&gt;</a>&nbsp;&nbsp;&nbsp;Caulate_File_Md5
<LI><a href="#[11d]">&gt;&gt;</a>&nbsp;&nbsp;&nbsp;Amr_Set_Samplerate
<LI><a href="#[30b]">&gt;&gt;</a>&nbsp;&nbsp;&nbsp;f_rename
<LI><a href="#[300]">&gt;&gt;</a>&nbsp;&nbsp;&nbsp;f_mkdir
<LI><a href="#[2f0]">&gt;&gt;</a>&nbsp;&nbsp;&nbsp;find_volume
<LI><a href="#[2da]">&gt;&gt;</a>&nbsp;&nbsp;&nbsp;dir_next
<LI><a href="#[2db]">&gt;&gt;</a>&nbsp;&nbsp;&nbsp;dir_find
<LI><a href="#[2d9]">&gt;&gt;</a>&nbsp;&nbsp;&nbsp;dir_alloc
<LI><a href="#[2cd]">&gt;&gt;</a>&nbsp;&nbsp;&nbsp;create_chain
<LI><a href="#[2e7]">&gt;&gt;</a>&nbsp;&nbsp;&nbsp;disk_initialize
<LI><a href="#[254]">&gt;&gt;</a>&nbsp;&nbsp;&nbsp;Ramdisk_Write
<LI><a href="#[252]">&gt;&gt;</a>&nbsp;&nbsp;&nbsp;Ramdisk_Read
<LI><a href="#[155]">&gt;&gt;</a>&nbsp;&nbsp;&nbsp;D_plsf_reset
<LI><a href="#[154]">&gt;&gt;</a>&nbsp;&nbsp;&nbsp;D_plsf_init
<LI><a href="#[13a]">&gt;&gt;</a>&nbsp;&nbsp;&nbsp;Cb_gain_average_reset
<LI><a href="#[139]">&gt;&gt;</a>&nbsp;&nbsp;&nbsp;Cb_gain_average_init
<LI><a href="#[12a]">&gt;&gt;</a>&nbsp;&nbsp;&nbsp;Bgn_scd_reset
<LI><a href="#[129]">&gt;&gt;</a>&nbsp;&nbsp;&nbsp;Bgn_scd_init
<LI><a href="#[10a]">&gt;&gt;</a>&nbsp;&nbsp;&nbsp;div_s
<LI><a href="#[231]">&gt;&gt;</a>&nbsp;&nbsp;&nbsp;agc_reset
<LI><a href="#[22f]">&gt;&gt;</a>&nbsp;&nbsp;&nbsp;agc_init
<LI><a href="#[232]">&gt;&gt;</a>&nbsp;&nbsp;&nbsp;preemphasis_reset
<LI><a href="#[22e]">&gt;&gt;</a>&nbsp;&nbsp;&nbsp;preemphasis_init
<LI><a href="#[230]">&gt;&gt;</a>&nbsp;&nbsp;&nbsp;Post_Filter_reset
<LI><a href="#[22d]">&gt;&gt;</a>&nbsp;&nbsp;&nbsp;Post_Filter_init
<LI><a href="#[235]">&gt;&gt;</a>&nbsp;&nbsp;&nbsp;Post_Process_reset
<LI><a href="#[234]">&gt;&gt;</a>&nbsp;&nbsp;&nbsp;Post_Process_init
<LI><a href="#[2b3]">&gt;&gt;</a>&nbsp;&nbsp;&nbsp;proc_head
<LI><a href="#[19d]">&gt;&gt;</a>&nbsp;&nbsp;&nbsp;ph_disp_reset
<LI><a href="#[197]">&gt;&gt;</a>&nbsp;&nbsp;&nbsp;ph_disp_init
<LI><a href="#[199]">&gt;&gt;</a>&nbsp;&nbsp;&nbsp;lsp_avg_reset
<LI><a href="#[196]">&gt;&gt;</a>&nbsp;&nbsp;&nbsp;lsp_avg_init
<LI><a href="#[19c]">&gt;&gt;</a>&nbsp;&nbsp;&nbsp;gc_pred_reset
<LI><a href="#[195]">&gt;&gt;</a>&nbsp;&nbsp;&nbsp;gc_pred_init
<LI><a href="#[19a]">&gt;&gt;</a>&nbsp;&nbsp;&nbsp;ec_gain_pitch_reset
<LI><a href="#[193]">&gt;&gt;</a>&nbsp;&nbsp;&nbsp;ec_gain_pitch_init
<LI><a href="#[19b]">&gt;&gt;</a>&nbsp;&nbsp;&nbsp;ec_gain_code_reset
<LI><a href="#[194]">&gt;&gt;</a>&nbsp;&nbsp;&nbsp;ec_gain_code_init
<LI><a href="#[19e]">&gt;&gt;</a>&nbsp;&nbsp;&nbsp;dtx_dec_reset
<LI><a href="#[198]">&gt;&gt;</a>&nbsp;&nbsp;&nbsp;dtx_dec_init
<LI><a href="#[16b]">&gt;&gt;</a>&nbsp;&nbsp;&nbsp;Decoder_amr_reset
<LI><a href="#[192]">&gt;&gt;</a>&nbsp;&nbsp;&nbsp;Decoder_amr_init
<LI><a href="#[293]">&gt;&gt;</a>&nbsp;&nbsp;&nbsp;Speech_Decode_Frame_reset
<LI><a href="#[291]">&gt;&gt;</a>&nbsp;&nbsp;&nbsp;Speech_Decode_Frame_init
</UL>

<P><STRONG><a name="[c5]"></a>__2sprintf</STRONG> (Thumb, 34 bytes, Stack size 32 bytes, noretval__2sprintf.o(.text))
<BR><BR>[Stack]<UL><LI>Max Depth = 136 + Unknown Stack Size
<LI>Call Chain = __2sprintf &rArr; _printf_char_common &rArr; __printf
</UL>
<BR>[Calls]<UL><LI><a href="#[88]">&gt;&gt;</a>&nbsp;&nbsp;&nbsp;_sputc
<LI><a href="#[c6]">&gt;&gt;</a>&nbsp;&nbsp;&nbsp;_printf_char_common
</UL>
<BR>[Called By]<UL><LI><a href="#[1a5]">&gt;&gt;</a>&nbsp;&nbsp;&nbsp;Fatfs_Cat_File
<LI><a href="#[92]">&gt;&gt;</a>&nbsp;&nbsp;&nbsp;RTC_read_Task
<LI><a href="#[206]">&gt;&gt;</a>&nbsp;&nbsp;&nbsp;vTaskList
<LI><a href="#[1b4]">&gt;&gt;</a>&nbsp;&nbsp;&nbsp;mf_scan_files_
<LI><a href="#[1bb]">&gt;&gt;</a>&nbsp;&nbsp;&nbsp;Fatfs_Touch_File
<LI><a href="#[1ba]">&gt;&gt;</a>&nbsp;&nbsp;&nbsp;Fatfs_Rm_Dir
<LI><a href="#[1b8]">&gt;&gt;</a>&nbsp;&nbsp;&nbsp;Fatfs_Make_Dir
<LI><a href="#[1b5]">&gt;&gt;</a>&nbsp;&nbsp;&nbsp;Fatfs_Get_Dir_More_Ls
<LI><a href="#[1b3]">&gt;&gt;</a>&nbsp;&nbsp;&nbsp;Fatfs_Get_Dir_More_Ll
<LI><a href="#[1b1]">&gt;&gt;</a>&nbsp;&nbsp;&nbsp;Fatfs_Echo_To_File
<LI><a href="#[1aa]">&gt;&gt;</a>&nbsp;&nbsp;&nbsp;Fatfs_Copy_File
<LI><a href="#[1a9]">&gt;&gt;</a>&nbsp;&nbsp;&nbsp;Fatfs_Change_Dir
<LI><a href="#[12e]">&gt;&gt;</a>&nbsp;&nbsp;&nbsp;Caulate_File_Md5
</UL>

<P><STRONG><a name="[c8]"></a>_printf_pre_padding</STRONG> (Thumb, 44 bytes, Stack size 16 bytes, _printf_pad.o(.text))
<BR><BR>[Stack]<UL><LI>Max Depth = 16<LI>Call Chain = _printf_pre_padding
</UL>
<BR>[Called By]<UL><LI><a href="#[e7]">&gt;&gt;</a>&nbsp;&nbsp;&nbsp;_printf_fp_infnan
<LI><a href="#[e5]">&gt;&gt;</a>&nbsp;&nbsp;&nbsp;_printf_fp_dec_real
<LI><a href="#[ca]">&gt;&gt;</a>&nbsp;&nbsp;&nbsp;_printf_int_common
<LI><a href="#[c7]">&gt;&gt;</a>&nbsp;&nbsp;&nbsp;_printf_str
</UL>

<P><STRONG><a name="[c9]"></a>_printf_post_padding</STRONG> (Thumb, 34 bytes, Stack size 16 bytes, _printf_pad.o(.text))
<BR><BR>[Stack]<UL><LI>Max Depth = 16<LI>Call Chain = _printf_post_padding
</UL>
<BR>[Called By]<UL><LI><a href="#[e7]">&gt;&gt;</a>&nbsp;&nbsp;&nbsp;_printf_fp_infnan
<LI><a href="#[e5]">&gt;&gt;</a>&nbsp;&nbsp;&nbsp;_printf_fp_dec_real
<LI><a href="#[ca]">&gt;&gt;</a>&nbsp;&nbsp;&nbsp;_printf_int_common
<LI><a href="#[c7]">&gt;&gt;</a>&nbsp;&nbsp;&nbsp;_printf_str
</UL>

<P><STRONG><a name="[c7]"></a>_printf_str</STRONG> (Thumb, 82 bytes, Stack size 16 bytes, _printf_str.o(.text))
<BR><BR>[Stack]<UL><LI>Max Depth = 32<LI>Call Chain = _printf_str &rArr; _printf_post_padding
</UL>
<BR>[Calls]<UL><LI><a href="#[c9]">&gt;&gt;</a>&nbsp;&nbsp;&nbsp;_printf_post_padding
<LI><a href="#[c8]">&gt;&gt;</a>&nbsp;&nbsp;&nbsp;_printf_pre_padding
</UL>
<BR>[Called By]<UL><LI><a href="#[e8]">&gt;&gt;</a>&nbsp;&nbsp;&nbsp;_printf_cs_common
</UL>

<P><STRONG><a name="[a3]"></a>_printf_int_dec</STRONG> (Thumb, 100 bytes, Stack size 24 bytes, _printf_dec.o(.text))
<BR><BR>[Stack]<UL><LI>Max Depth = 72<LI>Call Chain = _printf_int_dec &rArr; _printf_int_common &rArr; _printf_post_padding
</UL>
<BR>[Calls]<UL><LI><a href="#[ca]">&gt;&gt;</a>&nbsp;&nbsp;&nbsp;_printf_int_common
</UL>
<BR>[Called By]<UL><LI><a href="#[a4]">&gt;&gt;</a>&nbsp;&nbsp;&nbsp;_printf_u
<LI><a href="#[a2]">&gt;&gt;</a>&nbsp;&nbsp;&nbsp;_printf_d
</UL>

<P><STRONG><a name="[cb]"></a>_printf_longlong_hex</STRONG> (Thumb, 78 bytes, Stack size 16 bytes, _printf_hex_int_ptr.o(.text))
<BR><BR>[Stack]<UL><LI>Max Depth = 64<LI>Call Chain = _printf_longlong_hex &rArr; _printf_int_common &rArr; _printf_post_padding
</UL>
<BR>[Calls]<UL><LI><a href="#[ca]">&gt;&gt;</a>&nbsp;&nbsp;&nbsp;_printf_int_common
</UL>
<BR>[Called By]<UL><LI><a href="#[9f]">&gt;&gt;</a>&nbsp;&nbsp;&nbsp;_printf_hex_ptr
<LI><a href="#[a6]">&gt;&gt;</a>&nbsp;&nbsp;&nbsp;_printf_int_hex
</UL>

<P><STRONG><a name="[a6]"></a>_printf_int_hex</STRONG> (Thumb, 26 bytes, Stack size 16 bytes, _printf_hex_int_ptr.o(.text))
<BR><BR>[Stack]<UL><LI>Max Depth = 80<LI>Call Chain = _printf_int_hex &rArr; _printf_longlong_hex &rArr; _printf_int_common &rArr; _printf_post_padding
</UL>
<BR>[Calls]<UL><LI><a href="#[cb]">&gt;&gt;</a>&nbsp;&nbsp;&nbsp;_printf_longlong_hex
</UL>
<BR>[Called By]<UL><LI><a href="#[a5]">&gt;&gt;</a>&nbsp;&nbsp;&nbsp;_printf_x
</UL>

<P><STRONG><a name="[9f]"></a>_printf_hex_ptr</STRONG> (Thumb, 16 bytes, Stack size 0 bytes, _printf_hex_int_ptr.o(.text))
<BR><BR>[Stack]<UL><LI>Max Depth = 64<LI>Call Chain = _printf_hex_ptr &rArr; _printf_longlong_hex &rArr; _printf_int_common &rArr; _printf_post_padding
</UL>
<BR>[Calls]<UL><LI><a href="#[cb]">&gt;&gt;</a>&nbsp;&nbsp;&nbsp;_printf_longlong_hex
</UL>
<BR>[Called By]<UL><LI><a href="#[9e]">&gt;&gt;</a>&nbsp;&nbsp;&nbsp;_printf_p
</UL>

<P><STRONG><a name="[cc]"></a>__printf</STRONG> (Thumb, 388 bytes, Stack size 40 bytes, __printf_flags_ss_wp.o(.text))
<BR><BR>[Stack]<UL><LI>Max Depth = 40 + Unknown Stack Size
<LI>Call Chain = __printf
</UL>
<BR>[Calls]<UL><LI><a href="#[ce]">&gt;&gt;</a>&nbsp;&nbsp;&nbsp;_printf_percent
<LI><a href="#[cd]">&gt;&gt;</a>&nbsp;&nbsp;&nbsp;_is_digit
</UL>
<BR>[Called By]<UL><LI><a href="#[c6]">&gt;&gt;</a>&nbsp;&nbsp;&nbsp;_printf_char_common
</UL>

<P><STRONG><a name="[cf]"></a>atoi</STRONG> (Thumb, 26 bytes, Stack size 16 bytes, atoi.o(.text))
<BR><BR>[Stack]<UL><LI>Max Depth = 88<LI>Call Chain = atoi &rArr; strtol &rArr; _strtoul
</UL>
<BR>[Calls]<UL><LI><a href="#[d1]">&gt;&gt;</a>&nbsp;&nbsp;&nbsp;strtol
<LI><a href="#[d0]">&gt;&gt;</a>&nbsp;&nbsp;&nbsp;__aeabi_errno_addr
</UL>
<BR>[Called By]<UL><LI><a href="#[1ac]">&gt;&gt;</a>&nbsp;&nbsp;&nbsp;Fatfs_Dump_Ram
<LI><a href="#[13b]">&gt;&gt;</a>&nbsp;&nbsp;&nbsp;Change_Uart_Baud
<LI><a href="#[11d]">&gt;&gt;</a>&nbsp;&nbsp;&nbsp;Amr_Set_Samplerate
</UL>

<P><STRONG><a name="[d2]"></a>abort</STRONG> (Thumb, 16 bytes, Stack size 0 bytes, abort.o(.text))
<BR><BR>[Stack]<UL><LI>Max Depth = 40 + Unknown Stack Size
<LI>Call Chain = abort &rArr; __rt_SIGABRT &rArr; __rt_SIGABRT_inner &rArr; __default_signal_display &rArr; _ttywrch
</UL>
<BR>[Calls]<UL><LI><a href="#[bc]">&gt;&gt;</a>&nbsp;&nbsp;&nbsp;_sys_exit
<LI><a href="#[ba]">&gt;&gt;</a>&nbsp;&nbsp;&nbsp;__rt_lib_shutdown
<LI><a href="#[d3]">&gt;&gt;</a>&nbsp;&nbsp;&nbsp;__rt_SIGABRT
</UL>
<BR>[Called By]<UL><LI><a href="#[10a]">&gt;&gt;</a>&nbsp;&nbsp;&nbsp;div_s
</UL>

<P><STRONG><a name="[1ad]"></a>memcmp</STRONG> (Thumb, 88 bytes, Stack size 8 bytes, memcmp.o(.text))
<BR><BR>[Stack]<UL><LI>Max Depth = 8<LI>Call Chain = memcmp
</UL>
<BR>[Called By]<UL><LI><a href="#[29]">&gt;&gt;</a>&nbsp;&nbsp;&nbsp;usmart_scan
<LI><a href="#[1b9]">&gt;&gt;</a>&nbsp;&nbsp;&nbsp;Fatfs_Mount
<LI><a href="#[1b6]">&gt;&gt;</a>&nbsp;&nbsp;&nbsp;Fatfs_Get_Volume_Free
<LI><a href="#[1ac]">&gt;&gt;</a>&nbsp;&nbsp;&nbsp;Fatfs_Dump_Ram
</UL>

<P><STRONG><a name="[11e]"></a>strcpy</STRONG> (Thumb, 72 bytes, Stack size 12 bytes, strcpy.o(.text))
<BR><BR>[Stack]<UL><LI>Max Depth = 12<LI>Call Chain = strcpy
</UL>
<BR>[Called By]<UL><LI><a href="#[2bd]">&gt;&gt;</a>&nbsp;&nbsp;&nbsp;f_typetell
<LI><a href="#[224]">&gt;&gt;</a>&nbsp;&nbsp;&nbsp;audio_play
<LI><a href="#[341]">&gt;&gt;</a>&nbsp;&nbsp;&nbsp;prvWriteNameToBuffer
<LI><a href="#[156]">&gt;&gt;</a>&nbsp;&nbsp;&nbsp;Deal_Command_For_Task
<LI><a href="#[13f]">&gt;&gt;</a>&nbsp;&nbsp;&nbsp;Change_User_Name
<LI><a href="#[13b]">&gt;&gt;</a>&nbsp;&nbsp;&nbsp;Change_Uart_Baud
<LI><a href="#[11d]">&gt;&gt;</a>&nbsp;&nbsp;&nbsp;Amr_Set_Samplerate
<LI><a href="#[317]">&gt;&gt;</a>&nbsp;&nbsp;&nbsp;prvWritePathToBuffer
</UL>

<P><STRONG><a name="[131]"></a>strlen</STRONG> (Thumb, 62 bytes, Stack size 8 bytes, strlen.o(.text))
<BR><BR>[Stack]<UL><LI>Max Depth = 8<LI>Call Chain = strlen
</UL>
<BR>[Called By]<UL><LI><a href="#[1a5]">&gt;&gt;</a>&nbsp;&nbsp;&nbsp;Fatfs_Cat_File
<LI><a href="#[a]">&gt;&gt;</a>&nbsp;&nbsp;&nbsp;Save_String_To_Flash
<LI><a href="#[206]">&gt;&gt;</a>&nbsp;&nbsp;&nbsp;vTaskList
<LI><a href="#[341]">&gt;&gt;</a>&nbsp;&nbsp;&nbsp;prvWriteNameToBuffer
<LI><a href="#[1b4]">&gt;&gt;</a>&nbsp;&nbsp;&nbsp;mf_scan_files_
<LI><a href="#[29]">&gt;&gt;</a>&nbsp;&nbsp;&nbsp;usmart_scan
<LI><a href="#[1bb]">&gt;&gt;</a>&nbsp;&nbsp;&nbsp;Fatfs_Touch_File
<LI><a href="#[1ba]">&gt;&gt;</a>&nbsp;&nbsp;&nbsp;Fatfs_Rm_Dir
<LI><a href="#[1b8]">&gt;&gt;</a>&nbsp;&nbsp;&nbsp;Fatfs_Make_Dir
<LI><a href="#[1b6]">&gt;&gt;</a>&nbsp;&nbsp;&nbsp;Fatfs_Get_Volume_Free
<LI><a href="#[1b5]">&gt;&gt;</a>&nbsp;&nbsp;&nbsp;Fatfs_Get_Dir_More_Ls
<LI><a href="#[1b3]">&gt;&gt;</a>&nbsp;&nbsp;&nbsp;Fatfs_Get_Dir_More_Ll
<LI><a href="#[1b1]">&gt;&gt;</a>&nbsp;&nbsp;&nbsp;Fatfs_Echo_To_File
<LI><a href="#[1aa]">&gt;&gt;</a>&nbsp;&nbsp;&nbsp;Fatfs_Copy_File
<LI><a href="#[1a9]">&gt;&gt;</a>&nbsp;&nbsp;&nbsp;Fatfs_Change_Dir
<LI><a href="#[13f]">&gt;&gt;</a>&nbsp;&nbsp;&nbsp;Change_User_Name
<LI><a href="#[12e]">&gt;&gt;</a>&nbsp;&nbsp;&nbsp;Caulate_File_Md5
<LI><a href="#[317]">&gt;&gt;</a>&nbsp;&nbsp;&nbsp;prvWritePathToBuffer
</UL>

<P><STRONG><a name="[130]"></a>strncmp</STRONG> (Thumb, 150 bytes, Stack size 16 bytes, strncmp.o(.text))
<BR><BR>[Stack]<UL><LI>Max Depth = 16<LI>Call Chain = strncmp
</UL>
<BR>[Called By]<UL><LI><a href="#[2b2]">&gt;&gt;</a>&nbsp;&nbsp;&nbsp;amr_play_song
<LI><a href="#[31c]">&gt;&gt;</a>&nbsp;&nbsp;&nbsp;mp3_id3v2_decode
<LI><a href="#[31d]">&gt;&gt;</a>&nbsp;&nbsp;&nbsp;mp3_id3v1_decode
<LI><a href="#[31b]">&gt;&gt;</a>&nbsp;&nbsp;&nbsp;mp3_get_info
<LI><a href="#[1a5]">&gt;&gt;</a>&nbsp;&nbsp;&nbsp;Fatfs_Cat_File
<LI><a href="#[1bb]">&gt;&gt;</a>&nbsp;&nbsp;&nbsp;Fatfs_Touch_File
<LI><a href="#[1ba]">&gt;&gt;</a>&nbsp;&nbsp;&nbsp;Fatfs_Rm_Dir
<LI><a href="#[1b8]">&gt;&gt;</a>&nbsp;&nbsp;&nbsp;Fatfs_Make_Dir
<LI><a href="#[1b5]">&gt;&gt;</a>&nbsp;&nbsp;&nbsp;Fatfs_Get_Dir_More_Ls
<LI><a href="#[1b3]">&gt;&gt;</a>&nbsp;&nbsp;&nbsp;Fatfs_Get_Dir_More_Ll
<LI><a href="#[1b1]">&gt;&gt;</a>&nbsp;&nbsp;&nbsp;Fatfs_Echo_To_File
<LI><a href="#[1a9]">&gt;&gt;</a>&nbsp;&nbsp;&nbsp;Fatfs_Change_Dir
<LI><a href="#[12e]">&gt;&gt;</a>&nbsp;&nbsp;&nbsp;Caulate_File_Md5
</UL>

<P><STRONG><a name="[2c0]"></a>strcat</STRONG> (Thumb, 24 bytes, Stack size 0 bytes, strcat.o(.text))
<BR><BR>[Called By]<UL><LI><a href="#[224]">&gt;&gt;</a>&nbsp;&nbsp;&nbsp;audio_play
</UL>

<P><STRONG><a name="[d7]"></a>__aeabi_memcpy</STRONG> (Thumb, 0 bytes, Stack size 0 bytes, rt_memcpy_v6.o(.text))
<BR><BR>[Called By]<UL><LI><a href="#[20c]">&gt;&gt;</a>&nbsp;&nbsp;&nbsp;MD5Update
<LI><a href="#[20f]">&gt;&gt;</a>&nbsp;&nbsp;&nbsp;MP3Decode
<LI><a href="#[318]">&gt;&gt;</a>&nbsp;&nbsp;&nbsp;mp3_fill_buffer
<LI><a href="#[2af]">&gt;&gt;</a>&nbsp;&nbsp;&nbsp;__rfifo_put
<LI><a href="#[2ae]">&gt;&gt;</a>&nbsp;&nbsp;&nbsp;__rfifo_get
<LI><a href="#[1a5]">&gt;&gt;</a>&nbsp;&nbsp;&nbsp;Fatfs_Cat_File
<LI><a href="#[329]">&gt;&gt;</a>&nbsp;&nbsp;&nbsp;prvCopyDataToQueue
<LI><a href="#[328]">&gt;&gt;</a>&nbsp;&nbsp;&nbsp;prvCopyDataFromQueue
<LI><a href="#[272]">&gt;&gt;</a>&nbsp;&nbsp;&nbsp;SD_WriteDisk
<LI><a href="#[26f]">&gt;&gt;</a>&nbsp;&nbsp;&nbsp;SD_ReadDisk
<LI><a href="#[29]">&gt;&gt;</a>&nbsp;&nbsp;&nbsp;usmart_scan
<LI><a href="#[1b5]">&gt;&gt;</a>&nbsp;&nbsp;&nbsp;Fatfs_Get_Dir_More_Ls
<LI><a href="#[1b3]">&gt;&gt;</a>&nbsp;&nbsp;&nbsp;Fatfs_Get_Dir_More_Ll
<LI><a href="#[1b1]">&gt;&gt;</a>&nbsp;&nbsp;&nbsp;Fatfs_Echo_To_File
<LI><a href="#[1aa]">&gt;&gt;</a>&nbsp;&nbsp;&nbsp;Fatfs_Copy_File
<LI><a href="#[1a9]">&gt;&gt;</a>&nbsp;&nbsp;&nbsp;Fatfs_Change_Dir
<LI><a href="#[12e]">&gt;&gt;</a>&nbsp;&nbsp;&nbsp;Caulate_File_Md5
<LI><a href="#[d6]">&gt;&gt;</a>&nbsp;&nbsp;&nbsp;__rt_memmove
</UL>

<P><STRONG><a name="[d4]"></a>__rt_memcpy</STRONG> (Thumb, 138 bytes, Stack size 0 bytes, rt_memcpy_v6.o(.text), UNUSED)
<BR><BR>[Calls]<UL><LI><a href="#[d5]">&gt;&gt;</a>&nbsp;&nbsp;&nbsp;__aeabi_memcpy4
</UL>

<P><STRONG><a name="[3b7]"></a>_memcpy_lastbytes</STRONG> (Thumb, 0 bytes, Stack size unknown bytes, rt_memcpy_v6.o(.text), UNUSED)

<P><STRONG><a name="[215]"></a>__aeabi_memmove</STRONG> (Thumb, 0 bytes, Stack size 0 bytes, rt_memmove_v6.o(.text))
<BR><BR>[Called By]<UL><LI><a href="#[20f]">&gt;&gt;</a>&nbsp;&nbsp;&nbsp;MP3Decode
<LI><a href="#[2c4]">&gt;&gt;</a>&nbsp;&nbsp;&nbsp;mp3_play_song
</UL>

<P><STRONG><a name="[d6]"></a>__rt_memmove</STRONG> (Thumb, 132 bytes, Stack size 0 bytes, rt_memmove_v6.o(.text), UNUSED)
<BR><BR>[Calls]<UL><LI><a href="#[d8]">&gt;&gt;</a>&nbsp;&nbsp;&nbsp;__memmove_aligned
<LI><a href="#[d7]">&gt;&gt;</a>&nbsp;&nbsp;&nbsp;__aeabi_memcpy
</UL>

<P><STRONG><a name="[3b8]"></a>__memmove_lastfew</STRONG> (Thumb, 0 bytes, Stack size unknown bytes, rt_memmove_v6.o(.text), UNUSED)

<P><STRONG><a name="[d5]"></a>__aeabi_memcpy4</STRONG> (Thumb, 0 bytes, Stack size 8 bytes, rt_memcpy_w.o(.text))
<BR><BR>[Stack]<UL><LI>Max Depth = 8<LI>Call Chain = __aeabi_memcpy4
</UL>
<BR>[Called By]<UL><LI><a href="#[2b2]">&gt;&gt;</a>&nbsp;&nbsp;&nbsp;amr_play_song
<LI><a href="#[ee]">&gt;&gt;</a>&nbsp;&nbsp;&nbsp;__rt_memmove_w
<LI><a href="#[d4]">&gt;&gt;</a>&nbsp;&nbsp;&nbsp;__rt_memcpy
</UL>

<P><STRONG><a name="[3b9]"></a>__aeabi_memcpy8</STRONG> (Thumb, 0 bytes, Stack size 8 bytes, rt_memcpy_w.o(.text), UNUSED)

<P><STRONG><a name="[3ba]"></a>__rt_memcpy_w</STRONG> (Thumb, 100 bytes, Stack size 8 bytes, rt_memcpy_w.o(.text), UNUSED)

<P><STRONG><a name="[3bb]"></a>_memcpy_lastbytes_aligned</STRONG> (Thumb, 0 bytes, Stack size unknown bytes, rt_memcpy_w.o(.text), UNUSED)

<P><STRONG><a name="[d9]"></a>__aeabi_memset</STRONG> (Thumb, 16 bytes, Stack size 0 bytes, aeabi_memset.o(.text))
<BR><BR>[Calls]<UL><LI><a href="#[da]">&gt;&gt;</a>&nbsp;&nbsp;&nbsp;_memset
</UL>
<BR>[Called By]<UL><LI><a href="#[32e]">&gt;&gt;</a>&nbsp;&nbsp;&nbsp;prvInitialiseNewTask
</UL>

<P><STRONG><a name="[de]"></a>__aeabi_memclr</STRONG> (Thumb, 0 bytes, Stack size 0 bytes, rt_memclr.o(.text))
<BR><BR>[Called By]<UL><LI><a href="#[2c4]">&gt;&gt;</a>&nbsp;&nbsp;&nbsp;mp3_play_song
<LI><a href="#[b]">&gt;&gt;</a>&nbsp;&nbsp;&nbsp;Read_String_From_Flash
<LI><a href="#[1b4]">&gt;&gt;</a>&nbsp;&nbsp;&nbsp;mf_scan_files_
<LI><a href="#[29]">&gt;&gt;</a>&nbsp;&nbsp;&nbsp;usmart_scan
<LI><a href="#[13f]">&gt;&gt;</a>&nbsp;&nbsp;&nbsp;Change_User_Name
<LI><a href="#[2e7]">&gt;&gt;</a>&nbsp;&nbsp;&nbsp;disk_initialize
<LI><a href="#[dd]">&gt;&gt;</a>&nbsp;&nbsp;&nbsp;strncpy
</UL>

<P><STRONG><a name="[db]"></a>__rt_memclr</STRONG> (Thumb, 68 bytes, Stack size 0 bytes, rt_memclr.o(.text), UNUSED)
<BR><BR>[Calls]<UL><LI><a href="#[dc]">&gt;&gt;</a>&nbsp;&nbsp;&nbsp;_memset_w
</UL>

<P><STRONG><a name="[da]"></a>_memset</STRONG> (Thumb, 0 bytes, Stack size unknown bytes, rt_memclr.o(.text))
<BR><BR>[Called By]<UL><LI><a href="#[d9]">&gt;&gt;</a>&nbsp;&nbsp;&nbsp;__aeabi_memset
</UL>

<P><STRONG><a name="[12f]"></a>__aeabi_memclr4</STRONG> (Thumb, 0 bytes, Stack size 4 bytes, rt_memclr_w.o(.text))
<BR><BR>[Stack]<UL><LI>Max Depth = 4<LI>Call Chain = __aeabi_memclr4
</UL>
<BR>[Called By]<UL><LI><a href="#[20d]">&gt;&gt;</a>&nbsp;&nbsp;&nbsp;MD5Transform
<LI><a href="#[20a]">&gt;&gt;</a>&nbsp;&nbsp;&nbsp;MD5Final
<LI><a href="#[2c4]">&gt;&gt;</a>&nbsp;&nbsp;&nbsp;mp3_play_song
<LI><a href="#[1a5]">&gt;&gt;</a>&nbsp;&nbsp;&nbsp;Fatfs_Cat_File
<LI><a href="#[25]">&gt;&gt;</a>&nbsp;&nbsp;&nbsp;mf_stat
<LI><a href="#[1ae]">&gt;&gt;</a>&nbsp;&nbsp;&nbsp;vPrintSdDisk
<LI><a href="#[1af]">&gt;&gt;</a>&nbsp;&nbsp;&nbsp;vPrintFlashDisk
<LI><a href="#[133]">&gt;&gt;</a>&nbsp;&nbsp;&nbsp;mf_stat_
<LI><a href="#[29]">&gt;&gt;</a>&nbsp;&nbsp;&nbsp;usmart_scan
<LI><a href="#[1bb]">&gt;&gt;</a>&nbsp;&nbsp;&nbsp;Fatfs_Touch_File
<LI><a href="#[1b5]">&gt;&gt;</a>&nbsp;&nbsp;&nbsp;Fatfs_Get_Dir_More_Ls
<LI><a href="#[1b3]">&gt;&gt;</a>&nbsp;&nbsp;&nbsp;Fatfs_Get_Dir_More_Ll
<LI><a href="#[1b1]">&gt;&gt;</a>&nbsp;&nbsp;&nbsp;Fatfs_Echo_To_File
<LI><a href="#[1aa]">&gt;&gt;</a>&nbsp;&nbsp;&nbsp;Fatfs_Copy_File
<LI><a href="#[12e]">&gt;&gt;</a>&nbsp;&nbsp;&nbsp;Caulate_File_Md5
</UL>

<P><STRONG><a name="[3bc]"></a>__aeabi_memclr8</STRONG> (Thumb, 0 bytes, Stack size 4 bytes, rt_memclr_w.o(.text), UNUSED)

<P><STRONG><a name="[3bd]"></a>__rt_memclr_w</STRONG> (Thumb, 78 bytes, Stack size 4 bytes, rt_memclr_w.o(.text), UNUSED)

<P><STRONG><a name="[dc]"></a>_memset_w</STRONG> (Thumb, 0 bytes, Stack size unknown bytes, rt_memclr_w.o(.text), UNUSED)
<BR><BR>[Called By]<UL><LI><a href="#[db]">&gt;&gt;</a>&nbsp;&nbsp;&nbsp;__rt_memclr
</UL>

<P><STRONG><a name="[dd]"></a>strncpy</STRONG> (Thumb, 86 bytes, Stack size 8 bytes, strncpy.o(.text))
<BR><BR>[Stack]<UL><LI>Max Depth = 8<LI>Call Chain = strncpy
</UL>
<BR>[Calls]<UL><LI><a href="#[de]">&gt;&gt;</a>&nbsp;&nbsp;&nbsp;__aeabi_memclr
</UL>
<BR>[Called By]<UL><LI><a href="#[31c]">&gt;&gt;</a>&nbsp;&nbsp;&nbsp;mp3_id3v2_decode
<LI><a href="#[31d]">&gt;&gt;</a>&nbsp;&nbsp;&nbsp;mp3_id3v1_decode
</UL>

<P><STRONG><a name="[140]"></a>strcmp</STRONG> (Thumb, 128 bytes, Stack size 0 bytes, strcmpv7m.o(.text))
<BR><BR>[Called By]<UL><LI><a href="#[2bd]">&gt;&gt;</a>&nbsp;&nbsp;&nbsp;f_typetell
<LI><a href="#[13f]">&gt;&gt;</a>&nbsp;&nbsp;&nbsp;Change_User_Name
<LI><a href="#[8b]">&gt;&gt;</a>&nbsp;&nbsp;&nbsp;_get_lc_ctype
<LI><a href="#[b1]">&gt;&gt;</a>&nbsp;&nbsp;&nbsp;_get_lc_numeric
</UL>

<P><STRONG><a name="[3be]"></a>__use_two_region_memory</STRONG> (Thumb, 2 bytes, Stack size 0 bytes, heapauxi.o(.text), UNUSED)

<P><STRONG><a name="[3bf]"></a>__rt_heap_escrow$2region</STRONG> (Thumb, 2 bytes, Stack size 0 bytes, heapauxi.o(.text), UNUSED)

<P><STRONG><a name="[3c0]"></a>__rt_heap_expand$2region</STRONG> (Thumb, 2 bytes, Stack size 0 bytes, heapauxi.o(.text), UNUSED)

<P><STRONG><a name="[d0]"></a>__aeabi_errno_addr</STRONG> (Thumb, 8 bytes, Stack size 0 bytes, rt_errno_addr_intlibspace.o(.text))
[...]
</UL>

<P><STRONG><a name="[303]"></a>remove_chain</STRONG> (Thumb, 108 bytes, Stack size 24 bytes, ff.o(i.remove_chain))
<BR><BR>[Stack]<UL><LI>Max Depth = 352 + Unknown Stack Size
<LI>Call Chain = remove_chain &rArr; put_fat &rArr; move_window &rArr; sync_window &rArr; disk_write &rArr; SD_WriteDisk &rArr; SD_WriteBlock &rArr; SD_Init &rArr; SD_EnableWideBusOperation &rArr; SDEnWideBus &rArr; FindSCR &rArr; CmdResp1Error
</UL>
<BR>[Calls]<UL><LI><a href="#[2cf]">&gt;&gt;</a>&nbsp;&nbsp;&nbsp;put_fat
<LI><a href="#[2ce]">&gt;&gt;</a>&nbsp;&nbsp;&nbsp;get_fat
</UL>
<BR>[Called By]<UL><LI><a href="#[1a6]">&gt;&gt;</a>&nbsp;&nbsp;&nbsp;f_open
<LI><a href="#[30d]">&gt;&gt;</a>&nbsp;&nbsp;&nbsp;f_unlink
<LI><a href="#[300]">&gt;&gt;</a>&nbsp;&nbsp;&nbsp;f_mkdir
</UL>

<P><STRONG><a name="[302]"></a>st_clust</STRONG> (Thumb, 16 bytes, Stack size 0 bytes, ff.o(i.st_clust))
<BR><BR>[Called By]<UL><LI><a href="#[2f8]">&gt;&gt;</a>&nbsp;&nbsp;&nbsp;f_sync
<LI><a href="#[1a6]">&gt;&gt;</a>&nbsp;&nbsp;&nbsp;f_open
<LI><a href="#[30b]">&gt;&gt;</a>&nbsp;&nbsp;&nbsp;f_rename
<LI><a href="#[300]">&gt;&gt;</a>&nbsp;&nbsp;&nbsp;f_mkdir
</UL>

<P><STRONG><a name="[2dc]"></a>sum_sfn</STRONG> (Thumb, 32 bytes, Stack size 12 bytes, ff.o(i.sum_sfn))
<BR><BR>[Stack]<UL><LI>Max Depth = 12<LI>Call Chain = sum_sfn
</UL>
<BR>[Called By]<UL><LI><a href="#[2e2]">&gt;&gt;</a>&nbsp;&nbsp;&nbsp;dir_register
<LI><a href="#[2e0]">&gt;&gt;</a>&nbsp;&nbsp;&nbsp;dir_read
<LI><a href="#[2db]">&gt;&gt;</a>&nbsp;&nbsp;&nbsp;dir_find
</UL>

<P><STRONG><a name="[304]"></a>sync_fs</STRONG> (Thumb, 200 bytes, Stack size 16 bytes, ff.o(i.sync_fs))
<BR><BR>[Stack]<UL><LI>Max Depth = 296 + Unknown Stack Size
<LI>Call Chain = sync_fs &rArr; sync_window &rArr; disk_write &rArr; SD_WriteDisk &rArr; SD_WriteBlock &rArr; SD_Init &rArr; SD_EnableWideBusOperation &rArr; SDEnWideBus &rArr; FindSCR &rArr; CmdResp1Error
</UL>
<BR>[Calls]<UL><LI><a href="#[2de]">&gt;&gt;</a>&nbsp;&nbsp;&nbsp;sync_window
<LI><a href="#[2d3]">&gt;&gt;</a>&nbsp;&nbsp;&nbsp;mem_set
<LI><a href="#[2eb]">&gt;&gt;</a>&nbsp;&nbsp;&nbsp;disk_write
<LI><a href="#[2e8]">&gt;&gt;</a>&nbsp;&nbsp;&nbsp;disk_ioctl
</UL>
<BR>[Called By]<UL><LI><a href="#[2f8]">&gt;&gt;</a>&nbsp;&nbsp;&nbsp;f_sync
<LI><a href="#[287]">&gt;&gt;</a>&nbsp;&nbsp;&nbsp;f_setlabel
<LI><a href="#[30d]">&gt;&gt;</a>&nbsp;&nbsp;&nbsp;f_unlink
<LI><a href="#[30b]">&gt;&gt;</a>&nbsp;&nbsp;&nbsp;f_rename
<LI><a href="#[300]">&gt;&gt;</a>&nbsp;&nbsp;&nbsp;f_mkdir
</UL>

<P><STRONG><a name="[2de]"></a>sync_window</STRONG> (Thumb, 76 bytes, Stack size 16 bytes, ff.o(i.sync_window))
<BR><BR>[Stack]<UL><LI>Max Depth = 280 + Unknown Stack Size
<LI>Call Chain = sync_window &rArr; disk_write &rArr; SD_WriteDisk &rArr; SD_WriteBlock &rArr; SD_Init &rArr; SD_EnableWideBusOperation &rArr; SDEnWideBus &rArr; FindSCR &rArr; CmdResp1Error
</UL>
<BR>[Calls]<UL><LI><a href="#[2eb]">&gt;&gt;</a>&nbsp;&nbsp;&nbsp;disk_write
</UL>
<BR>[Called By]<UL><LI><a href="#[300]">&gt;&gt;</a>&nbsp;&nbsp;&nbsp;f_mkdir
<LI><a href="#[304]">&gt;&gt;</a>&nbsp;&nbsp;&nbsp;sync_fs
<LI><a href="#[2ca]">&gt;&gt;</a>&nbsp;&nbsp;&nbsp;move_window
<LI><a href="#[2da]">&gt;&gt;</a>&nbsp;&nbsp;&nbsp;dir_next
</UL>

<P><STRONG><a name="[2f2]"></a>unlock_fs</STRONG> (Thumb, 32 bytes, Stack size 16 bytes, ff.o(i.unlock_fs))
<BR><BR>[Stack]<UL><LI>Max Depth = 128<LI>Call Chain = unlock_fs &rArr; ff_rel_grant &rArr; xQueueGenericSend &rArr; vTaskPlaceOnEventList &rArr; prvAddCurrentTaskToDelayedList &rArr; vListInsert
</UL>
<BR>[Calls]<UL><LI><a href="#[30f]">&gt;&gt;</a>&nbsp;&nbsp;&nbsp;ff_rel_grant
</UL>
<BR>[Called By]<UL><LI><a href="#[1ab]">&gt;&gt;</a>&nbsp;&nbsp;&nbsp;f_write
<LI><a href="#[2f8]">&gt;&gt;</a>&nbsp;&nbsp;&nbsp;f_sync
<LI><a href="#[2bc]">&gt;&gt;</a>&nbsp;&nbsp;&nbsp;f_readdir
<LI><a href="#[2bb]">&gt;&gt;</a>&nbsp;&nbsp;&nbsp;f_opendir
<LI><a href="#[2be]">&gt;&gt;</a>&nbsp;&nbsp;&nbsp;f_closedir
<LI><a href="#[1a7]">&gt;&gt;</a>&nbsp;&nbsp;&nbsp;f_read
<LI><a href="#[287]">&gt;&gt;</a>&nbsp;&nbsp;&nbsp;f_setlabel
<LI><a href="#[1a6]">&gt;&gt;</a>&nbsp;&nbsp;&nbsp;f_open
<LI><a href="#[285]">&gt;&gt;</a>&nbsp;&nbsp;&nbsp;f_mount
<LI><a href="#[1b2]">&gt;&gt;</a>&nbsp;&nbsp;&nbsp;f_lseek
<LI><a href="#[1a8]">&gt;&gt;</a>&nbsp;&nbsp;&nbsp;f_close
<LI><a href="#[1bc]">&gt;&gt;</a>&nbsp;&nbsp;&nbsp;f_stat
<LI><a href="#[30d]">&gt;&gt;</a>&nbsp;&nbsp;&nbsp;f_unlink
<LI><a href="#[30b]">&gt;&gt;</a>&nbsp;&nbsp;&nbsp;f_rename
<LI><a href="#[300]">&gt;&gt;</a>&nbsp;&nbsp;&nbsp;f_mkdir
<LI><a href="#[2fd]">&gt;&gt;</a>&nbsp;&nbsp;&nbsp;f_getlabel
<LI><a href="#[2fc]">&gt;&gt;</a>&nbsp;&nbsp;&nbsp;f_getfree
<LI><a href="#[2fa]">&gt;&gt;</a>&nbsp;&nbsp;&nbsp;f_getcwd
<LI><a href="#[2ef]">&gt;&gt;</a>&nbsp;&nbsp;&nbsp;f_chdir
</UL>

<P><STRONG><a name="[2f9]"></a>validate</STRONG> (Thumb, 66 bytes, Stack size 16 bytes, ff.o(i.validate))
<BR><BR>[Stack]<UL><LI>Max Depth = 144<LI>Call Chain = validate &rArr; lock_fs &rArr; ff_req_grant &rArr; xQueueGenericReceive &rArr; vTaskPlaceOnEventList &rArr; prvAddCurrentTaskToDelayedList &rArr; vListInsert
</UL>
<BR>[Calls]<UL><LI><a href="#[311]">&gt;&gt;</a>&nbsp;&nbsp;&nbsp;lock_fs
<LI><a href="#[312]">&gt;&gt;</a>&nbsp;&nbsp;&nbsp;disk_status
</UL>
<BR>[Called By]<UL><LI><a href="#[1ab]">&gt;&gt;</a>&nbsp;&nbsp;&nbsp;f_write
<LI><a href="#[2f8]">&gt;&gt;</a>&nbsp;&nbsp;&nbsp;f_sync
<LI><a href="#[2bc]">&gt;&gt;</a>&nbsp;&nbsp;&nbsp;f_readdir
<LI><a href="#[2be]">&gt;&gt;</a>&nbsp;&nbsp;&nbsp;f_closedir
<LI><a href="#[1a7]">&gt;&gt;</a>&nbsp;&nbsp;&nbsp;f_read
<LI><a href="#[1b2]">&gt;&gt;</a>&nbsp;&nbsp;&nbsp;f_lseek
<LI><a href="#[1a8]">&gt;&gt;</a>&nbsp;&nbsp;&nbsp;f_close
</UL>

<P><STRONG><a name="[317]"></a>prvWritePathToBuffer</STRONG> (Thumb, 86 bytes, Stack size 24 bytes, fattester.o(i.prvWritePathToBuffer))
<BR><BR>[Stack]<UL><LI>Max Depth = 36<LI>Call Chain = prvWritePathToBuffer &rArr; strcpy
</UL>
<BR>[Calls]<UL><LI><a href="#[131]">&gt;&gt;</a>&nbsp;&nbsp;&nbsp;strlen
<LI><a href="#[11e]">&gt;&gt;</a>&nbsp;&nbsp;&nbsp;strcpy
</UL>
<BR>[Called By]<UL><LI><a href="#[1b4]">&gt;&gt;</a>&nbsp;&nbsp;&nbsp;mf_scan_files_
</UL>

<P><STRONG><a name="[2b1]"></a>energy_new</STRONG> (Thumb, 116 bytes, Stack size 24 bytes, agc.o(i.energy_new))
<BR><BR>[Stack]<UL><LI>Max Depth = 80<LI>Call Chain = energy_new &rArr; energy_old &rArr; L_mac &rArr; L_add
</UL>
<BR>[Calls]<UL><LI><a href="#[126]">&gt;&gt;</a>&nbsp;&nbsp;&nbsp;test
<LI><a href="#[123]">&gt;&gt;</a>&nbsp;&nbsp;&nbsp;move32
<LI><a href="#[101]">&gt;&gt;</a>&nbsp;&nbsp;&nbsp;move16
<LI><a href="#[106]">&gt;&gt;</a>&nbsp;&nbsp;&nbsp;L_sub
<LI><a href="#[165]">&gt;&gt;</a>&nbsp;&nbsp;&nbsp;L_shr
<LI><a href="#[105]">&gt;&gt;</a>&nbsp;&nbsp;&nbsp;L_mult
<LI><a href="#[124]">&gt;&gt;</a>&nbsp;&nbsp;&nbsp;L_mac
<LI><a href="#[2ee]">&gt;&gt;</a>&nbsp;&nbsp;&nbsp;energy_old
</UL>
<BR>[Called By]<UL><LI><a href="#[185]">&gt;&gt;</a>&nbsp;&nbsp;&nbsp;agc2
<LI><a href="#[229]">&gt;&gt;</a>&nbsp;&nbsp;&nbsp;agc
</UL>

<P><STRONG><a name="[2ee]"></a>energy_old</STRONG> (Thumb, 72 bytes, Stack size 24 bytes, agc.o(i.energy_old))
<BR><BR>[Stack]<UL><LI>Max Depth = 56<LI>Call Chain = energy_old &rArr; L_mac &rArr; L_add
</UL>
<BR>[Calls]<UL><LI><a href="#[137]">&gt;&gt;</a>&nbsp;&nbsp;&nbsp;shr
<LI><a href="#[105]">&gt;&gt;</a>&nbsp;&nbsp;&nbsp;L_mult
<LI><a href="#[124]">&gt;&gt;</a>&nbsp;&nbsp;&nbsp;L_mac
</UL>
<BR>[Called By]<UL><LI><a href="#[2b1]">&gt;&gt;</a>&nbsp;&nbsp;&nbsp;energy_new
</UL>

<P><STRONG><a name="[12c]"></a>Bin2int</STRONG> (Thumb, 76 bytes, Stack size 24 bytes, bits2prm.o(i.Bin2int))
<BR><BR>[Stack]<UL><LI>Max Depth = 64<LI>Call Chain = Bin2int &rArr; shl &rArr; shr &rArr;  shl (Cycle)
</UL>
<BR>[Calls]<UL><LI><a href="#[104]">&gt;&gt;</a>&nbsp;&nbsp;&nbsp;shl
<LI><a href="#[126]">&gt;&gt;</a>&nbsp;&nbsp;&nbsp;test
<LI><a href="#[103]">&gt;&gt;</a>&nbsp;&nbsp;&nbsp;sub
<LI><a href="#[101]">&gt;&gt;</a>&nbsp;&nbsp;&nbsp;move16
<LI><a href="#[127]">&gt;&gt;</a>&nbsp;&nbsp;&nbsp;add
</UL>
<BR>[Called By]<UL><LI><a href="#[12d]">&gt;&gt;</a>&nbsp;&nbsp;&nbsp;Bits2prm
</UL>

<P><STRONG><a name="[2d5]"></a>dhf_test</STRONG> (Thumb, 86 bytes, Stack size 144 bytes, d_homing.o(i.dhf_test))
<BR><BR>[Stack]<UL><LI>Max Depth = 232<LI>Call Chain = dhf_test &rArr; Bits2prm &rArr; Bin2int &rArr; shl &rArr; shr &rArr;  shl (Cycle)
</UL>
<BR>[Calls]<UL><LI><a href="#[12d]">&gt;&gt;</a>&nbsp;&nbsp;&nbsp;Bits2prm
</UL>
<BR>[Called By]<UL><LI><a href="#[2b6]">&gt;&gt;</a>&nbsp;&nbsp;&nbsp;decoder_homing_frame_test_first
<LI><a href="#[2b9]">&gt;&gt;</a>&nbsp;&nbsp;&nbsp;decoder_homing_frame_test
</UL>

<P><STRONG><a name="[2d6]"></a>decompress10</STRONG> (Thumb, 272 bytes, Stack size 72 bytes, d8_31pf.o(i.decompress10))
<BR><BR>[Stack]<UL><LI>Max Depth = 112<LI>Call Chain = decompress10 &rArr; shl &rArr; shr &rArr;  shl (Cycle)
</UL>
<BR>[Calls]<UL><LI><a href="#[104]">&gt;&gt;</a>&nbsp;&nbsp;&nbsp;shl
<LI><a href="#[153]">&gt;&gt;</a>&nbsp;&nbsp;&nbsp;logic16
<LI><a href="#[10f]">&gt;&gt;</a>&nbsp;&nbsp;&nbsp;extract_l
<LI><a href="#[126]">&gt;&gt;</a>&nbsp;&nbsp;&nbsp;test
<LI><a href="#[103]">&gt;&gt;</a>&nbsp;&nbsp;&nbsp;sub
<LI><a href="#[137]">&gt;&gt;</a>&nbsp;&nbsp;&nbsp;shr
<LI><a href="#[14f]">&gt;&gt;</a>&nbsp;&nbsp;&nbsp;mult
<LI><a href="#[101]">&gt;&gt;</a>&nbsp;&nbsp;&nbsp;move16
<LI><a href="#[127]">&gt;&gt;</a>&nbsp;&nbsp;&nbsp;add
<LI><a href="#[165]">&gt;&gt;</a>&nbsp;&nbsp;&nbsp;L_shr
<LI><a href="#[105]">&gt;&gt;</a>&nbsp;&nbsp;&nbsp;L_mult
</UL>
<BR>[Called By]<UL><LI><a href="#[2d4]">&gt;&gt;</a>&nbsp;&nbsp;&nbsp;decompress_code
</UL>

<P><STRONG><a name="[2d4]"></a>decompress_code</STRONG> (Thumb, 330 bytes, Stack size 56 bytes, d8_31pf.o(i.decompress_code))
<BR><BR>[Stack]<UL><LI>Max Depth = 168<LI>Call Chain = decompress_code &rArr; decompress10 &rArr; shl &rArr; shr &rArr;  shl (Cycle)
</UL>
<BR>[Calls]<UL><LI><a href="#[104]">&gt;&gt;</a>&nbsp;&nbsp;&nbsp;shl
<LI><a href="#[153]">&gt;&gt;</a>&nbsp;&nbsp;&nbsp;logic16
<LI><a href="#[10f]">&gt;&gt;</a>&nbsp;&nbsp;&nbsp;extract_l
<LI><a href="#[126]">&gt;&gt;</a>&nbsp;&nbsp;&nbsp;test
<LI><a href="#[103]">&gt;&gt;</a>&nbsp;&nbsp;&nbsp;sub
<LI><a href="#[137]">&gt;&gt;</a>&nbsp;&nbsp;&nbsp;shr
<LI><a href="#[14f]">&gt;&gt;</a>&nbsp;&nbsp;&nbsp;mult
<LI><a href="#[101]">&gt;&gt;</a>&nbsp;&nbsp;&nbsp;move16
<LI><a href="#[127]">&gt;&gt;</a>&nbsp;&nbsp;&nbsp;add
<LI><a href="#[165]">&gt;&gt;</a>&nbsp;&nbsp;&nbsp;L_shr
<LI><a href="#[105]">&gt;&gt;</a>&nbsp;&nbsp;&nbsp;L_mult
<LI><a href="#[2d6]">&gt;&gt;</a>&nbsp;&nbsp;&nbsp;decompress10
</UL>
<BR>[Called By]<UL><LI><a href="#[177]">&gt;&gt;</a>&nbsp;&nbsp;&nbsp;dec_8i40_31bits
</UL>

<P><STRONG><a name="[1c5]"></a>Get_lsp_pol</STRONG> (Thumb, 190 bytes, Stack size 32 bytes, lsp_az.o(i.Get_lsp_pol))
<BR><BR>[Stack]<UL><LI>Max Depth = 88<LI>Call Chain = Get_lsp_pol &rArr; Mpy_32_16 &rArr; L_mac &rArr; L_add
</UL>
<BR>[Calls]<UL><LI><a href="#[10c]">&gt;&gt;</a>&nbsp;&nbsp;&nbsp;L_msu
<LI><a href="#[1c7]">&gt;&gt;</a>&nbsp;&nbsp;&nbsp;L_add
<LI><a href="#[123]">&gt;&gt;</a>&nbsp;&nbsp;&nbsp;move32
<LI><a href="#[106]">&gt;&gt;</a>&nbsp;&nbsp;&nbsp;L_sub
<LI><a href="#[108]">&gt;&gt;</a>&nbsp;&nbsp;&nbsp;L_shl
<LI><a href="#[105]">&gt;&gt;</a>&nbsp;&nbsp;&nbsp;L_mult
<LI><a href="#[162]">&gt;&gt;</a>&nbsp;&nbsp;&nbsp;Mpy_32_16
<LI><a href="#[1c6]">&gt;&gt;</a>&nbsp;&nbsp;&nbsp;L_Extract
</UL>
<BR>[Called By]<UL><LI><a href="#[1fb]">&gt;&gt;</a>&nbsp;&nbsp;&nbsp;Lsp_Az
</UL>

<P><STRONG><a name="[212]"></a>MP3ClearBadFrame</STRONG> (Thumb, 2 bytes, Stack size 0 bytes, mp3dec.o(i.MP3ClearBadFrame))
<BR><BR>[Called By]<UL><LI><a href="#[20f]">&gt;&gt;</a>&nbsp;&nbsp;&nbsp;MP3Decode
</UL>

<P><STRONG><a name="[213]"></a>MP3FindFreeSync</STRONG> (Thumb, 100 bytes, Stack size 24 bytes, mp3dec.o(i.MP3FindFreeSync))
<BR><BR>[Stack]<UL><LI>Max Depth = 24<LI>Call Chain = MP3FindFreeSync
</UL>
<BR>[Calls]<UL><LI><a href="#[21b]">&gt;&gt;</a>&nbsp;&nbsp;&nbsp;MP3FindSyncWord
</UL>
<BR>[Called By]<UL><LI><a href="#[20f]">&gt;&gt;</a>&nbsp;&nbsp;&nbsp;MP3Decode
</UL>

<P><STRONG><a name="[37f]"></a>RefillBitstreamCache</STRONG> (Thumb, 136 bytes, Stack size 0 bytes, bitstream.o(i.RefillBitstreamCache))
<BR><BR>[Called By]<UL><LI><a href="#[29e]">&gt;&gt;</a>&nbsp;&nbsp;&nbsp;xmp3_GetBits
</UL>

<P><STRONG><a name="[37d]"></a>CLZ</STRONG> (Thumb, 28 bytes, Stack size 0 bytes, dequant.o(i.CLZ))
<BR><BR>[Called By]<UL><LI><a href="#[218]">&gt;&gt;</a>&nbsp;&nbsp;&nbsp;xmp3_Dequantize
</UL>

<P><STRONG><a name="[379]"></a>CLZ</STRONG> (Thumb, 28 bytes, Stack size 0 bytes, dqchan.o(i.CLZ))
<BR><BR>[Called By]<UL><LI><a href="#[378]">&gt;&gt;</a>&nbsp;&nbsp;&nbsp;xmp3_DequantChannel
</UL>

<P><STRONG><a name="[19f]"></a>DequantBlock</STRONG> (Thumb, 404 bytes, Stack size 80 bytes, dqchan.o(i.DequantBlock))
<BR><BR>[Stack]<UL><LI>Max Depth = 80 + Unknown Stack Size
<LI>Call Chain = DequantBlock
</UL>
<BR>[Calls]<UL><LI><a href="#[121]">&gt;&gt;</a>&nbsp;&nbsp;&nbsp;xmp3_MULSHIFT32
</UL>
<BR>[Called By]<UL><LI><a href="#[378]">&gt;&gt;</a>&nbsp;&nbsp;&nbsp;xmp3_DequantChannel
</UL>

<P><STRONG><a name="[376]"></a>DecodeHuffmanPairs</STRONG> (Thumb, 896 bytes, Stack size 80 bytes, huffman.o(i.DecodeHuffmanPairs))
<BR><BR>[Stack]<UL><LI>Max Depth = 80<LI>Call Chain = DecodeHuffmanPairs
</UL>
<BR>[Called By]<UL><LI><a href="#[217]">&gt;&gt;</a>&nbsp;&nbsp;&nbsp;xmp3_DecodeHuffman
</UL>

<P><STRONG><a name="[377]"></a>DecodeHuffmanQuads</STRONG> (Thumb, 366 bytes, Stack size 64 bytes, huffman.o(i.DecodeHuffmanQuads))
<BR><BR>[Stack]<UL><LI>Max Depth = 64<LI>Call Chain = DecodeHuffmanQuads
</UL>
<BR>[Called By]<UL><LI><a href="#[217]">&gt;&gt;</a>&nbsp;&nbsp;&nbsp;xmp3_DecodeHuffman
</UL>

<P><STRONG><a name="[120]"></a>AntiAlias</STRONG> (Thumb, 592 bytes, Stack size 40 bytes, imdct.o(i.AntiAlias))
<BR><BR>[Stack]<UL><LI>Max Depth = 40 + Unknown Stack Size
<LI>Call Chain = AntiAlias
</UL>
<BR>[Calls]<UL><LI><a href="#[121]">&gt;&gt;</a>&nbsp;&nbsp;&nbsp;xmp3_MULSHIFT32
</UL>
<BR>[Called By]<UL><LI><a href="#[219]">&gt;&gt;</a>&nbsp;&nbsp;&nbsp;xmp3_IMDCT
</UL>

<P><STRONG><a name="[1c3]"></a>FreqInvertRescale</STRONG> (Thumb, 516 bytes, Stack size 72 bytes, imdct.o(i.FreqInvertRescale))
<BR><BR>[Stack]<UL><LI>Max Depth = 72 + Unknown Stack Size
<LI>Call Chain = FreqInvertRescale
</UL>
<BR>[Calls]<UL><LI><a href="#[1c4]">&gt;&gt;</a>&nbsp;&nbsp;&nbsp;xmp3_FASTABS
</UL>
<BR>[Called By]<UL><LI><a href="#[1d8]">&gt;&gt;</a>&nbsp;&nbsp;&nbsp;IMDCT36
<LI><a href="#[1d9]">&gt;&gt;</a>&nbsp;&nbsp;&nbsp;IMDCT12x3
</UL>

<P><STRONG><a name="[1d7]"></a>HybridTransform</STRONG> (Thumb, 380 bytes, Stack size 152 bytes, imdct.o(i.HybridTransform))
<BR><BR>[Stack]<UL><LI>Max Depth = 584 + Unknown Stack Size
<LI>Call Chain = HybridTransform &rArr; IMDCT36 &rArr; idct9
</UL>
<BR>[Calls]<UL><LI><a href="#[1c4]">&gt;&gt;</a>&nbsp;&nbsp;&nbsp;xmp3_FASTABS
<LI><a href="#[1da]">&gt;&gt;</a>&nbsp;&nbsp;&nbsp;WinPrevious
<LI><a href="#[1d8]">&gt;&gt;</a>&nbsp;&nbsp;&nbsp;IMDCT36
<LI><a href="#[1d9]">&gt;&gt;</a>&nbsp;&nbsp;&nbsp;IMDCT12x3
</UL>
<BR>[Called By]<UL><LI><a href="#[219]">&gt;&gt;</a>&nbsp;&nbsp;&nbsp;xmp3_IMDCT
</UL>

<P><STRONG><a name="[1d9]"></a>IMDCT12x3</STRONG> (Thumb, 486 bytes, Stack size 200 bytes, imdct.o(i.IMDCT12x3))
<BR><BR>[Stack]<UL><LI>Max Depth = 272 + Unknown Stack Size
<LI>Call Chain = IMDCT12x3 &rArr; FreqInvertRescale
</UL>
<BR>[Calls]<UL><LI><a href="#[1c4]">&gt;&gt;</a>&nbsp;&nbsp;&nbsp;xmp3_FASTABS
<LI><a href="#[1f2]">&gt;&gt;</a>&nbsp;&nbsp;&nbsp;imdct12
<LI><a href="#[1da]">&gt;&gt;</a>&nbsp;&nbsp;&nbsp;WinPrevious
<LI><a href="#[1c3]">&gt;&gt;</a>&nbsp;&nbsp;&nbsp;FreqInvertRescale
<LI><a href="#[121]">&gt;&gt;</a>&nbsp;&nbsp;&nbsp;xmp3_MULSHIFT32
</UL>
<BR>[Called By]<UL><LI><a href="#[1d7]">&gt;&gt;</a>&nbsp;&nbsp;&nbsp;HybridTransform
</UL>

<P><STRONG><a name="[1d8]"></a>IMDCT36</STRONG> (Thumb, 572 bytes, Stack size 240 bytes, imdct.o(i.IMDCT36))
<BR><BR>[Stack]<UL><LI>Max Depth = 432 + Unknown Stack Size
<LI>Call Chain = IMDCT36 &rArr; idct9
</UL>
<BR>[Calls]<UL><LI><a href="#[1c4]">&gt;&gt;</a>&nbsp;&nbsp;&nbsp;xmp3_FASTABS
<LI><a href="#[1f3]">&gt;&gt;</a>&nbsp;&nbsp;&nbsp;idct9
<LI><a href="#[1da]">&gt;&gt;</a>&nbsp;&nbsp;&nbsp;WinPrevious
<LI><a href="#[1c3]">&gt;&gt;</a>&nbsp;&nbsp;&nbsp;FreqInvertRescale
<LI><a href="#[121]">&gt;&gt;</a>&nbsp;&nbsp;&nbsp;xmp3_MULSHIFT32
</UL>
<BR>[Called By]<UL><LI><a href="#[1d7]">&gt;&gt;</a>&nbsp;&nbsp;&nbsp;HybridTransform
</UL>

<P><STRONG><a name="[1da]"></a>WinPrevious</STRONG> (Thumb, 336 bytes, Stack size 56 bytes, imdct.o(i.WinPrevious))
<BR><BR>[Stack]<UL><LI>Max Depth = 56 + Unknown Stack Size
<LI>Call Chain = WinPrevious
</UL>
<BR>[Calls]<UL><LI><a href="#[121]">&gt;&gt;</a>&nbsp;&nbsp;&nbsp;xmp3_MULSHIFT32
</UL>
<BR>[Called By]<UL><LI><a href="#[1d8]">&gt;&gt;</a>&nbsp;&nbsp;&nbsp;IMDCT36
<LI><a href="#[1d9]">&gt;&gt;</a>&nbsp;&nbsp;&nbsp;IMDCT12x3
<LI><a href="#[1d7]">&gt;&gt;</a>&nbsp;&nbsp;&nbsp;HybridTransform
</UL>

<P><STRONG><a name="[1f3]"></a>idct9</STRONG> (Thumb, 454 bytes, Stack size 192 bytes, imdct.o(i.idct9))
<BR><BR>[Stack]<UL><LI>Max Depth = 192 + Unknown Stack Size
<LI>Call Chain = idct9
</UL>
<BR>[Calls]<UL><LI><a href="#[121]">&gt;&gt;</a>&nbsp;&nbsp;&nbsp;xmp3_MULSHIFT32
</UL>
<BR>[Called By]<UL><LI><a href="#[1d8]">&gt;&gt;</a>&nbsp;&nbsp;&nbsp;IMDCT36
</UL>

<P><STRONG><a name="[1f2]"></a>imdct12</STRONG> (Thumb, 236 bytes, Stack size 48 bytes, imdct.o(i.imdct12))
<BR><BR>[Stack]<UL><LI>Max Depth = 48 + Unknown Stack Size
<LI>Call Chain = imdct12
</UL>
<BR>[Calls]<UL><LI><a href="#[121]">&gt;&gt;</a>&nbsp;&nbsp;&nbsp;xmp3_MULSHIFT32
</UL>
<BR>[Called By]<UL><LI><a href="#[1d9]">&gt;&gt;</a>&nbsp;&nbsp;&nbsp;IMDCT12x3
</UL>

<P><STRONG><a name="[29d]"></a>UnpackSFMPEG1</STRONG> (Thumb, 444 bytes, Stack size 40 bytes, scalfact.o(i.UnpackSFMPEG1))
<BR><BR>[Stack]<UL><LI>Max Depth = 64<LI>Call Chain = UnpackSFMPEG1 &rArr; xmp3_GetBits
</UL>
<BR>[Calls]<UL><LI><a href="#[29e]">&gt;&gt;</a>&nbsp;&nbsp;&nbsp;xmp3_GetBits
</UL>
<BR>[Called By]<UL><LI><a href="#[216]">&gt;&gt;</a>&nbsp;&nbsp;&nbsp;xmp3_UnpackScaleFactors
</UL>

<P><STRONG><a name="[29f]"></a>UnpackSFMPEG2</STRONG> (Thumb, 714 bytes, Stack size 104 bytes, scalfact.o(i.UnpackSFMPEG2))
<BR><BR>[Stack]<UL><LI>Max Depth = 128<LI>Call Chain = UnpackSFMPEG2 &rArr; xmp3_GetBits
</UL>
<BR>[Calls]<UL><LI><a href="#[29e]">&gt;&gt;</a>&nbsp;&nbsp;&nbsp;xmp3_GetBits
</UL>
<BR>[Called By]<UL><LI><a href="#[216]">&gt;&gt;</a>&nbsp;&nbsp;&nbsp;xmp3_UnpackScaleFactors
</UL>

<P><STRONG><a name="[38c]"></a>_dadd1</STRONG> (Thumb, 0 bytes, Stack size unknown bytes, daddsub_clz.o(x$fpl$dadd), UNUSED)
<BR><BR>[Called By]<UL><LI><a href="#[38d]">&gt;&gt;</a>&nbsp;&nbsp;&nbsp;_dsub
<LI><a href="#[38b]">&gt;&gt;</a>&nbsp;&nbsp;&nbsp;_drsb
</UL>

<P><STRONG><a name="[387]"></a>_dsub1</STRONG> (Thumb, 0 bytes, Stack size unknown bytes, daddsub_clz.o(x$fpl$dsub), UNUSED)
<BR><BR>[Called By]<UL><LI><a href="#[38b]">&gt;&gt;</a>&nbsp;&nbsp;&nbsp;_drsb
<LI><a href="#[386]">&gt;&gt;</a>&nbsp;&nbsp;&nbsp;_dadd
</UL>

<P><STRONG><a name="[df]"></a>_fp_digits</STRONG> (Thumb, 428 bytes, Stack size 96 bytes, _printf_fp_dec.o(.text))
<BR><BR>[Stack]<UL><LI>Max Depth = 216<LI>Call Chain = _fp_digits &rArr; _btod_etento &rArr; _btod_emul &rArr; _e2e
</UL>
<BR>[Calls]<UL><LI><a href="#[e3]">&gt;&gt;</a>&nbsp;&nbsp;&nbsp;_btod_emul
<LI><a href="#[e2]">&gt;&gt;</a>&nbsp;&nbsp;&nbsp;_btod_ediv
<LI><a href="#[e1]">&gt;&gt;</a>&nbsp;&nbsp;&nbsp;_btod_d2e
<LI><a href="#[e0]">&gt;&gt;</a>&nbsp;&nbsp;&nbsp;_btod_etento
<LI><a href="#[e4]">&gt;&gt;</a>&nbsp;&nbsp;&nbsp;_ll_udiv10
</UL>
<BR>[Called By]<UL><LI><a href="#[e5]">&gt;&gt;</a>&nbsp;&nbsp;&nbsp;_printf_fp_dec_real
</UL>

<P><STRONG><a name="[89]"></a>_printf_input_char</STRONG> (Thumb, 10 bytes, Stack size 0 bytes, _printf_char_common.o(.text))
<BR>[Address Reference Count : 1]<UL><LI> _printf_char_common.o(.text)
</UL><P>
<H3>
Undefined Global Symbols
</H3><HR></body></html>
