<html>
<body>
<pre>
<h1>µVision Build Log</h1>
<h2>Project:</h2>
C:\mcu\mcu-app\FreeRTOS_stm32f407\Project\ARM_MDK\FreeRTOS_STM32F4.uvprojx
Project File Date:  11/04/2016

<h2>Output:</h2>
Build target 'FreeRTOS_STM32F4'
compiling longsung.c...
..\..\USER\longsung.c(496): warning:  #177-D: function "parse_json" was declared but never referenced
  static void parse_json(char *text)
..\..\USER\longsung.c(684): warning:  #177-D: function "mqtt_check_json_md5" was declared but never referenced
  static int mqtt_check_json_md5(mqtt_state_t* state, char *data, int len, char *md5)
..\..\USER\longsung.c: 2 warnings, 0 errors
linking...
Program Size: Code=111934 RO-data=7810 RW-data=2736 ZI-data=111588  
FromELF: creating hex file...
After Build - User command #1: C:\Keil_v5\ARM\ARMCC\bin\fromelf.exe --bin --output=C:\mcu\mcu-app\FreeRTOS_stm32f407\stm32f407.bin C:\mcu\mcu-app\FreeRTOS_stm32f407\Project\ARM_MDK\Objects\FreeRTOS_STM32F4.axf
".\Objects\FreeRTOS_STM32F4.axf" - 0 Error(s), 2 Warning(s).
</pre>
</body>
</html>

s) : RDI,FlashDL,FlashBP,JFlash,GDBFULL 
 
* JLink Info: Found SWD-DP with ID 0x2BA01477
* JLink Info: Found SWD-DP with ID 0x2BA01477
* JLink Info: Found Cortex-M4 r0p1, Little endian.
* JLink Info: FPUnit: 6 code (BP) slots and 2 literal slots
* JLink Info: TPIU fitted.
* JLink Info: ETM fitted.
ROMTableAddr = 0xE00FF003
 
Target info:
------------
Device: STM32F407VE
VTarget = 3.351V
State of Pins: 
TCK: 0, TDI: 1, TDO: 1, TMS: 1, TRES: 1, TRST: 1
Hardware-Breakpoints: 6
Software-Breakpoints: 8192
Watchpoints:          4
JTAG speed: 50 kHz
 
Erase Done.
Programming Done.
Verify OK.
Application running ...
