<html>
<body>
<pre>
<h1>µVision Build Log</h1>
<h2>Project:</h2>
C:\mcu\mcu-app\minibalance-20160826\Project\gokit_mcu_stm32.uvproj
Project File Date:  08/28/2016

<h2>Output:</h2>
Build target 'gokit_stm32'
linking...
Program Size: Code=49820 RO-data=6956 RW-data=840 ZI-data=15156  
FromELF: creating hex file...
".\Obj\gokit_mcu_stm32.axf" - 0 Error(s), 0 Warning(s).
</pre>
</body>
</html>
Protocol\timer.c: 1 warning, 0 errors
compiling usmart.c...
compiling message.c...
..\Protocol\message.c(83): warning:  #1-D: last line of file ends without a newline
  }
..\Protocol\message.c: 1 warning, 0 errors
compiling minibalance.c...
linking...
Program Size: Code=49820 RO-data=6956 RW-data=840 ZI-data=15156  
FromELF: creating hex file...
".\Obj\gokit_mcu_stm32.axf" - 0 Error(s), 2 Warning(s).
