<html>
<body>
<pre>
<h1>µVision Build Log</h1>
<h2>Project:</h2>
C:\mcu\mcu-app\USER\USART.uvprojx
Project File Date:  03/09/2016

<h2>Output:</h2>
Build target 'USART'
compiling malloc.c...
linking...
Program Size: Code=91020 RO-data=6100 RW-data=1568 ZI-data=1227904  
FromELF: creating hex file...
After Build - User command #1: C:\Keil_v5\ARM\ARMCC\bin\fromelf.exe --bin --output=C:\mcu\mcu-app\Bin\USART.bin C:\mcu\mcu-app\OBJ\USART.axf
"..\OBJ\USART.axf" - 0 Error(s), 0 Warning(s).
</pre>
</body>
</html>
..
compiling sys.c...
compiling usart.c...
assembling startup_stm32f40_41xxx.s...
compiling misc.c...
compiling stm32f4xx_gpio.c...
compiling stm32f4xx_rcc.c...
compiling stm32f4xx_syscfg.c...
compiling stm32f4xx_usart.c...
compiling stm32f4xx_can.c...
compiling stm32f4xx_tim.c...
compiling stm32f4xx_rtc.c...
compiling stm32f4xx_exti.c...
compiling stm32f4xx_pwr.c...
compiling stm32f4xx_flash.c...
compiling stm32f4xx_iwdg.c...
compiling uart_command.c...
..\PROTOCOL\uart_command.c(226): warning:  #177-D: variable "res" was declared but never referenced
        u8 res;
..\PROTOCOL\uart_command.c(683): warning:  #177-D: variable "res" was declared but never referenced
        u8 res, len, canx;
..\PROTOCOL\uart_command.c(685): warning:  #550-D: variable "trys" was set but never used
        uint8_t  ide, rtr, trys;
..\PROTOCOL\uart_command.c(79): warning:  #177-D: function "del_msg_from_list" was declared but never referenced
  static void del_msg_from_list(struct msg_periodic *msg, struct list_head *head)
..\PROTOCOL\uart_command.c(146): warning:  #177-D: function "list_periodic_msg" was declared but never referenced
  static void list_periodic_msg()
..\PROTOCOL\uart_command.c: 5 warnings, 0 errors
compiling car_event.c...
compiling tmodem.c...
compiling bootloader_update.c...
compiling rsa.c...
compiling md5.c...
compiling timer.c...
compiling longsung.c...
..\PROTOCOL\longsung.c(287): warning:  #177-D: function "parse_json" was declared but never referenced
  static void parse_json(char *text)
..\PROTOCOL\longsung.c(527): warning:  #177-D: function "mqtt_check_json_md5" was declared but never referenced
  static int mqtt_check_json_md5(mqtt_state_t* state, char *data, int len, char *md5)
..\PROTOCOL\longsung.c: 2 warnings, 0 errors
compiling pending.c...
compiling aes.c...
compiling mqtt_msg.c...
compiling cJSON.c...
compiling kfifo.c...
compiling list.c...
compiling usmart.c...
compiling usmart_config.c...
compiling usmart_str.c...
compiling test.c...
compiling jsontest.c...
linking...
..\OBJ\USART.axf: Error: L6218E: Undefined symbol my_mem_init (referred from main.o).
..\OBJ\USART.axf: Error: L6218E: Undefined symbol myfree (referred from uart_command.o).
..\OBJ\USART.axf: Error: L6218E: Undefined symbol mymalloc (referred from uart_command.o).
..\OBJ\USART.axf: Error: L6218E: Undefined symbol mymemset (referred from md5.o).
Not enough information to list image symbols.
Finished: 1 information, 0 warning and 4 error messages.
"..\OBJ\USART.axf" - 4 Error(s), 8 Warning(s).
Target not created
