<html>
<body>
<pre>
<h1>µVision Build Log</h1>
<h2>Project:</h2>
F:\work\xiaopeng\github\mcu-app\USER\USART.uvprojx
Project File Date:  01/02/2016

<h2>Output:</h2>
Build target 'USART'
compiling main.c...
compiling stm32f4xx_it.c...
compiling system_stm32f4xx.c...
compiling pending.c...
compiling led.c...
compiling can.c...
compiling rtc.c...
compiling ioctr.c...
compiling stmflash.c...
compiling iwdg.c...
compiling delay.c...
compiling sys.c...
compiling usart.c...
assembling startup_stm32f40_41xxx.s...
compiling misc.c...
compiling stm32f4xx_gpio.c...
compiling stm32f4xx_rcc.c...
compiling stm32f4xx_syscfg.c...
compiling stm32f4xx_usart.c...
compiling stm32f4xx_can.c...
compiling stm32f4xx_tim.c...
compiling stm32f4xx_rtc.c...
compiling stm32f4xx_exti.c...
compiling stm32f4xx_pwr.c...
compiling stm32f4xx_flash.c...
compiling stm32f4xx_iwdg.c...
compiling malloc.c...
compiling kfifo.c...
compiling uart_command.c...
compiling car_event.c...
compiling tmodem.c...
compiling bootloader_update.c...
compiling rsa.c...
compiling md5.c...
compiling usmart.c...
compiling usmart_config.c...
compiling usmart_str.c...
compiling list.c...
compiling test.c...
linking...
Program Size: Code=45868 RO-data=3408 RW-data=836 ZI-data=1221116  
FromELF: creating hex file...
After Build - User command #1: C:\Keil_v5\ARM\ARMCC\bin\fromelf.exe --bin --output=Y:\mirror\mcu\rom\Bin\USART.bin Y:\mirror\mcu\rom\OBJ\USART.axf
"..\OBJ\USART.axf" - 0 Error(s), 0 Warning(s).
</pre>
</body>
</html>
