Product: MDK-ARM Professional 5.10
Component: ARM Compiler 5.04 update 1 (build 49)
Tool: armlink [5040049]

==============================================================================

Section Cross References

    startup_stm32f40_41xxx.o(STACK) refers (Special) to heapauxi.o(.text) for __use_two_region_memory
    startup_stm32f40_41xxx.o(HEAP) refers (Special) to heapauxi.o(.text) for __use_two_region_memory
    startup_stm32f40_41xxx.o(RESET) refers (Special) to heapauxi.o(.text) for __use_two_region_memory
    startup_stm32f40_41xxx.o(RESET) refers to startup_stm32f40_41xxx.o(STACK) for __initial_sp
    startup_stm32f40_41xxx.o(RESET) refers to startup_stm32f40_41xxx.o(.text) for Reset_Handler
    startup_stm32f40_41xxx.o(RESET) refers to stm32f4xx_it.o(i.NMI_Handler) for NMI_Handler
    startup_stm32f40_41xxx.o(RESET) refers to stm32f4xx_it.o(i.HardFault_Handler) for HardFault_Handler
    startup_stm32f40_41xxx.o(RESET) refers to stm32f4xx_it.o(i.MemManage_Handler) for MemManage_Handler
    startup_stm32f40_41xxx.o(RESET) refers to stm32f4xx_it.o(i.BusFault_Handler) for BusFault_Handler
    startup_stm32f40_41xxx.o(RESET) refers to stm32f4xx_it.o(i.UsageFault_Handler) for UsageFault_Handler
    startup_stm32f40_41xxx.o(RESET) refers to port.o(.emb_text) for vPortSVCHandler
    startup_stm32f40_41xxx.o(RESET) refers to stm32f4xx_it.o(i.DebugMon_Handler) for DebugMon_Handler
    startup_stm32f40_41xxx.o(RESET) refers to port.o(i.xPortSysTickHandler) for xPortSysTickHandler
    startup_stm32f40_41xxx.o(RESET) refers to rtc.o(i.RTC_WKUP_IRQHandler) for RTC_WKUP_IRQHandler
    startup_stm32f40_41xxx.o(RESET) refers to exti.o(i.EXTI0_IRQHandler) for EXTI0_IRQHandler
    startup_stm32f40_41xxx.o(RESET) refers to exti.o(i.EXTI3_IRQHandler) for EXTI3_IRQHandler
    startup_stm32f40_41xxx.o(RESET) refers to exti.o(i.EXTI4_IRQHandler) for EXTI4_IRQHandler
    startup_stm32f40_41xxx.o(RESET) refers to dma.o(i.DMA1_Stream3_IRQHandler) for DMA1_Stream3_IRQHandler
    startup_stm32f40_41xxx.o(RESET) refers to i2s.o(i.DMA1_Stream4_IRQHandler) for DMA1_Stream4_IRQHandler
    startup_stm32f40_41xxx.o(RESET) refers to adc.o(i.ADC_IRQHandler) for ADC_IRQHandler
    startup_stm32f40_41xxx.o(RESET) refers to can.o(i.CAN1_RX0_IRQHandler) for CAN1_RX0_IRQHandler
    startup_stm32f40_41xxx.o(RESET) refers to usart.o(i.USART1_IRQHandler) for USART1_IRQHandler
    startup_stm32f40_41xxx.o(RESET) refers to usart.o(i.USART3_IRQHandler) for USART3_IRQHandler
    startup_stm32f40_41xxx.o(RESET) refers to rtc.o(i.RTC_Alarm_IRQHandler) for RTC_Alarm_IRQHandler
    startup_stm32f40_41xxx.o(RESET) refers to sdio_sdcard.o(i.SDIO_IRQHandler) for SDIO_IRQHandler
    startup_stm32f40_41xxx.o(RESET) refers to usart.o(i.UART4_IRQHandler) for UART4_IRQHandler
    startup_stm32f40_41xxx.o(RESET) refers to adc.o(i.DMA2_Stream0_IRQHandler) for DMA2_Stream0_IRQHandler
    startup_stm32f40_41xxx.o(RESET) refers to can.o(i.CAN2_RX1_IRQHandler) for CAN2_RX1_IRQHandler
    startup_stm32f40_41xxx.o(RESET) refers to dma.o(i.DMA2_Stream6_IRQHandler) for DMA2_Stream6_IRQHandler
    startup_stm32f40_41xxx.o(RESET) refers to dma.o(i.DMA2_Stream7_IRQHandler) for DMA2_Stream7_IRQHandler
    startup_stm32f40_41xxx.o(RESET) refers to usart.o(i.USART6_IRQHandler) for USART6_IRQHandler
    startup_stm32f40_41xxx.o(.text) refers (Special) to heapauxi.o(.text) for __use_two_region_memory
    startup_stm32f40_41xxx.o(.text) refers to system_stm32f4xx.o(i.SystemInit) for SystemInit
    startup_stm32f40_41xxx.o(.text) refers to __main.o(!!!main) for __main
    startup_stm32f40_41xxx.o(.text) refers to startup_stm32f40_41xxx.o(HEAP) for Heap_Mem
    startup_stm32f40_41xxx.o(.text) refers to startup_stm32f40_41xxx.o(STACK) for Stack_Mem
    system_stm32f4xx.o(i.SystemCoreClockUpdate) refers to system_stm32f4xx.o(.data) for SystemCoreClock
    system_stm32f4xx.o(i.SystemInit) refers to system_stm32f4xx.o(i.SetSysClock) for SetSysClock
    stm32f4xx_gpio.o(i.GPIO_DeInit) refers to stm32f4xx_rcc.o(i.RCC_AHB1PeriphResetCmd) for RCC_AHB1PeriphResetCmd
    stm32f4xx_pwr.o(i.PWR_DeInit) refers to stm32f4xx_rcc.o(i.RCC_APB1PeriphResetCmd) for RCC_APB1PeriphResetCmd
    stm32f4xx_rcc.o(i.RCC_GetClocksFreq) refers to stm32f4xx_rcc.o(.data) for APBAHBPrescTable
    stm32f4xx_rcc.o(i.RCC_WaitForHSEStartUp) refers to stm32f4xx_rcc.o(i.RCC_GetFlagStatus) for RCC_GetFlagStatus
    stm32f4xx_usart.o(i.USART_DeInit) refers to stm32f4xx_rcc.o(i.RCC_APB2PeriphResetCmd) for RCC_APB2PeriphResetCmd
    stm32f4xx_usart.o(i.USART_DeInit) refers to stm32f4xx_rcc.o(i.RCC_APB1PeriphResetCmd) for RCC_APB1PeriphResetCmd
    stm32f4xx_usart.o(i.USART_Init) refers to stm32f4xx_rcc.o(i.RCC_GetClocksFreq) for RCC_GetClocksFreq
    stm32f4xx_rtc.o(i.RTC_CoarseCalibCmd) refers to stm32f4xx_rtc.o(i.RTC_EnterInitMode) for RTC_EnterInitMode
    stm32f4xx_rtc.o(i.RTC_CoarseCalibCmd) refers to stm32f4xx_rtc.o(i.RTC_ExitInitMode) for RTC_ExitInitMode
[...]
    0x080002a0   0x00000002   Code   RO        11782    .ARM.Collect$$libshutdown$$0000000F  c_w.l(libshutdown2.o)
    0x080002a2   0x00000000   Code   RO        11498    .ARM.Collect$$rtentry$$00000000  c_w.l(rtentry.o)
    0x080002a2   0x00000000   Code   RO        11572    .ARM.Collect$$rtentry$$00000002  c_w.l(rtentry2.o)
    0x080002a2   0x00000006   Code   RO        11584    .ARM.Collect$$rtentry$$00000004  c_w.l(rtentry4.o)
    0x080002a8   0x00000000   Code   RO        11574    .ARM.Collect$$rtentry$$00000009  c_w.l(rtentry2.o)
    0x080002a8   0x00000004   Code   RO        11575    .ARM.Collect$$rtentry$$0000000A  c_w.l(rtentry2.o)
    0x080002ac   0x00000000   Code   RO        11577    .ARM.Collect$$rtentry$$0000000C  c_w.l(rtentry2.o)
    0x080002ac   0x00000008   Code   RO        11578    .ARM.Collect$$rtentry$$0000000D  c_w.l(rtentry2.o)
    0x080002b4   0x00000002   Code   RO        11713    .ARM.Collect$$rtexit$$00000000  c_w.l(rtexit.o)
    0x080002b6   0x00000000   Code   RO        11731    .ARM.Collect$$rtexit$$00000002  c_w.l(rtexit2.o)
    0x080002b6   0x00000004   Code   RO        11732    .ARM.Collect$$rtexit$$00000003  c_w.l(rtexit2.o)
    0x080002ba   0x00000006   Code   RO        11733    .ARM.Collect$$rtexit$$00000004  c_w.l(rtexit2.o)
    0x080002c0   0x00000010   Code   RO         2982    .emb_text           sys.o
    0x080002d0   0x000000b6   Code   RO         5719    .emb_text           port.o
    0x08000386   0x00000002   PAD
    0x08000388   0x00000018   Code   RO         6609    .emb_text           usmart.o
    0x080003a0   0x0000003c   Code   RO            4    .text               startup_stm32f40_41xxx.o
    0x080003dc   0x00000048   Code   RO        11325    .text               c_w.l(llsdiv.o)
    0x08000424   0x0000001e   Code   RO        11329    .text               c_w.l(toupper.o)
    0x08000442   0x00000002   PAD
    0x08000444   0x00000018   Code   RO        11335    .text               c_w.l(noretval__2printf.o)
    0x0800045c   0x00000028   Code   RO        11337    .text               c_w.l(noretval__2sprintf.o)
    0x08000484   0x0000004e   Code   RO        11341    .text               c_w.l(_printf_pad.o)
    0x080004d2   0x00000052   Code   RO        11343    .text               c_w.l(_printf_str.o)
    0x08000524   0x00000074   Code   RO        11345    .text               c_w.l(_printf_dec.o)
    0x08000598   0x00000078   Code   RO        11347    .text               c_w.l(_printf_longlong_dec.o)
    0x08000610   0x0000007c   Code   RO        11361    .text               c_w.l(_printf_hex_int_ptr.o)
    0x0800068c   0x00000188   Code   RO        11387    .text               c_w.l(__printf_flags_ss_wp.o)
    0x08000814   0x0000001a   Code   RO        11400    .text               c_w.l(atoi.o)
    0x0800082e   0x00000058   Code   RO        11406    .text               c_w.l(memcmp.o)
    0x08000886   0x00000048   Code   RO        11408    .text               c_w.l(strcpy.o)
    0x080008ce   0x0000003e   Code   RO        11410    .text               c_w.l(strlen.o)
    0x0800090c   0x00000014   Code   RO        11412    .text               c_w.l(memchr.o)
    0x08000920   0x00000096   Code   RO        11414    .text               c_w.l(strncmp.o)
    0x080009b6   0x00000018   Code   RO        11416    .text               c_w.l(strcat.o)
    0x080009ce   0x0000008a   Code   RO        11418    .text               c_w.l(rt_memcpy_v6.o)
    0x08000a58   0x00000084   Code   RO        11420    .text               c_w.l(rt_memmove_v6.o)
    0x08000adc   0x00000064   Code   RO        11422    .text               c_w.l(rt_memcpy_w.o)
    0x08000b40   0x00000010   Code   RO        11424    .text               c_w.l(aeabi_memset.o)
    0x08000b50   0x00000044   Code   RO        11426    .text               c_w.l(rt_memclr.o)
    0x08000b94   0x0000004e   Code   RO        11428    .text               c_w.l(rt_memclr_w.o)
    0x08000be2   0x00000002   PAD
    0x08000be4   0x00000080   Code   RO        11432    .text               c_w.l(strcmpv7m.o)
    0x08000c64   0x00000006   Code   RO        11434    .text               c_w.l(heapauxi.o)
    0x08000c6a   0x00000002   PAD
    0x08000c6c   0x00000010   Code   RO        11499    .text               c_w.l(rt_ctype_table.o)
    0x08000c7c   0x00000008   Code   RO        11504    .text               c_w.l(rt_errno_addr_intlibspace.o)
    0x08000c84   0x000000ee   Code   RO        11506    .text               c_w.l(lludivv7m.o)
    0x08000d72   0x0000008a   Code   RO        11508    .text               c_w.l(lludiv10.o)
    0x08000dfc   0x000000b2   Code   RO        11512    .text               c_w.l(_printf_intcommon.o)
    0x08000eae   0x00000416   Code   RO        11514    .text               c_w.l(_printf_fp_dec.o)
    0x080012c4   0x00000030   Code   RO        11516    .text               c_w.l(_printf_char_common.o)
    0x080012f4   0x0000000a   Code   RO        11518    .text               c_w.l(_sputc.o)
    0x080012fe   0x0000002c   Code   RO        11520    .text               c_w.l(_printf_char.o)
    0x0800132a   0x00000002   PAD
    0x0800132c   0x00000024   Code   RO        11522    .text               c_w.l(_printf_char_file.o)
    0x08001350   0x00000070   Code   RO        11526    .text               c_w.l(strtol.o)
    0x080013c0   0x0000007a   Code   RO        11532    .text               c_w.l(rt_memmove_w.o)
    0x0800143a   0x00000002   PAD
    0x0800143c   0x00000008   Code   RO        11568    .text               c_w.l(libspace.o)
    0x08001444   0x00000008   Code   RO        11595    .text               c_w.l(rt_locale_intlibspace.o)
    0x0800144c   0x00000080   Code   RO        11597    .text               c_w.l(_printf_fp_infnan.o)
    0x080014cc   0x0000009e   Code   RO        11601    .text               c_w.l(_strtoul.o)
    0x0800156a   0x00000002   PAD
    0x0800156c   0x000000d8   Code   RO        11603    .text               c_w.l(bigflt0.o)
    0x08001644   0x00000008   Code   RO        11628    .text               c_w.l(ferror.o)
    0x0800164c   0x0000004a   Code   RO        11648    .text               c_w.l(sys_stackheap_outer.o)
    0x08001696   0x0000001c   Code   RO        11652    .text               c_w.l(_chval.o)
    0x080016b2   0x0000000c   Code   RO        11654    .text               c_w.l(exit.o)
    0x080016be   0x0000003e   Code   RO        11606    CL$$btod_d2e        c_w.l(btod.o)
    0x080016fc   0x00000046   Code   RO        11608    CL$$btod_d2e_denorm_low  c_w.l(btod.o)
    0x08001742   0x00000060   Code   RO        11607    CL$$btod_d2e_norm_op1  c_w.l(btod.o)
    0x080017a2   0x00000338   Code   RO        11616    CL$$btod_div_common  c_w.l(btod.o)
    0x08001ada   0x000000c6   Code   RO        11613    CL$$btod_e2e        c_w.l(btod.o)
    0x08001ba0   0x00000028   Code   RO        11610    CL$$btod_ediv       c_w.l(btod.o)
    0x08001bc8   0x00000028   Code   RO        11609    CL$$btod_emul       c_w.l(btod.o)
    0x08001bf0   0x00000244   Code   RO        11615    CL$$btod_mult_common  c_w.l(btod.o)
    0x08001e34   0x0000000a   Code   RO         1715    i.ADC_ClearITPendingBit  stm32f4xx_adc.o
    0x08001e3e   0x00000008   Code   RO         1728    i.ADC_GetConversionValue  stm32f4xx_adc.o
    0x08001e46   0x00000026   Code   RO         1730    i.ADC_GetITStatus   stm32f4xx_adc.o
    0x08001e6c   0x00000044   Code   RO         7273    i.ADC_IRQHandler    adc.o
    0x08001eb0   0x0000009c   Code   RO         6610    i.Amr_Set_Samplerate  usmart.o
    0x08001f4c   0x00000004   Code   RO           13    i.BusFault_Handler  stm32f4xx_it.o
    0x08001f50   0x000000d8   Code   RO         8177    i.CAN1_Mode_Init    can.o
    0x08002028   0x0000007c   Code   RO         8178    i.CAN1_RX0_IRQHandler  can.o
    0x080020a4   0x00000074   Code   RO         8181    i.CAN1_Send_Msg1    can.o
    0x08002118   0x00000100   Code   RO         8183    i.CAN2_Mode_Init    can.o
    0x08002218   0x0000007c   Code   RO         8184    i.CAN2_RX1_IRQHandler  can.o
    0x08002294   0x00000074   Code   RO         8187    i.CAN2_Send_Msg1    can.o
    0x08002308   0x00000038   Code   RO         2731    i.CAN_DeInit        stm32f4xx_can.o
    0x08002340   0x00000108   Code   RO         2733    i.CAN_FilterInit    stm32f4xx_can.o
    0x08002448   0x0000043e   Code   RO         8189    i.CAN_FilterSet     can.o
    0x08002886   0x00000012   Code   RO         2739    i.CAN_ITConfig      stm32f4xx_can.o
    0x08002898   0x00000114   Code   RO         2740    i.CAN_Init          stm32f4xx_can.o
    0x080029ac   0x000000f0   Code   RO         2743    i.CAN_Receive       stm32f4xx_can.o
    0x08002a9c   0x00000126   Code   RO         2748    i.CAN_Transmit      stm32f4xx_can.o
    0x08002bc2   0x00000002   PAD
    0x08002bc4   0x000000a0   Code   RO         2749    i.CAN_TransmitStatus  stm32f4xx_can.o
    0x08002c64   0x0000014c   Code   RO         6611    i.Caulate_File_Md5  usmart.o
    0x08002db0   0x000001a8   Code   RO         6612    i.Change_Uart_Baud  usmart.o
    0x08002f58   0x000000bc   Code   RO         6613    i.Change_User_Name  usmart.o
    0x08003014   0x00000030   Code   RO         7591    i.CmdError          sdio_sdcard.o
    0x08003044   0x00000064   Code   RO         7592    i.CmdResp1Error     sdio_sdcard.o
    0x080030a8   0x00000054   Code   RO         7593    i.CmdResp2Error     sdio_sdcard.o
    0x080030fc   0x00000038   Code   RO         7594    i.CmdResp3Error     sdio_sdcard.o
    0x08003134   0x00000094   Code   RO         7595    i.CmdResp6Error     sdio_sdcard.o
    0x080031c8   0x0000004c   Code   RO         7596    i.CmdResp7Error     sdio_sdcard.o
    0x08003214   0x0000003c   Code   RO         8131    i.DIO_Port_Initialize_Pin_State  gpio.o
    0x08003250   0x00000030   Code   RO         8132    i.DIO_Port_Set_Pin_State  gpio.o
    0x08003280   0x0000003c   Code   RO         7337    i.DMA1_Stream3_IRQHandler  dma.o
    0x080032bc   0x00000034   Code   RO         7939    i.DMA1_Stream4_IRQHandler  i2s.o
    0x080032f0   0x00000028   Code   RO         7275    i.DMA2_Stream0_IRQHandler  adc.o
    0x08003318   0x0000003c   Code   RO         7338    i.DMA2_Stream6_IRQHandler  dma.o
    0x08003354   0x0000003c   Code   RO         7339    i.DMA2_Stream7_IRQHandler  dma.o
    0x08003390   0x00000034   Code   RO         1960    i.DMA_ClearITPendingBit  stm32f4xx_dma.o
    0x080033c4   0x00000016   Code   RO         1961    i.DMA_Cmd           stm32f4xx_dma.o
    0x080033da   0x00000002   PAD
    0x080033dc   0x00000158   Code   RO         1962    i.DMA_DeInit        stm32f4xx_dma.o
    0x08003534   0x00000016   Code   RO         1965    i.DMA_FlowControllerConfig  stm32f4xx_dma.o
    0x0800354a   0x00000014   Code   RO         1966    i.DMA_GetCmdStatus  stm32f4xx_dma.o
    0x0800355e   0x00000002   PAD
    0x08003560   0x00000064   Code   RO         1971    i.DMA_GetITStatus   stm32f4xx_dma.o
    0x080035c4   0x0000003a   Code   RO         1972    i.DMA_ITConfig      stm32f4xx_dma.o
    0x080035fe   0x00000002   PAD
    0x08003600   0x00000058   Code   RO         1973    i.DMA_Init          stm32f4xx_dma.o
    0x08003658   0x00000004   Code   RO         1976    i.DMA_SetCurrDataCounter  stm32f4xx_dma.o
    0x0800365c   0x000001c8   Code   RO         6614    i.Deal_Command_For_Task  usmart.o
    0x08003824   0x00000002   Code   RO           14    i.DebugMon_Handler  stm32f4xx_it.o
    0x08003826   0x00000032   Code   RO         3669    i.Decode            md5.o
    0x08003858   0x00000020   Code   RO         7133    i.EXTI0_IRQHandler  exti.o
    0x08003878   0x00000020   Code   RO         7134    i.EXTI3_IRQHandler  exti.o
    0x08003898   0x00000020   Code   RO         7135    i.EXTI4_IRQHandler  exti.o
    0x080038b8   0x0000000c   Code   RO          343    i.EXTI_ClearITPendingBit  stm32f4xx_exti.o
    0x080038c4   0x0000003e   Code   RO         3670    i.Encode            md5.o
    0x08003902   0x00000002   PAD
    0x08003904   0x00000024   Code   RO         2095    i.FLASH_DataCacheCmd  stm32f4xx_flash.o
    0x08003928   0x00000088   Code   RO         2100    i.FLASH_EraseSector  stm32f4xx_flash.o
    0x080039b0   0x00000054   Code   RO         2102    i.FLASH_GetStatus   stm32f4xx_flash.o
    0x08003a04   0x000000a8   Code   RO         7386    i.FLASH_If_Erase_Sector  stmflash.o
    0x08003aac   0x00000014   Code   RO         2106    i.FLASH_Lock        stm32f4xx_flash.o
    0x08003ac0   0x00000050   Code   RO         2130    i.FLASH_ProgramWord  stm32f4xx_flash.o
    0x08003b10   0x00000024   Code   RO         2132    i.FLASH_Unlock      stm32f4xx_flash.o
    0x08003b34   0x00000022   Code   RO         2133    i.FLASH_WaitForLastOperation  stm32f4xx_flash.o
    0x08003b56   0x00000002   PAD
    0x08003b58   0x000001b8   Code   RO         6615    i.Fatfs_Cat_File    usmart.o
    0x08003d10   0x0000014c   Code   RO         6616    i.Fatfs_Change_Dir  usmart.o
    0x08003e5c   0x000002e8   Code   RO         6617    i.Fatfs_Copy_File   usmart.o
    0x08004144   0x00000134   Code   RO         6618    i.Fatfs_Dump_Ram    usmart.o
    0x08004278   0x000001b4   Code   RO         6619    i.Fatfs_Echo_To_File  usmart.o
    0x0800442c   0x000000b4   Code   RO         6620    i.Fatfs_Get_Dir_More_Ll  usmart.o
    0x080044e0   0x000000cc   Code   RO         6621    i.Fatfs_Get_Dir_More_Ls  usmart.o
    0x080045ac   0x000000f0   Code   RO         6622    i.Fatfs_Get_Volume_Free  usmart.o
    0x0800469c   0x000002cc   Code   RO         6623    i.Fatfs_Informantion  usmart.o
    0x08004968   0x00000094   Code   RO         6624    i.Fatfs_Make_Dir    usmart.o
    0x080049fc   0x00000144   Code   RO         6625    i.Fatfs_Mount       usmart.o
    0x08004b40   0x000000d8   Code   RO         6626    i.Fatfs_Rm_Dir      usmart.o
    0x08004c18   0x0000016c   Code   RO         6627    i.Fatfs_Touch_File  usmart.o
    0x08004d84   0x0000004c   Code   RO         3125    i.Feed_Wdg_Task     main.o
    0x08004dd0   0x00000194   Code   RO         7597    i.FindSCR           sdio_sdcard.o
    0x08004f64   0x00000090   Code   RO          415    i.GPIO_Init         stm32f4xx_gpio.o
    0x08004ff4   0x00000046   Code   RO          416    i.GPIO_PinAFConfig  stm32f4xx_gpio.o
    0x0800503a   0x0000000a   Code   RO          427    i.GPIO_WriteBit     stm32f4xx_gpio.o
    0x08005044   0x0000019c   Code   RO         4266    i.HandleCanCommandTask  cmdhandler.o
    0x080051e0   0x00000088   Code   RO         3855    i.HandleCanTask     uartprotocol.o
    0x08005268   0x000000b4   Code   RO         3856    i.HandleDownStreamTask  uartprotocol.o
    0x0800531c   0x00000154   Code   RO         5081    i.HandleModuleTask  longsung.o
    0x08005470   0x00000170   Code   RO         3857    i.HandleUpstreamTask  uartprotocol.o
    0x080055e0   0x00000004   Code   RO           15    i.HardFault_Handler  stm32f4xx_it.o
    0x080055e4   0x00000068   Code   RO         8004    i.IIC_Send_Byte     miic.o
    0x0800564c   0x0000004c   Code   RO         8005    i.IIC_Start         miic.o
    0x08005698   0x0000004c   Code   RO         8006    i.IIC_Stop          miic.o
    0x080056e4   0x00000060   Code   RO         8007    i.IIC_Wait_Ack      miic.o
    0x08005744   0x00000006   Code   RO         5653    i.INIT_LIST_HEAD    xlist.o
    0x0800574a   0x00000002   PAD
    0x0800574c   0x00000010   Code   RO         1656    i.IWDG_Enable       stm32f4xx_iwdg.o
    0x0800575c   0x00000008   Code   RO         7243    i.IWDG_Feed         iwdg.o
    0x08005764   0x00000024   Code   RO         7244    i.IWDG_Init         iwdg.o
    0x08005788   0x00000010   Code   RO         1658    i.IWDG_ReloadCounter  stm32f4xx_iwdg.o
    0x08005798   0x0000000c   Code   RO         1659    i.IWDG_SetPrescaler  stm32f4xx_iwdg.o
    0x080057a4   0x0000000c   Code   RO         1660    i.IWDG_SetReload    stm32f4xx_iwdg.o
    0x080057b0   0x0000000c   Code   RO         1661    i.IWDG_WriteAccessCmd  stm32f4xx_iwdg.o
    0x080057bc   0x000000a0   Code   RO         7598    i.IsCardProgramming  sdio_sdcard.o
    0x0800585c   0x0000005c   Code   RO         6630    i.List_All_Task_Information  usmart.o
    0x080058b8   0x00000170   Code   RO         6631    i.List_Struct_Information  usmart.o
    0x08005a28   0x00000058   Code   RO         3671    i.MD5Final          md5.o
    0x08005a80   0x00000024   Code   RO         3672    i.MD5Init           md5.o
    0x08005aa4   0x000007dc   Code   RO         3673    i.MD5Transform      md5.o
    0x08006280   0x00000084   Code   RO         3674    i.MD5Update         md5.o
    0x08006304   0x000000ac   Code   RO         7340    i.MYDMA_Config      dma.o
    0x080063b0   0x0000002c   Code   RO         7341    i.MYDMA_Enable      dma.o
    0x080063dc   0x00000004   Code   RO           16    i.MemManage_Handler  stm32f4xx_it.o
    0x080063e0   0x00000038   Code   RO         3420    i.MusicAddVolume    wavplay.o
    0x08006418   0x0000000c   Code   RO         3421    i.MusicCircle       wavplay.o
    0x08006424   0x0000000c   Code   RO         3422    i.MusicContinue     wavplay.o
    0x08006430   0x00000038   Code   RO         3423    i.MusicDelVolume    wavplay.o
    0x08006468   0x0000000c   Code   RO         3424    i.MusicNext         wavplay.o
    0x08006474   0x0000000c   Code   RO         3425    i.MusicPrevious     wavplay.o
    0x08006480   0x0000000c   Code   RO         3426    i.MusicStop         wavplay.o
    0x0800648c   0x00000002   Code   RO           17    i.NMI_Handler       stm32f4xx_it.o
    0x0800648e   0x00000002   PAD
    0x08006490   0x00000078   Code   RO          216    i.NVIC_Init         misc.o
    0x08006508   0x00000014   Code   RO          217    i.NVIC_PriorityGroupConfig  misc.o
    0x0800651c   0x0000002c   Code   RO         3130    i.Printf_Application_Version  main.o
    0x08006548   0x000000f8   Code   RO         6632    i.Printf_Memory_Information  usmart.o
    0x08006640   0x0000005c   Code   RO         6633    i.Printf_System_Jiffies  usmart.o
    0x0800669c   0x00000050   Code   RO         6634    i.Printf_System_Tempreture  usmart.o
    0x080066ec   0x00000040   Code   RO         6635    i.Printf_Time_From_Rtc  usmart.o
    0x0800672c   0x00000020   Code   RO          633    i.RCC_AHB1PeriphClockCmd  stm32f4xx_rcc.o
    0x0800674c   0x00000020   Code   RO          636    i.RCC_AHB2PeriphClockCmd  stm32f4xx_rcc.o
    0x0800676c   0x00000020   Code   RO          642    i.RCC_APB1PeriphClockCmd  stm32f4xx_rcc.o
    0x0800678c   0x00000020   Code   RO          644    i.RCC_APB1PeriphResetCmd  stm32f4xx_rcc.o
    0x080067ac   0x00000020   Code   RO          645    i.RCC_APB2PeriphClockCmd  stm32f4xx_rcc.o
    0x080067cc   0x00000020   Code   RO          647    i.RCC_APB2PeriphResetCmd  stm32f4xx_rcc.o
    0x080067ec   0x000000e8   Code   RO          654    i.RCC_GetClocksFreq  stm32f4xx_rcc.o
    0x080068d4   0x00000024   Code   RO         1592    i.RNG_Cmd           stm32f4xx_rng.o
    0x080068f8   0x00000018   Code   RO         1594    i.RNG_GetFlagStatus  stm32f4xx_rng.o
    0x08006910   0x00000046   Code   RO         7209    i.RNG_Init          rng.o
    0x08006956   0x00000002   PAD
    0x08006958   0x00000040   Code   RO         7011    i.RTC_Alarm_IRQHandler  rtc.o
    0x08006998   0x00000016   Code   RO         7012    i.RTC_BCD2DEC       rtc.o
    0x080069ae   0x0000001c   Code   RO         7013    i.RTC_DEC2BCD       rtc.o
    0x080069ca   0x00000002   PAD
    0x080069cc   0x00000044   Code   RO         7014    i.RTC_Get_Date      rtc.o
    0x08006a10   0x00000044   Code   RO         7015    i.RTC_Get_Time      rtc.o
    0x08006a54   0x0000010c   Code   RO         7017    i.RTC_INIT          rtc.o
    0x08006b60   0x00000040   Code   RO         7018    i.RTC_Init_Mode     rtc.o
    0x08006ba0   0x00000020   Code   RO         1201    i.RTC_ReadBackupRegister  stm32f4xx_rtc.o
    0x08006bc0   0x00000014   Code   RO         7019    i.RTC_Read_BKR      rtc.o
    0x08006bd4   0x00000064   Code   RO         7021    i.RTC_Set_Date      rtc.o
    0x08006c38   0x00000064   Code   RO         7022    i.RTC_Set_Time      rtc.o
    0x08006c9c   0x00000040   Code   RO         7024    i.RTC_WKUP_IRQHandler  rtc.o
    0x08006cdc   0x00000048   Code   RO         7025    i.RTC_Wait_Synchro  rtc.o
    0x08006d24   0x0000001c   Code   RO         1224    i.RTC_WriteBackupRegister  stm32f4xx_rtc.o
    0x08006d40   0x00000010   Code   RO         7026    i.RTC_Write_BKR     rtc.o
    0x08006d50   0x000000cc   Code   RO         3132    i.RTC_read_Task     main.o
    0x08006e1c   0x00000044   Code   RO         8280    i.Ramdisk_Read      diskio.o
    0x08006e60   0x00000044   Code   RO         8281    i.Ramdisk_Write     diskio.o
    0x08006ea4   0x00000040   Code   RO         4006    i.Rcon              aes.o
    0x08006ee4   0x000000a8   Code   RO         3134    i.Read_String_From_Flash  main.o
    0x08006f8c   0x00000028   Code   RO         6636    i.Reboot_System     usmart.o
    0x08006fb4   0x000000ac   Code   RO         7599    i.SDEnWideBus       sdio_sdcard.o
    0x08007060   0x0000000c   Code   RO         2527    i.SDIO_ClearFlag    stm32f4xx_sdio.o
    0x0800706c   0x00000014   Code   RO         7600    i.SDIO_Clock_Set    sdio_sdcard.o
    0x08007080   0x00000034   Code   RO         2533    i.SDIO_DataConfig   stm32f4xx_sdio.o
    0x080070b4   0x00000018   Code   RO         2539    i.SDIO_GetFlagStatus  stm32f4xx_sdio.o
    0x080070cc   0x00000010   Code   RO         2541    i.SDIO_GetPowerState  stm32f4xx_sdio.o
    0x080070dc   0x00000008   Code   RO         7601    i.SDIO_IRQHandler   sdio_sdcard.o
    0x080070e4   0x00000030   Code   RO         2544    i.SDIO_Init         stm32f4xx_sdio.o
    0x08007114   0x00000038   Code   RO         7602    i.SDIO_Register_Deinit  sdio_sdcard.o
    0x0800714c   0x0000002c   Code   RO         2547    i.SDIO_SendCommand  stm32f4xx_sdio.o
    0x08007178   0x0000000c   Code   RO         2549    i.SDIO_SetPowerState  stm32f4xx_sdio.o
    0x08007184   0x00000080   Code   RO         7603    i.SD_DMA_Config     sdio_sdcard.o
    0x08007204   0x00000068   Code   RO         7604    i.SD_EnableWideBusOperation  sdio_sdcard.o
    0x0800726c   0x00000314   Code   RO         7605    i.SD_GetCardInfo    sdio_sdcard.o
    0x08007580   0x00000130   Code   RO         7607    i.SD_Init           sdio_sdcard.o
    0x080076b0   0x00000164   Code   RO         7608    i.SD_InitializeCards  sdio_sdcard.o
    0x08007814   0x000001e4   Code   RO         7610    i.SD_PowerON        sdio_sdcard.o
    0x080079f8   0x00000154   Code   RO         7611    i.SD_ProcessIRQSrc  sdio_sdcard.o
    0x08007b4c   0x00000268   Code   RO         7612    i.SD_ReadBlock      sdio_sdcard.o
    0x08007db4   0x000000a0   Code   RO         7613    i.SD_ReadDisk       sdio_sdcard.o
    0x08007e54   0x000002f4   Code   RO         7614    i.SD_ReadMultiBlocks  sdio_sdcard.o
    0x08008148   0x00000030   Code   RO         7615    i.SD_SelectDeselect  sdio_sdcard.o
    0x08008178   0x00000018   Code   RO         7617    i.SD_SetDeviceMode  sdio_sdcard.o
    0x08008190   0x00000388   Code   RO         7618    i.SD_WriteBlock     sdio_sdcard.o
    0x08008518   0x000000a0   Code   RO         7619    i.SD_WriteDisk      sdio_sdcard.o
    0x080085b8   0x000003d0   Code   RO         7620    i.SD_WriteMultiBlocks  sdio_sdcard.o
    0x08008988   0x000000c4   Code   RO         7435    i.SPI1_Init         spi.o
    0x08008a4c   0x00000038   Code   RO         7436    i.SPI1_ReadWriteByte  spi.o
    0x08008a84   0x00000028   Code   RO         7437    i.SPI1_SetSpeed     spi.o
    0x08008aac   0x00000018   Code   RO         2361    i.SPI_Cmd           stm32f4xx_spi.o
    0x08008ac4   0x00000012   Code   RO         2369    i.SPI_I2S_GetFlagStatus  stm32f4xx_spi.o
    0x08008ad6   0x00000006   Code   RO         2372    i.SPI_I2S_ReceiveData  stm32f4xx_spi.o
    0x08008adc   0x00000004   Code   RO         2373    i.SPI_I2S_SendData  stm32f4xx_spi.o
    0x08008ae0   0x0000003c   Code   RO         2374    i.SPI_Init          stm32f4xx_spi.o
    0x08008b1c   0x000000e4   Code   RO         7387    i.STMFLASH_GetFlashSector  stmflash.o
    0x08008c00   0x00000020   Code   RO         7388    i.STMFLASH_Read     stmflash.o
    0x08008c20   0x00000006   Code   RO         7389    i.STMFLASH_ReadWord  stmflash.o
    0x08008c26   0x00000074   Code   RO         7390    i.STMFLASH_Write    stmflash.o
    0x08008c9a   0x00000002   PAD
    0x08008c9c   0x00000060   Code   RO         3135    i.Save_String_To_Flash  main.o
    0x08008cfc   0x000000ec   Code   RO          175    i.SetSysClock       system_stm32f4xx.o
    0x08008de8   0x000000e4   Code   RO         6637    i.Set_Os_Log_Level  usmart.o
    0x08008ecc   0x00000184   Code   RO         6638    i.Set_Task_Log_Level  usmart.o
    0x08009050   0x000001a8   Code   RO         3136    i.Software_Hardware_Init  main.o
    0x080091f8   0x00000034   Code   RO         3427    i.SpeakerAddVolume  wavplay.o
    0x0800922c   0x00000034   Code   RO         3428    i.SpeakerDelVolume  wavplay.o
    0x08009260   0x00000068   Code   RO          177    i.SystemInit        system_stm32f4xx.o
    0x080092c8   0x0000005c   Code   RO         3004    i.UART4_IRQHandler  usart.o
    0x08009324   0x00000060   Code   RO         3005    i.USART1_IRQHandler  usart.o
    0x08009384   0x0000004c   Code   RO         3006    i.USART3_IRQHandler  usart.o
    0x080093d0   0x00000064   Code   RO         3007    i.USART6_IRQHandler  usart.o
    0x08009434   0x00000012   Code   RO          974    i.USART_ClearFlag   stm32f4xx_usart.o
    0x08009446   0x0000001e   Code   RO          975    i.USART_ClearITPendingBit  stm32f4xx_usart.o
    0x08009464   0x00000018   Code   RO          978    i.USART_Cmd         stm32f4xx_usart.o
    0x0800947c   0x00000012   Code   RO          979    i.USART_DMACmd      stm32f4xx_usart.o
    0x0800948e   0x00000002   PAD
    0x08009490   0x000000f0   Code   RO          980    i.USART_DeInit      stm32f4xx_usart.o
    0x08009580   0x0000001a   Code   RO          981    i.USART_GetFlagStatus  stm32f4xx_usart.o
    0x0800959a   0x00000054   Code   RO          982    i.USART_GetITStatus  stm32f4xx_usart.o
    0x080095ee   0x0000004a   Code   RO          984    i.USART_ITConfig    stm32f4xx_usart.o
    0x08009638   0x000000d4   Code   RO          985    i.USART_Init        stm32f4xx_usart.o
    0x0800970c   0x0000000a   Code   RO          992    i.USART_ReceiveData  stm32f4xx_usart.o
    0x08009716   0x00000008   Code   RO          995    i.USART_SendData    stm32f4xx_usart.o
    0x0800971e   0x00000004   Code   RO           18    i.UsageFault_Handler  stm32f4xx_it.o
    0x08009722   0x00000002   PAD
    0x08009724   0x00000070   Code   RO         7475    i.W25QXX_Erase_Sector  w25qxx.o
    0x08009794   0x0000007c   Code   RO         7476    i.W25QXX_Init       w25qxx.o
    0x08009810   0x00000050   Code   RO         7478    i.W25QXX_Read       w25qxx.o
    0x08009860   0x00000048   Code   RO         7479    i.W25QXX_ReadID     w25qxx.o
    0x080098a8   0x0000002c   Code   RO         7480    i.W25QXX_ReadSR     w25qxx.o
    0x080098d4   0x00000012   Code   RO         7482    i.W25QXX_Wait_Busy  w25qxx.o
    0x080098e6   0x00000002   PAD
    0x080098e8   0x000000b8   Code   RO         7483    i.W25QXX_Write      w25qxx.o
    0x080099a0   0x00000020   Code   RO         7485    i.W25QXX_Write_Enable  w25qxx.o
    0x080099c0   0x00000046   Code   RO         7486    i.W25QXX_Write_NoCheck  w25qxx.o
    0x08009a06   0x00000002   PAD
    0x08009a08   0x00000054   Code   RO         7487    i.W25QXX_Write_Page  w25qxx.o
    0x08009a5c   0x0000002e   Code   RO         7811    i.WM8978_HPvol_Set  wm8978.o
    0x08009a8a   0x00000022   Code   RO         7819    i.WM8978_SPKvol_Set  wm8978.o
    0x08009aac   0x00000054   Code   RO         7820    i.WM8978_Write_Reg  wm8978.o
    0x08009b00   0x00000030   Code   RO        11551    i.__ARM_fpclassify  m_wm.l(fpclassify.o)
    0x08009b30   0x0000000a   Code   RO         5654    i.__list_add        xlist.o
    0x08009b3a   0x00000006   Code   RO         5655    i.__list_del        xlist.o
    0x08009b40   0x0000006e   Code   RO         3347    i.__rfifo_get       rfifo.o
    0x08009bae   0x0000000a   Code   RO         3348    i.__rfifo_len       rfifo.o
    0x08009bb8   0x00000076   Code   RO         3349    i.__rfifo_put       rfifo.o
    0x08009c2e   0x0000000e   Code   RO        11380    i._is_digit         c_w.l(__printf_wp.o)
    0x08009c3c   0x00000006   Code   RO         3008    i._sys_exit         usart.o
    0x08009c42   0x00000014   Code   RO         5082    i.add_cmd_to_list   longsung.o
    0x08009c56   0x00000002   PAD
    0x08009c58   0x000000b0   Code   RO         3858    i.add_command_to_stream  uartprotocol.o
    0x08009d08   0x0000006c   Code   RO         4007    i.add_round_key     aes.o
    0x08009d74   0x000000b4   Code   RO         4008    i.aes_create_key    aes.o
    0x08009e28   0x00000024   Code   RO         4009    i.aes_decode_packet  aes.o
    0x08009e4c   0x0000001c   Code   RO         4010    i.aes_destory_key   aes.o
    0x08009e68   0x000000e4   Code   RO         5083    i.alloc_command     longsung.o
    0x08009f4c   0x0000010c   Code   RO         5084    i.alloc_mqtt_buffer  longsung.o
    0x0800a058   0x00000038   Code   RO         4164    i.amr_error_handler  romhandler.o
    0x0800a090   0x000000d8   Code   RO         4165    i.amr_finish_handler  romhandler.o
    0x0800a168   0x0000026c   Code   RO         4166    i.amr_packet_handler  romhandler.o
    0x0800a3d4   0x00000038   Code   RO        10842    i.amr_set_sample_rate  amrplay.o
    0x0800a40c   0x000000d8   Code   RO         8066    i.android_power_init  gpioconfig.o
    0x0800a4e4   0x0000002c   Code   RO         8067    i.android_power_off  gpioconfig.o
    0x0800a510   0x0000001c   Code   RO         8068    i.android_power_on  gpioconfig.o
    0x0800a52c   0x00000050   Code   RO         8069    i.android_power_reset  gpioconfig.o
    0x0800a57c   0x0000003c   Code   RO         4444    i.append_message_id  mqtt_msg.o
    0x0800a5b8   0x0000004a   Code   RO         4445    i.append_string     mqtt_msg.o
    0x0800a602   0x00000016   Code   RO         5085    i.at                longsung.o
    0x0800a618   0x00000134   Code   RO         5086    i.at_get_name       longsung.o
    0x0800a74c   0x00000390   Code   RO         5087    i.at_list_cmd       longsung.o
    0x0800aadc   0x00000168   Code   RO         5088    i.atcmd_list_cmd    longsung.o
    0x0800ac44   0x00000148   Code   RO         5089    i.atcmd_set_ack     longsung.o
    0x0800ad8c   0x00000018   Code   RO         3859    i.block_wait_ack    uartprotocol.o
    0x0800ada4   0x000000a0   Code   RO         3778    i.cac_ca_num        ymodem.o
    0x0800ae44   0x00000068   Code   RO         3779    i.cac_eot_num       ymodem.o
    0x0800aeac   0x00000158   Code   RO         3676    i.caculate_file_md5  md5.o
    0x0800b004   0x00000030   Code   RO         3860    i.calculate_crc     uartprotocol.o
    0x0800b034   0x00000024   Code   RO         4267    i.canb_send_lock    cmdhandler.o
    0x0800b058   0x00000024   Code   RO         4268    i.cane_send_lock    cmdhandler.o
    0x0800b07c   0x00000208   Code   RO         3861    i.catch_data_frame  uartprotocol.o
    0x0800b284   0x0000002e   Code   RO         5090    i.check_command_exist  longsung.o
    0x0800b2b2   0x00000002   PAD
    0x0800b2b4   0x00000090   Code   RO         8384    i.check_fs          ff.o
    0x0800b344   0x00000054   Code   RO         5091    i.check_mqtt_packet  longsung.o
    0x0800b398   0x000001bc   Code   RO         5092    i.check_packet_from_fixhead  longsung.o
    0x0800b554   0x000000a8   Code   RO         5093    i.check_reset_condition  longsung.o
    0x0800b5fc   0x00000072   Code   RO         5094    i.check_sm_and_ppp  longsung.o
    0x0800b66e   0x0000007c   Code   RO         5095    i.check_socket_number  longsung.o
    0x0800b6ea   0x00000014   Code   RO         8385    i.chk_chr           ff.o
    0x0800b6fe   0x00000002   PAD
    0x0800b700   0x00000090   Code   RO         5096    i.clean_run_status  longsung.o
    0x0800b790   0x00000032   Code   RO         8386    i.clmt_clust        ff.o
    0x0800b7c2   0x0000001a   Code   RO         8387    i.clust2sect        ff.o
    0x0800b7dc   0x00000090   Code   RO         8388    i.cmp_lfn           ff.o
    0x0800b86c   0x00000024   Code   RO         4014    i.coef_add          aes.o
    0x0800b890   0x000000b2   Code   RO         4015    i.coef_mult         aes.o
    0x0800b942   0x00000002   PAD
    0x0800b944   0x00000108   Code   RO         3677    i.compare_flashdata_md5  md5.o
    0x0800ba4c   0x00000002   Code   RO         5097    i.complete_pending  longsung.o
    0x0800ba4e   0x00000040   Code   RO         3862    i.compose_protocol_command  uartprotocol.o
    0x0800ba8e   0x00000002   PAD
    0x0800ba90   0x00000018   Code   RO         3780    i.continuity_add    ymodem.o
    0x0800baa8   0x00000012   Code   RO         7621    i.convert_from_bytes_to_power_of_two  sdio_sdcard.o
    0x0800baba   0x00000002   PAD
    0x0800babc   0x00000194   Code   RO         8389    i.create_chain      ff.o
    0x0800bc50   0x000002d8   Code   RO         8390    i.create_name       ff.o
    0x0800bf28   0x00000130   Code   RO         5098    i.dealloc_command   longsung.o
    0x0800c058   0x000000e8   Code   RO         5099    i.dealloc_mqtt_buffer  longsung.o
    0x0800c140   0x000003e8   Code   RO         4342    i.decode_message    transport.o
    0x0800c528   0x00000032   Code   RO         5100    i.del_cmd_from_list  longsung.o
    0x0800c55a   0x00000002   PAD
    0x0800c55c   0x0000004c   Code   RO         2898    i.delay_ms          delay.o
    0x0800c5a8   0x00000012   Code   RO         2899    i.delay_us          delay.o
    0x0800c5ba   0x00000002   PAD
    0x0800c5bc   0x000002f4   Code   RO         4343    i.deliver_message   transport.o
    0x0800c8b0   0x0000012c   Code   RO         5101    i.deliver_publish   longsung.o
    0x0800c9dc   0x000000a4   Code   RO         8391    i.dir_alloc         ff.o
    0x0800ca80   0x000000fc   Code   RO         8392    i.dir_find          ff.o
    0x0800cb7c   0x00000154   Code   RO         8393    i.dir_next          ff.o
    0x0800ccd0   0x000000c2   Code   RO         8394    i.dir_read          ff.o
    0x0800cd92   0x00000136   Code   RO         8395    i.dir_register      ff.o
    0x0800cec8   0x0000006a   Code   RO         8396    i.dir_remove        ff.o
    0x0800cf32   0x0000009e   Code   RO         8397    i.dir_sdi           ff.o
    0x0800cfd0   0x000000b0   Code   RO         8282    i.disk_initialize   diskio.o
    0x0800d080   0x000000fc   Code   RO         8283    i.disk_ioctl        diskio.o
    0x0800d17c   0x0000009c   Code   RO         8284    i.disk_read         diskio.o
    0x0800d218   0x00000006   Code   RO         8285    i.disk_status       diskio.o
    0x0800d21e   0x0000009c   Code   RO         8286    i.disk_write        diskio.o
    0x0800d2ba   0x00000002   PAD
    0x0800d2bc   0x00000030   Code   RO         5102    i.do_close_socket   longsung.o
    0x0800d2ec   0x0000002c   Code   RO         5103    i.do_delete_sm      longsung.o
    0x0800d318   0x00000104   Code   RO         5104    i.do_init_mqtt_buffer  longsung.o
    0x0800d41c   0x00000064   Code   RO         5105    i.do_read_sm        longsung.o
    0x0800d480   0x000000d0   Code   RO         4269    i.do_send_can_msg   cmdhandler.o
    0x0800d550   0x0000006c   Code   RO         6043    i.eTaskGetState     tasks.o
    0x0800d5bc   0x0000007c   Code   RO         8977    i.exfuns_init       exfuns.o
    0x0800d638   0x0000007e   Code   RO         8398    i.f_chdir           ff.o
    0x0800d6b6   0x00000002   PAD
    0x0800d6b8   0x00000020   Code   RO         8399    i.f_chdrive         ff.o
    0x0800d6d8   0x00000038   Code   RO         8401    i.f_close           ff.o
    0x0800d710   0x0000002c   Code   RO         8402    i.f_closedir        ff.o
    0x0800d73c   0x00000168   Code   RO         8403    i.f_getcwd          ff.o
    0x0800d8a4   0x0000010a   Code   RO         8404    i.f_getfree         ff.o
    0x0800d9ae   0x000000c6   Code   RO         8405    i.f_getlabel        ff.o
    0x0800da74   0x00000052   Code   RO         8406    i.f_gets            ff.o
    0x0800dac6   0x0000032e   Code   RO         8407    i.f_lseek           ff.o
    0x0800ddf4   0x0000020c   Code   RO         8408    i.f_mkdir           ff.o
    0x0800e000   0x000007a0   Code   RO         8409    i.f_mkfs            ff.o
    0x0800e7a0   0x000000c4   Code   RO         8410    i.f_mount           ff.o
    0x0800e864   0x0000018c   Code   RO         8411    i.f_open            ff.o
    0x0800e9f0   0x00000098   Code   RO         8412    i.f_opendir         ff.o
    0x0800ea88   0x00000274   Code   RO         8413    i.f_printf          ff.o
    0x0800ecfc   0x00000040   Code   RO         8414    i.f_putc            ff.o
    0x0800ed3c   0x0000004a   Code   RO         8415    i.f_puts            ff.o
    0x0800ed86   0x0000020c   Code   RO         8416    i.f_read            ff.o
    0x0800ef92   0x00000082   Code   RO         8417    i.f_readdir         ff.o
    0x0800f014   0x00000204   Code   RO         8418    i.f_rename          ff.o
    0x0800f218   0x00000200   Code   RO         8419    i.f_setlabel        ff.o
    0x0800f418   0x00000064   Code   RO         8420    i.f_stat            ff.o
    0x0800f47c   0x000000c0   Code   RO         8421    i.f_sync            ff.o
    0x0800f53c   0x000000c0   Code   RO         8422    i.f_truncate        ff.o
    0x0800f5fc   0x000000e6   Code   RO         8423    i.f_unlink          ff.o
    0x0800f6e2   0x00000246   Code   RO         8425    i.f_write           ff.o
    0x0800f928   0x0000000a   Code   RO         4446    i.fail_message      mqtt_msg.o
    0x0800f932   0x0000000a   Code   RO         9069    i.ff_convert        cc936.o
    0x0800f93c   0x0000001e   Code   RO         9026    i.ff_cre_syncobj    syscall.o
    0x0800f95a   0x00000010   Code   RO         9027    i.ff_del_syncobj    syscall.o
    0x0800f96a   0x0000000c   Code   RO         8287    i.ff_memalloc       diskio.o
    0x0800f976   0x0000000c   Code   RO         8288    i.ff_memfree        diskio.o
    0x0800f982   0x00000012   Code   RO         9028    i.ff_rel_grant      syscall.o
    0x0800f994   0x0000001e   Code   RO         9029    i.ff_req_grant      syscall.o
    0x0800f9b2   0x00000002   PAD
    0x0800f9b4   0x00000038   Code   RO         9070    i.ff_wtoupper       cc936.o
    0x0800f9ec   0x0000002a   Code   RO         3863    i.fill_ack_buffer   uartprotocol.o
    0x0800fa16   0x00000002   PAD
    0x0800fa18   0x000001b4   Code   RO         5106    i.fill_cmd_mqtt_part  longsung.o
    0x0800fbcc   0x00000594   Code   RO         8426    i.find_volume       ff.o
    0x08010160   0x00000092   Code   RO         4447    i.fini_message      mqtt_msg.o
    0x080101f2   0x00000002   PAD
    0x080101f4   0x00000080   Code   RO         8427    i.fit_lfn           ff.o
    0x08010274   0x000000ae   Code   RO         8428    i.follow_path       ff.o
    0x08010322   0x0000000e   Code   RO         3864    i.format_protocol_data  uartprotocol.o
    0x08010330   0x0000003c   Code   RO         3009    i.fputc             usart.o
    0x0801036c   0x000000c8   Code   RO         8429    i.gen_numname       ff.o
    0x08010434   0x00000018   Code   RO         5107    i.get_at_command_count  longsung.o
    0x0801044c   0x0000001e   Code   RO         5108    i.get_cmd_from_list  longsung.o
    0x0801046a   0x000000e8   Code   RO         8430    i.get_fat           ff.o
    0x08010552   0x00000050   Code   RO         8289    i.get_fattime       diskio.o
    0x080105a2   0x0000010c   Code   RO         8431    i.get_fileinfo      ff.o
    0x080106ae   0x00000002   PAD
    0x080106b0   0x00000050   Code   RO         8432    i.get_ldnumber      ff.o
    0x08010700   0x00000028   Code   RO         4236    i.get_ymodem_handlers  handlers.o
    0x08010728   0x00000030   Code   RO         4017    i.gmult             aes.o
    0x08010758   0x00000058   Code   RO         8070    i.gpio_initialize   gpioconfig.o
    0x080107b0   0x000000b8   Code   RO         3865    i.handle_ack_command  uartprotocol.o
    0x08010868   0x00000174   Code   RO         4270    i.handle_can_command  cmdhandler.o
    0x080109dc   0x000001d0   Code   RO         5109    i.handle_module_setting  longsung.o
    0x08010bac   0x00000060   Code   RO         5110    i.handle_module_uart_msg  longsung.o
    0x08010c0c   0x00000264   Code   RO         3866    i.handle_remote_command  uartprotocol.o
    0x08010e70   0x0000001a   Code   RO         3781    i.handle_ymodem_command  ymodem.o
    0x08010e8a   0x00000018   Code   RO         4345    i.handler_file_message  transport.o
    0x08010ea2   0x00000002   PAD
    0x08010ea4   0x00000074   Code   RO         5112    i.init_command_buffer  longsung.o
    0x08010f18   0x00000008   Code   RO         4448    i.init_message      mqtt_msg.o
    0x08010f20   0x00000090   Code   RO         5113    i.init_module_reader  longsung.o
    0x08010fb0   0x00000088   Code   RO         5114    i.init_mqtt_buffer  longsung.o
    0x08011038   0x00000030   Code   RO         4346    i.init_status       transport.o
    0x08011068   0x00000038   Code   RO         4237    i.init_ymodem_handlers  handlers.o
    0x080110a0   0x0000007e   Code   RO         5115    i.initialise_module  longsung.o
    0x0801111e   0x00000002   PAD
    0x08011120   0x000000b8   Code   RO         4019    i.inv_cipher        aes.o
    0x080111d8   0x00000058   Code   RO         4020    i.inv_mix_columns   aes.o
    0x08011230   0x00000046   Code   RO         4021    i.inv_shift_rows    aes.o
    0x08011276   0x00000002   PAD
    0x08011278   0x0000004c   Code   RO         4022    i.inv_sub_bytes     aes.o
    0x080112c4   0x0000014c   Code   RO         4023    i.key_expansion     aes.o
    0x08011410   0x00000020   Code   RO         8433    i.ld_clust          ff.o
    0x08011430   0x00000012   Code   RO         5658    i.list_add_tail     xlist.o
    0x08011442   0x0000000e   Code   RO         5659    i.list_del          xlist.o
    0x08011450   0x00000072   Code   RO         5117    i.list_sm_event     longsung.o
    0x080114c2   0x0000000c   Code   RO         8434    i.lock_fs           ff.o
    0x080114ce   0x00000002   PAD
    0x080114d0   0x0000013c   Code   RO         3139    i.main              main.o
    0x0801160c   0x000000b8   Code   RO         5118    i.make_command_to_list  longsung.o
    0x080116c4   0x0000005c   Code   RO         5119    i.make_mqtt_packet  longsung.o
    0x08011720   0x00000026   Code   RO         8435    i.mem_cmp           ff.o
    0x08011746   0x0000001a   Code   RO         8436    i.mem_cpy           ff.o
    0x08011760   0x00000014   Code   RO         8437    i.mem_set           ff.o
    0x08011774   0x0000000c   Code   RO         8771    i.mf_chdir          fattester.o
    0x08011780   0x0000000c   Code   RO         8772    i.mf_chdrive        fattester.o
    0x0801178c   0x00000014   Code   RO         8773    i.mf_close          fattester.o
    0x080117a0   0x00000010   Code   RO         8774    i.mf_closedir       fattester.o
    0x080117b0   0x00000014   Code   RO         8775    i.mf_fmkfs          fattester.o
    0x080117c4   0x00000014   Code   RO         8776    i.mf_getcwd         fattester.o
    0x080117d8   0x00000012   Code   RO         8777    i.mf_getcwd_        fattester.o
    0x080117ea   0x00000002   PAD
    0x080117ec   0x00000084   Code   RO         8778    i.mf_getlabel       fattester.o
    0x08011870   0x0000004c   Code   RO         8779    i.mf_gets           fattester.o
    0x080118bc   0x00000014   Code   RO         8780    i.mf_lseek          fattester.o
    0x080118d0   0x0000000c   Code   RO         8781    i.mf_mkdir          fattester.o
    0x080118dc   0x00000018   Code   RO         8782    i.mf_mount          fattester.o
    0x080118f4   0x0000001c   Code   RO         8783    i.mf_open           fattester.o
    0x08011910   0x00000014   Code   RO         8784    i.mf_opendir        fattester.o
    0x08011924   0x00000018   Code   RO         8785    i.mf_putc           fattester.o
    0x0801193c   0x00000018   Code   RO         8786    i.mf_puts           fattester.o
    0x08011954   0x00000158   Code   RO         8787    i.mf_read           fattester.o
    0x08011aac   0x0000018c   Code   RO         8788    i.mf_readdir        fattester.o
    0x08011c38   0x00000010   Code   RO         8789    i.mf_rename         fattester.o
    0x08011c48   0x00000098   Code   RO         8790    i.mf_scan_files     fattester.o
    0x08011ce0   0x000001c4   Code   RO         8791    i.mf_scan_files_    fattester.o
    0x08011ea4   0x0000005c   Code   RO         8792    i.mf_setlabel       fattester.o
    0x08011f00   0x000000a0   Code   RO         8793    i.mf_showfree       fattester.o
    0x08011fa0   0x0000000c   Code   RO         8794    i.mf_size           fattester.o
    0x08011fac   0x00000138   Code   RO         8795    i.mf_stat           fattester.o
    0x080120e4   0x00000058   Code   RO         8796    i.mf_stat_          fattester.o
    0x0801213c   0x0000000c   Code   RO         8797    i.mf_tell           fattester.o
    0x08012148   0x0000000c   Code   RO         8798    i.mf_unlink         fattester.o
    0x08012154   0x000000b8   Code   RO         8799    i.mf_write          fattester.o
    0x0801220c   0x00000094   Code   RO         5122    i.module_clean_work  longsung.o
    0x080122a0   0x00000050   Code   RO         8071    i.module_power_reset  gpioconfig.o
    0x080122f0   0x0000007c   Code   RO         5123    i.module_reader_addc  longsung.o
    0x0801236c   0x00000328   Code   RO         5124    i.module_reader_parse  longsung.o
    0x08012694   0x00000084   Code   RO         5125    i.module_system_init  longsung.o
    0x08012718   0x00000030   Code   RO         5126    i.module_tokenizer_get  longsung.o
    0x08012748   0x0000006c   Code   RO         5127    i.module_tokenizer_init  longsung.o
    0x080127b4   0x00000032   Code   RO         8438    i.move_window       ff.o
    0x080127e6   0x00000002   PAD
    0x080127e8   0x00000070   Code   RO         5128    i.mqtt_disconnect_server  longsung.o
    0x08012858   0x000000b8   Code   RO         4450    i.mqtt_get_id       mqtt_msg.o
    0x08012910   0x000000e8   Code   RO         5130    i.mqtt_get_name     longsung.o
    0x080129f8   0x000000a0   Code   RO         4451    i.mqtt_get_publish_data  mqtt_msg.o
    0x08012a98   0x00000062   Code   RO         4452    i.mqtt_get_publish_topic  mqtt_msg.o
    0x08012afa   0x0000000a   Code   RO         4453    i.mqtt_get_qos      mqtt_msg.o
    0x08012b04   0x0000000a   Code   RO         5131    i.mqtt_get_qos      longsung.o
    0x08012b0e   0x00000034   Code   RO         4455    i.mqtt_get_total_length  mqtt_msg.o
    0x08012b42   0x00000008   Code   RO         4456    i.mqtt_get_type     mqtt_msg.o
    0x08012b4a   0x00000008   Code   RO         5133    i.mqtt_get_type     longsung.o
    0x08012b52   0x0000000e   Code   RO         4457    i.mqtt_init         mqtt_msg.o
    0x08012b60   0x00000290   Code   RO         5134    i.mqtt_list_cmd     longsung.o
    0x08012df0   0x00000170   Code   RO         4458    i.mqtt_msg_connect  mqtt_msg.o
    0x08012f60   0x0000001c   Code   RO         4459    i.mqtt_msg_disconnect  mqtt_msg.o
    0x08012f7c   0x00000016   Code   RO         4460    i.mqtt_msg_init     mqtt_msg.o
    0x08012f92   0x0000001c   Code   RO         4461    i.mqtt_msg_pingreq  mqtt_msg.o
    0x08012fae   0x0000001c   Code   RO         4462    i.mqtt_msg_pingresp  mqtt_msg.o
    0x08012fca   0x00000030   Code   RO         4463    i.mqtt_msg_puback   mqtt_msg.o
    0x08012ffa   0x00000030   Code   RO         4464    i.mqtt_msg_pubcomp  mqtt_msg.o
    0x0801302a   0x000000a2   Code   RO         4465    i.mqtt_msg_publish  mqtt_msg.o
    0x080130cc   0x00000030   Code   RO         4466    i.mqtt_msg_pubrec   mqtt_msg.o
    0x080130fc   0x00000030   Code   RO         4467    i.mqtt_msg_pubrel   mqtt_msg.o
    0x0801312c   0x000000e0   Code   RO         5135    i.mqtt_msg_set_clean  longsung.o
    0x0801320c   0x00000082   Code   RO         4468    i.mqtt_msg_subscribe  mqtt_msg.o
    0x0801328e   0x00000034   Code   RO         5136    i.mqtt_publish      longsung.o
    0x080132c2   0x00000002   PAD
    0x080132c4   0x0000009c   Code   RO         5137    i.mqtt_publish_with_length  longsung.o
    0x08013360   0x000000a0   Code   RO         5138    i.mqtt_reset_status  longsung.o
    0x08013400   0x00000092   Code   RO         5139    i.mqtt_send_connect_or_tick  longsung.o
    0x08013492   0x0000000a   Code   RO         5140    i.mqtt_set_dup      longsung.o
    0x0801349c   0x00000180   Code   RO         5141    i.mqtt_set_mesg_ack  longsung.o
    0x0801361c   0x00000060   Code   RO         5142    i.mqtt_subscribe    longsung.o
    0x0801367c   0x00000070   Code   RO         5143    i.notifyAndroidPowerOff  longsung.o
    0x080136ec   0x00000060   Code   RO         5144    i.notifyAndroidPowerOn  longsung.o
    0x0801374c   0x0000004c   Code   RO         5145    i.notify_module_period  longsung.o
    0x08013798   0x00000018   Code   RO         3867    i.notify_stream_task  uartprotocol.o
    0x080137b0   0x00000018   Code   RO         4271    i.obtain_can_mutex  cmdhandler.o
    0x080137c8   0x00000018   Code   RO         3868    i.obtain_stream_mutex  uartprotocol.o
    0x080137e0   0x00000018   Code   RO         3869    i.obtain_uart_mutex  uartprotocol.o
    0x080137f8   0x00000200   Code   RO         5147    i.on_at_cmd_fail_callback  longsung.o
    0x080139f8   0x000001b0   Code   RO         5148    i.on_at_cmd_success_callback  longsung.o
    0x08013ba8   0x0000004a   Code   RO         5149    i.on_at_command_callback  longsung.o
    0x08013bf2   0x00000002   PAD
    0x08013bf4   0x00000040   Code   RO         5150    i.on_connect_service_fail_callback  longsung.o
    0x08013c34   0x00000098   Code   RO         5151    i.on_connect_service_success_callback  longsung.o
    0x08013ccc   0x00000098   Code   RO         5152    i.on_disconnect_service_callback  longsung.o
    0x08013d64   0x0000003c   Code   RO         5153    i.on_request_ip_fail_callback  longsung.o
    0x08013da0   0x00000064   Code   RO         5154    i.on_request_ip_success_callback  longsung.o
    0x08013e04   0x00000034   Code   RO         5155    i.on_signal_strength_callback  longsung.o
    0x08013e38   0x00000048   Code   RO         5156    i.on_simcard_type_callback  longsung.o
    0x08013e80   0x00000154   Code   RO         5157    i.on_sm_check_callback  longsung.o
    0x08013fd4   0x00000048   Code   RO         5158    i.on_sm_data_callback  longsung.o
    0x0801401c   0x000000ec   Code   RO         5159    i.on_sm_notify_callback  longsung.o
    0x08014108   0x00000034   Code   RO         5160    i.on_sm_read_callback  longsung.o
    0x0801413c   0x00000034   Code   RO         5161    i.on_sm_read_err_callback  longsung.o
    0x08014170   0x00000358   Code   RO         5162    i.on_tcp_data_callback  longsung.o
    0x080144c8   0x00000410   Code   RO         5163    i.parse_mqtt_packet  longsung.o
    0x080148d8   0x00000118   Code   RO         3782    i.parse_packet      ymodem.o
    0x080149f0   0x00000240   Code   RO         3783    i.parse_ymodem_command  ymodem.o
    0x08014c30   0x00000074   Code   RO         8439    i.pick_lfn          ff.o
    0x08014ca4   0x0000001e   Code   RO         5164    i.poll_module_signal  longsung.o
    0x08014cc2   0x00000002   PAD
    0x08014cc4   0x000001bc   Code   RO         5165    i.prepare_mqtt_packet  longsung.o
    0x08014e80   0x00000044   Code   RO         5167    i.print_line        longsung.o
    0x08014ec4   0x00000010   Code   RO         3870    i.process_ack_command  uartprotocol.o
    0x08014ed4   0x0000003a   Code   RO         3871    i.process_can_message  uartprotocol.o
    0x08014f0e   0x00000002   PAD
    0x08014f10   0x0000007c   Code   RO         5169    i.process_test_mqtt_publish  longsung.o
    0x08014f8c   0x00000258   Code   RO         3784    i.process_ymodem_result  ymodem.o
    0x080151e4   0x000000a4   Code   RO         6051    i.prvAddCurrentTaskToDelayedList  tasks.o
    0x08015288   0x000000b8   Code   RO         6052    i.prvAddNewTaskToReadyList  tasks.o
    0x08015340   0x0000004c   Code   RO         6476    i.prvCheckForValidListAndQueue  timers.o
    0x0801538c   0x00000064   Code   RO         6053    i.prvCheckTasksWaitingTermination  tasks.o
    0x080153f0   0x0000002a   Code   RO         5870    i.prvCopyDataFromQueue  queue.o
    0x0801541a   0x0000007c   Code   RO         5871    i.prvCopyDataToQueue  queue.o
    0x08015496   0x00000012   Code   RO         6054    i.prvDeleteTCB      tasks.o
    0x080154a8   0x00000028   Code   RO         6477    i.prvGetNextExpireTime  timers.o
    0x080154d0   0x00000038   Code   RO         5796    i.prvHeapInit       heap_2.o
    0x08015508   0x00000028   Code   RO         6055    i.prvIdleTask       tasks.o
    0x08015530   0x0000001c   Code   RO         5872    i.prvInitialiseMutex  queue.o
    0x0801554c   0x0000002a   Code   RO         5873    i.prvInitialiseNewQueue  queue.o
    0x08015576   0x000000a8   Code   RO         6056    i.prvInitialiseNewTask  tasks.o
    0x0801561e   0x0000002e   Code   RO         6478    i.prvInitialiseNewTimer  timers.o
    0x0801564c   0x0000007c   Code   RO         6057    i.prvInitialiseTaskLists  tasks.o
    0x080156c8   0x00000058   Code   RO         6479    i.prvInsertTimerInActiveList  timers.o
    0x08015720   0x0000001a   Code   RO         5874    i.prvIsQueueEmpty   queue.o
    0x0801573a   0x0000001e   Code   RO         5875    i.prvIsQueueFull    queue.o
    0x08015758   0x0000006a   Code   RO         6058    i.prvListTasksWithinSingleList  tasks.o
    0x080157c2   0x00000002   PAD
    0x080157c4   0x0000004c   Code   RO         6480    i.prvProcessExpiredTimer  timers.o
    0x08015810   0x000000bc   Code   RO         6481    i.prvProcessReceivedCommands  timers.o
    0x080158cc   0x00000074   Code   RO         6482    i.prvProcessTimerOrBlockTask  timers.o
    0x08015940   0x00000034   Code   RO         6059    i.prvResetNextTaskUnblockTime  tasks.o
    0x08015974   0x0000002c   Code   RO         6483    i.prvSampleTimeNow  timers.o
    0x080159a0   0x0000009e   Code   RO         6060    i.prvSearchForNameWithinSingleList  tasks.o
    0x08015a3e   0x00000002   PAD
    0x08015a40   0x00000084   Code   RO         6484    i.prvSwitchTimerLists  timers.o
    0x08015ac4   0x00000016   Code   RO         6061    i.prvTaskCheckFreeStackSpace  tasks.o
    0x08015ada   0x00000016   Code   RO         5720    i.prvTaskExitError  port.o
    0x08015af0   0x00000040   Code   RO         6062    i.prvTaskIsTaskSuspended  tasks.o
    0x08015b30   0x0000001a   Code   RO         6485    i.prvTimerTask      timers.o
    0x08015b4a   0x0000007e   Code   RO         5876    i.prvUnlockQueue    queue.o
    0x08015bc8   0x0000002a   Code   RO         6063    i.prvWriteNameToBuffer  tasks.o
    0x08015bf2   0x00000056   Code   RO         8800    i.prvWritePathToBuffer  fattester.o
    0x08015c48   0x00000136   Code   RO         8440    i.put_fat           ff.o
    0x08015d7e   0x00000044   Code   RO         8441    i.putc_bfd          ff.o
    0x08015dc2   0x00000002   PAD
    0x08015dc4   0x000000b8   Code   RO         5797    i.pvPortMalloc      heap_2.o
    0x08015e7c   0x00000028   Code   RO         6064    i.pvTaskGetThreadLocalStoragePointer  tasks.o
    0x08015ea4   0x00000020   Code   RO         6065    i.pvTaskIncrementMutexHeldCount  tasks.o
    0x08015ec4   0x00000014   Code   RO         6487    i.pvTimerGetTimerID  timers.o
    0x08015ed8   0x00000028   Code   RO         5721    i.pxPortInitialiseStack  port.o
    0x08015f00   0x00000006   Code   RO         6639    i.read_addr         usmart.o
    0x08015f06   0x00000002   PAD
    0x08015f08   0x00000150   Code   RO         4167    i.read_md5_from_file  romhandler.o
    0x08016058   0x000000cc   Code   RO         4168    i.read_md5_from_flash  romhandler.o
    0x08016124   0x000000bc   Code   RO         4169    i.register_rom_handlers  romhandler.o
    0x080161e0   0x000000e8   Code   RO         4238    i.register_ymodem_handlers  handlers.o
    0x080162c8   0x00000018   Code   RO         4272    i.release_can_mutex  cmdhandler.o
    0x080162e0   0x0000006c   Code   RO         5170    i.release_command   longsung.o
    0x0801634c   0x000000a0   Code   RO         5171    i.release_list_command  longsung.o
    0x080163ec   0x00000018   Code   RO         3872    i.release_stream_mutex  uartprotocol.o
    0x08016404   0x00000018   Code   RO         3873    i.release_uart_mutex  uartprotocol.o
    0x0801641c   0x0000006c   Code   RO         8442    i.remove_chain      ff.o
    0x08016488   0x00000022   Code   RO         3785    i.report_ymodem_packet_one  ymodem.o
    0x080164aa   0x0000002a   Code   RO         3786    i.report_ymodem_packet_two  ymodem.o
    0x080164d4   0x00000088   Code   RO         5172    i.reset_module_status  longsung.o
    0x0801655c   0x0000012c   Code   RO         5173    i.reset_mqtt_dev    longsung.o
    0x08016688   0x00000070   Code   RO         3787    i.reset_tmodem_status  ymodem.o
    0x080166f8   0x00000008   Code   RO         3350    i.rfifo_clean       rfifo.o
    0x08016700   0x0000001c   Code   RO         3351    i.rfifo_get         rfifo.o
    0x0801671c   0x00000098   Code   RO         3352    i.rfifo_init        rfifo.o
    0x080167b4   0x00000012   Code   RO         3353    i.rfifo_len         rfifo.o
    0x080167c6   0x00000024   Code   RO         3354    i.rfifo_put         rfifo.o
    0x080167ea   0x00000002   PAD
    0x080167ec   0x00000030   Code   RO         4170    i.rom_error_handler  romhandler.o
    0x0801681c   0x000000b4   Code   RO         4171    i.rom_finish_handler  romhandler.o
    0x080168d0   0x0000037c   Code   RO         4172    i.rom_packet_handler  romhandler.o
    0x08016c4c   0x00000018   Code   RO         4025    i.rot_word          aes.o
    0x08016c64   0x00000074   Code   RO         3140    i.saveStringToLog   main.o
    0x08016cd8   0x0000003a   Code   RO         5174    i.select_sort       longsung.o
    0x08016d12   0x00000002   PAD
    0x08016d14   0x00000054   Code   RO         5175    i.send_at_command   longsung.o
    0x08016d68   0x000001fc   Code   RO         5176    i.send_command_to_device  longsung.o
    0x08016f64   0x00000010   Code   RO         8443    i.st_clust          ff.o
    0x08016f74   0x00000070   Code   RO         4273    i.start_timer_work  cmdhandler.o
    0x08016fe4   0x00000068   Code   RO         4274    i.stop_timer_work   cmdhandler.o
    0x0801704c   0x00000036   Code   RO         5177    i.str2int           longsung.o
    0x08017082   0x00000030   Code   RO         5178    i.str_to_hex        longsung.o
    0x080170b2   0x00000002   PAD
    0x080170b4   0x0000002c   Code   RO         4028    i.sub_word          aes.o
    0x080170e0   0x00000020   Code   RO         8444    i.sum_sfn           ff.o
    0x08017100   0x000000c8   Code   RO         8445    i.sync_fs           ff.o
    0x080171c8   0x0000004c   Code   RO         8446    i.sync_window       ff.o
    0x08017214   0x00000060   Code   RO         5179    i.tcp_connect_server  longsung.o
    0x08017274   0x000001bc   Code   RO         5180    i.test_mqtt_publish  longsung.o
    0x08017430   0x000000b4   Code   RO         3010    i.uart3_init        usart.o
    0x080174e4   0x00000024   Code   RO         3011    i.uart4_deinit      usart.o
    0x08017508   0x000000b4   Code   RO         3012    i.uart4_init        usart.o
    0x080175bc   0x000000b4   Code   RO         3013    i.uart6_init        usart.o
    0x08017670   0x0000007c   Code   RO         3874    i.uart_send_lock    uartprotocol.o
    0x080176ec   0x00000024   Code   RO         6066    i.ucGetTaskLogLevel  tasks.o
    0x08017710   0x00000074   Code   RO         6067    i.ulTaskNotifyTake  tasks.o
    0x08017784   0x00000020   Code   RO         8447    i.unlock_fs         ff.o
    0x080177a4   0x00000078   Code   RO         6640    i.usamrt_debug_task  usmart.o
    0x0801781c   0x000000b0   Code   RO         6641    i.usmart_cmd_rec    usmart.o
    0x080178cc   0x00000248   Code   RO         6642    i.usmart_exe        usmart.o
    0x08017b14   0x000000c8   Code   RO         6902    i.usmart_get_aparm  usmart_str.o
    0x08017bdc   0x00000036   Code   RO         6903    i.usmart_get_cmdname  usmart_str.o
    0x08017c12   0x00000002   PAD
    0x08017c14   0x000001c0   Code   RO         6904    i.usmart_get_fname  usmart_str.o
    0x08017dd4   0x0000010c   Code   RO         6905    i.usmart_get_fparam  usmart_str.o
    0x08017ee0   0x00000020   Code   RO         6906    i.usmart_get_parmpos  usmart_str.o
    0x08017f00   0x00000004   Code   RO         6643    i.usmart_get_runtime  usmart.o
    0x08017f04   0x00000002   Code   RO         6644    i.usmart_init       usmart.o
    0x08017f06   0x00000016   Code   RO         6907    i.usmart_pow        usmart_str.o
    0x08017f1c   0x00000002   Code   RO         6645    i.usmart_reset_runtime  usmart.o
    0x08017f1e   0x00000002   PAD
    0x08017f20   0x000004bc   Code   RO         6646    i.usmart_scan       usmart.o
    0x080183dc   0x00000016   Code   RO         6908    i.usmart_search_nextc  usmart_str.o
    0x080183f2   0x000000ca   Code   RO         6909    i.usmart_str2num    usmart_str.o
    0x080184bc   0x00000022   Code   RO         6910    i.usmart_strcmp     usmart_str.o
    0x080184de   0x00000016   Code   RO         6911    i.usmart_strcopy    usmart_str.o
    0x080184f4   0x00000018   Code   RO         6912    i.usmart_strlen     usmart_str.o
    0x0801850c   0x00000f9e   Code   RO         6647    i.usmart_sys_cmd_exe  usmart.o
    0x080194aa   0x00000028   Code   RO         5834    i.uxListRemove      list.o
    0x080194d2   0x00000002   PAD
    0x080194d4   0x000000b0   Code   RO         6070    i.uxTaskGetSystemState  tasks.o
    0x08019584   0x00000024   Code   RO         6072    i.uxTaskPriorityGet  tasks.o
    0x080195a8   0x00000064   Code   RO         3141    i.vApplicationStackOverflowHook  main.o
    0x0801960c   0x0000001a   Code   RO         5835    i.vListInitialise   list.o
    0x08019626   0x00000006   Code   RO         5836    i.vListInitialiseItem  list.o
    0x0801962c   0x00000034   Code   RO         5837    i.vListInsert       list.o
    0x08019660   0x00000018   Code   RO         5838    i.vListInsertEnd    list.o
    0x08019678   0x00000024   Code   RO         5723    i.vPortEnterCritical  port.o
    0x0801969c   0x00000020   Code   RO         5724    i.vPortExitCritical  port.o
    0x080196bc   0x00000040   Code   RO         5798    i.vPortFree         heap_2.o
    0x080196fc   0x00000014   Code   RO         5725    i.vPortIsInInterrupt  port.o
    0x08019710   0x00000014   Code   RO         5726    i.vPortSetupTimerInterrupt  port.o
    0x08019724   0x0000013c   Code   RO         8290    i.vPrintFlashDisk   diskio.o
    0x08019860   0x00000164   Code   RO         8291    i.vPrintRamdDisk    diskio.o
    0x080199c4   0x00000170   Code   RO         8292    i.vPrintSdDisk      diskio.o
    0x08019b34   0x0000000e   Code   RO         5882    i.vQueueDelete      queue.o
    0x08019b42   0x0000004a   Code   RO         5884    i.vQueueWaitForMessageRestricted  queue.o
    0x08019b8c   0x00000030   Code   RO         3142    i.vSetPrintfTime    main.o
    0x08019bbc   0x00000028   Code   RO         6075    i.vSetTaskLogLevel  tasks.o
    0x08019be4   0x00000034   Code   RO         6076    i.vTaskDelay        tasks.o
    0x08019c18   0x000000b8   Code   RO         6077    i.vTaskDelayUntil   tasks.o
    0x08019cd0   0x000000cc   Code   RO         6078    i.vTaskDelete       tasks.o
    0x08019d9c   0x000000cc   Code   RO         6080    i.vTaskGetInfo      tasks.o
    0x08019e68   0x00000108   Code   RO         6081    i.vTaskList         tasks.o
    0x08019f70   0x0000000c   Code   RO         6082    i.vTaskMissedYield  tasks.o
    0x08019f7c   0x000000b4   Code   RO         6083    i.vTaskNotifyGiveFromISR  tasks.o
    0x0801a030   0x00000020   Code   RO         6084    i.vTaskPlaceOnEventList  tasks.o
    0x0801a050   0x00000028   Code   RO         6085    i.vTaskPlaceOnEventListRestricted  tasks.o
    0x0801a078   0x000000b0   Code   RO         6087    i.vTaskPriorityInherit  tasks.o
    0x0801a128   0x000000f4   Code   RO         6088    i.vTaskPrioritySet  tasks.o
    0x0801a21c   0x00000078   Code   RO         6089    i.vTaskResume       tasks.o
    0x0801a294   0x00000020   Code   RO         6091    i.vTaskSetThreadLocalStoragePointer  tasks.o
    0x0801a2b4   0x00000018   Code   RO         6092    i.vTaskSetTimeOutState  tasks.o
    0x0801a2cc   0x00000074   Code   RO         6093    i.vTaskStartScheduler  tasks.o
    0x0801a340   0x000000bc   Code   RO         6094    i.vTaskSuspend      tasks.o
    0x0801a3fc   0x00000010   Code   RO         6095    i.vTaskSuspendAll   tasks.o
    0x0801a40c   0x00000080   Code   RO         6096    i.vTaskSwitchContext  tasks.o
    0x0801a48c   0x00000042   Code   RO         8448    i.validate          ff.o
    0x0801a4ce   0x00000004   Code   RO         6648    i.write_addr        usmart.o
    0x0801a4d2   0x0000001a   Code   RO         8293    i.xMemncpy          diskio.o
    0x0801a4ec   0x0000000c   Code   RO         5800    i.xPortGetFreeHeapSize  heap_2.o
    0x0801a4f8   0x00000048   Code   RO         5727    i.xPortStartScheduler  port.o
    0x0801a540   0x00000034   Code   RO         5728    i.xPortSysTickHandler  port.o
    0x0801a574   0x00000022   Code   RO         5886    i.xQueueCreateMutex  queue.o
    0x0801a596   0x00000038   Code   RO         5887    i.xQueueGenericCreate  queue.o
    0x0801a5ce   0x00000002   PAD
    0x0801a5d0   0x0000015c   Code   RO         5888    i.xQueueGenericReceive  queue.o
    0x0801a72c   0x00000080   Code   RO         5889    i.xQueueGenericReset  queue.o
    0x0801a7ac   0x00000118   Code   RO         5890    i.xQueueGenericSend  queue.o
    0x0801a8c4   0x00000086   Code   RO         5891    i.xQueueGenericSendFromISR  queue.o
    0x0801a94a   0x00000078   Code   RO         5892    i.xQueueGiveFromISR  queue.o
    0x0801a9c2   0x00000002   PAD
    0x0801a9c4   0x00000088   Code   RO         6097    i.xTaskAbortDelay   tasks.o
    0x0801aa4c   0x00000078   Code   RO         6098    i.xTaskCheckForTimeOut  tasks.o
    0x0801aac4   0x0000006a   Code   RO         6099    i.xTaskCreate       tasks.o
    0x0801ab2e   0x00000002   PAD
    0x0801ab30   0x000000c4   Code   RO         6100    i.xTaskGenericNotify  tasks.o
    0x0801abf4   0x0000007c   Code   RO         6103    i.xTaskGetHandle    tasks.o
    0x0801ac70   0x00000020   Code   RO         6104    i.xTaskGetSchedulerState  tasks.o
    0x0801ac90   0x0000000c   Code   RO         6105    i.xTaskGetTickCount  tasks.o
    0x0801ac9c   0x0000011c   Code   RO         6107    i.xTaskIncrementTick  tasks.o
    0x0801adb8   0x00000084   Code   RO         6110    i.xTaskPriorityDisinherit  tasks.o
    0x0801ae3c   0x00000080   Code   RO         6111    i.xTaskRemoveFromEventList  tasks.o
    0x0801aebc   0x000000e8   Code   RO         6113    i.xTaskResumeAll    tasks.o
    0x0801afa4   0x00000030   Code   RO         6490    i.xTimerCreate      timers.o
    0x0801afd4   0x00000040   Code   RO         6491    i.xTimerCreateTimerTask  timers.o
    0x0801b014   0x0000006c   Code   RO         6492    i.xTimerGenericCommand  timers.o
    0x0801b080   0x00000020   Code   RO         6496    i.xTimerIsTimerActive  timers.o
    0x0801b0a0   0x00000044   Code   RO         4609    i.x_mem_init        xmalloc.o
    0x0801b0e4   0x00000040   Code   RO         4613    i.xmem_used_pecent  xmalloc.o
    0x0801b124   0x00000014   Code   RO         4615    i.xmemset           xmalloc.o
    0x0801b138   0x0000002c   Code   RO        11633    locale$$code        c_w.l(lc_ctype_c.o)
    0x0801b164   0x0000002c   Code   RO        11636    locale$$code        c_w.l(lc_numeric_c.o)
    0x0801b190   0x00000062   Code   RO        11438    x$fpl$d2f           fz_wm.l(d2f.o)
    0x0801b1f2   0x00000002   PAD
    0x0801b1f4   0x00000150   Code   RO        11440    x$fpl$dadd          fz_wm.l(daddsub_clz.o)
    0x0801b344   0x000002b0   Code   RO        11447    x$fpl$ddiv          fz_wm.l(ddiv.o)
    0x0801b5f4   0x0000005e   Code   RO        11452    x$fpl$dfix          fz_wm.l(dfix.o)
    0x0801b652   0x00000026   Code   RO        11456    x$fpl$dfltu         fz_wm.l(dflt_clz.o)
    0x0801b678   0x00000154   Code   RO        11464    x$fpl$dmul          fz_wm.l(dmul.o)
    0x0801b7cc   0x0000009c   Code   RO        11538    x$fpl$dnaninf       fz_wm.l(dnaninf.o)
    0x0801b868   0x0000000c   Code   RO        11540    x$fpl$dretinf       fz_wm.l(dretinf.o)
    0x0801b874   0x00000016   Code   RO        11441    x$fpl$drsb          fz_wm.l(daddsub_clz.o)
    0x0801b88a   0x00000002   PAD
    0x0801b88c   0x000001d4   Code   RO        11442    x$fpl$dsub          fz_wm.l(daddsub_clz.o)
    0x0801ba60   0x00000056   Code   RO        11468    x$fpl$f2d           fz_wm.l(f2d.o)
    0x0801bab6   0x0000008c   Code   RO        11542    x$fpl$fnaninf       fz_wm.l(fnaninf.o)
    0x0801bb42   0x0000000a   Code   RO        11723    x$fpl$fpinit        fz_wm.l(fpinit.o)
    0x0801bb4c   0x0000000a   Code   RO        11544    x$fpl$fretinf       fz_wm.l(fretinf.o)
    0x0801bb56   0x00000004   Code   RO        11470    x$fpl$printf1       fz_wm.l(printf1.o)
    0x0801bb5a   0x00000000   Code   RO        11548    x$fpl$usenofp       fz_wm.l(usenofp.o)
    0x0801bb5a   0x00000009   Data   RO         2901    .constdata          delay.o
    0x0801bb63   0x000000e4   Data   RO         3144    .constdata          main.o
    0x0801bc47   0x0000003c   Data   RO         3678    .constdata          md5.o
    0x0801bc83   0x00000057   Data   RO         3788    .constdata          ymodem.o
    0x0801bcda   0x00000295   Data   RO         3876    .constdata          uartprotocol.o
    0x0801bf6f   0x00000001   PAD
    0x0801bf70   0x00000013   Data   RO         4030    .constdata          aes.o
    0x0801bf83   0x000000ad   Data   RO         4174    .constdata          romhandler.o
    0x0801c030   0x00000019   Data   RO         4240    .constdata          handlers.o
    0x0801c049   0x00000059   Data   RO         4275    .constdata          cmdhandler.o
    0x0801c0a2   0x00000050   Data   RO         4355    .constdata          transport.o
    0x0801c0f2   0x00000002   PAD
    0x0801c0f4   0x00000018   Data   RO         4620    .constdata          xmalloc.o
    0x0801c10c   0x000003ed   Data   RO         5182    .constdata          longsung.o
    0x0801c4f9   0x0000007a   Data   RO         6650    .constdata          usmart.o
    0x0801c573   0x00000016   Data   RO         7391    .constdata          stmflash.o
    0x0801c589   0x00000020   Data   RO         7490    .constdata          w25qxx.o
    0x0801c5a9   0x000000f2   Data   RO         8072    .constdata          gpioconfig.o
    0x0801c69b   0x00000047   Data   RO         8295    .constdata          diskio.o
    0x0801c6e2   0x0000008f   Data   RO         8450    .constdata          ff.o
    0x0801c771   0x00000020   Data   RO         8802    .constdata          fattester.o
    0x0801c791   0x00000003   PAD
    0x0801c794   0x000003e0   Data   RO         9072    .constdata          cc936.o
    0x0801cb74   0x0000004c   Data   RO        10843    .constdata          amrplay.o
    0x0801cbc0   0x00000028   Data   RO        11362    .constdata          c_w.l(_printf_hex_int_ptr.o)
    0x0801cbe8   0x00000011   Data   RO        11388    .constdata          c_w.l(__printf_flags_ss_wp.o)
    0x0801cbf9   0x00000003   PAD
    0x0801cbfc   0x00000094   Data   RO        11604    .constdata          c_w.l(bigflt0.o)
    0x0801cc90   0x000000b3   Data   RO         3145    .conststring        main.o
    0x0801cd43   0x00000001   PAD
    0x0801cd44   0x00000048   Data   RO         3679    .conststring        md5.o
    0x0801cd8c   0x00000046   Data   RO         3877    .conststring        uartprotocol.o
    0x0801cdd2   0x00000002   PAD
    0x0801cdd4   0x00000040   Data   RO         4276    .conststring        cmdhandler.o
    0x0801ce14   0x00000205   Data   RO         5183    .conststring        longsung.o
    0x0801d019   0x00000003   PAD
    0x0801d01c   0x00000267   Data   RO         6651    .conststring        usmart.o
    0x0801d283   0x00000001   PAD
    0x0801d284   0x000003c5   Data   RO         6876    .conststring        usmart_config.o
    0x0801d649   0x00000003   PAD
    0x0801d64c   0x000000b1   Data   RO         8296    .conststring        diskio.o
    0x0801d6fd   0x00000003   PAD
    0x0801d700   0x000000e3   Data   RO         8451    .conststring        ff.o
    0x0801d7e3   0x00000001   PAD
    0x0801d7e4   0x00000020   Data   RO        11783    Region$$Table       anon$$obj.o
    0x0801d804   0x00000110   Data   RO        11632    locale$$data        c_w.l(lc_ctype_c.o)
    0x0801d914   0x0000001c   Data   RO        11635    locale$$data        c_w.l(lc_numeric_c.o)


    Execution Region RW_IRAM1 (Base: 0x20000000, Size: 0x0001b940, Max: 0x00020000, ABSOLUTE, COMPRESSED[0x00000538])

    Base Addr    Size         Type   Attr      Idx    E Section Name        Object

    0x20000000   0x00000010   Data   RW          686    .data               stm32f4xx_rcc.o
    0x20000010   0x00000006   Data   RW         3017    .data               usart.o
    0x20000016   0x00000002   PAD
    0x20000018   0x00000040   Data   RW         3146    .data               main.o
    0x20000058   0x0000000e   Data   RW         3444    .data               wavplay.o
    0x20000066   0x00000040   Data   RW         3680    .data               md5.o
    0x200000a6   0x00000002   PAD
    0x200000a8   0x00000020   Data   RW         3789    .data               ymodem.o
    0x200000c8   0x00000018   Data   RW         3878    .data               uartprotocol.o
    0x200000e0   0x00000211   Data   RW         4031    .data               aes.o
    0x200002f1   0x00000003   PAD
    0x200002f4   0x00000014   Data   RW         4176    .data               romhandler.o
    0x20000308   0x00000001   Data   RW         4241    .data               handlers.o
    0x20000309   0x00000003   PAD
    0x2000030c   0x00000284   Data   RW         4277    .data               cmdhandler.o
    0x20000590   0x00000014   Data   RW         4356    .data               transport.o
    0x200005a4   0x0000001c   Data   RW         4621    .data               xmalloc.o
    0x200005c0   0x00000008   Data   RW         5184    .data               longsung.o
    0x200005c8   0x00000004   Data   RW         5729    .data               port.o
    0x200005cc   0x00000018   Data   RW         5802    .data               heap_2.o
    0x200005e4   0x0000003c   Data   RW         6116    .data               tasks.o
    0x20000620   0x00000014   Data   RW         6498    .data               timers.o
    0x20000634   0x0000011c   Data   RW         6652    .data               usmart.o
    0x20000750   0x00000204   Data   RW         6877    .data               usmart_config.o
    0x20000954   0x0000000a   Data   RW         7281    .data               adc.o
    0x2000095e   0x00000002   Data   RW         7491    .data               w25qxx.o
    0x20000960   0x00000010   Data   RW         7623    .data               sdio_sdcard.o
    0x20000970   0x00000074   Data   RW         7821    .data               wm8978.o
    0x200009e4   0x00000004   Data   RW         7946    .data               i2s.o
    0x200009e8   0x00000090   Data   RW         8190    .data               can.o
    0x20000a78   0x00000006   Data   RW         8297    .data               diskio.o
    0x20000a7e   0x00000003   Data   RW         8452    .data               ff.o
    0x20000a81   0x00000003   PAD
    0x20000a84   0x00000014   Data   RW         8982    .data               exfuns.o
    0x20000a98   0x00000008   Data   RW        10844    .data               amrplay.o
    0x20000aa0   0x0000001c   Zero   RW         3016    .bss                usart.o
    0x20000abc   0x00000036   Zero   RW         3143    .bss                main.o
    0x20000af2   0x00000002   PAD
    0x20000af4   0x0000018c   Zero   RW         3875    .bss                uartprotocol.o
    0x20000c80   0x00000100   Zero   RW         4029    .bss                aes.o
    0x20000d80   0x00000028   Zero   RW         4173    .bss                romhandler.o
    0x20000da8   0x00000060   Zero   RW         4239    .bss                handlers.o
    0x20000e08   0x00000174   Zero   RW         4354    .bss                transport.o
    0x20000f7c   0x00000004   PAD
    0x20000f80   0x00001540   Zero   RW         4619    .bss                xmalloc.o
    0x200024c0   0x00001774   Zero   RW         5181    .bss                longsung.o
    0x20003c34   0x00010000   Zero   RW         5801    .bss                heap_2.o
    0x20013c34   0x000001cc   Zero   RW         6115    .bss                tasks.o
    0x20013e00   0x00000028   Zero   RW         6497    .bss                timers.o
    0x20013e28   0x00000314   Zero   RW         6649    .bss                usmart.o
    0x2001413c   0x00001000   Zero   RW         7489    .bss                w25qxx.o
    0x2001513c   0x00000004   PAD
    0x20015140   0x000002c0   Zero   RW         7622    .bss                sdio_sdcard.o
    0x20015400   0x00006000   Zero   RW         8294    .bss                diskio.o
    0x2001b400   0x0000000c   Zero   RW         8449    .bss                ff.o
    0x2001b40c   0x00000080   Zero   RW         8801    .bss                fattester.o
    0x2001b48c   0x00000050   Zero   RW         8979    .bss                exfuns.o
    0x2001b4dc   0x00000060   Zero   RW        11569    .bss                c_w.l(libspace.o)
    0x2001b53c   0x00000004   PAD
    0x2001b540   0x00000000   Zero   RW            2    HEAP                startup_stm32f40_41xxx.o
    0x2001b540   0x00000400   Zero   RW            1    STACK               startup_stm32f40_41xxx.o



  Load Region LR$$.ARM.__AT_0x68000000 (Base: 0x68000000, Size: 0x00000000, Max: 0x00000020, ABSOLUTE)

    Execution Region ER$$.ARM.__AT_0x68000000 (Base: 0x68000000, Size: 0x00000020, Max: 0x00000020, ABSOLUTE, UNINIT)

    Base Addr    Size         Type   Attr      Idx    E Section Name        Object

    0x68000000   0x00000020   Zero   RW         4617    .ARM.__AT_0x68000000  xmalloc.o



  Load Region LR$$.ARM.__AT_0x68000020 (Base: 0x68000020, Size: 0x00000000, Max: 0x00000004, ABSOLUTE)

    Execution Region ER$$.ARM.__AT_0x68000020 (Base: 0x68000020, Size: 0x00000004, Max: 0x00000004, ABSOLUTE, UNINIT)

    Base Addr    Size         Type   Attr      Idx    E Section Name        Object

    0x68000020   0x00000002   Zero   RW         4618    .ARM.__AT_0x68000020  xmalloc.o


==============================================================================

Image component sizes


      Code (inc. data)   RO Data    RW Data    ZI Data      Debug   Object Name

       108         20          0         10          0       2294   adc.o
      1496        116         19        529        256      10358   aes.o
         0          0          0          0          0       1232   agc.o
        56         36         76          8          0       4178   amrplay.o
         0          0          0          0          0        464   bgnscd.o
         0          0          0          0          0        344   bits2prm.o
         0          0          0          0          0        416   c_g_aver.o
      2038        118          0        144          0       7638   can.o
        66         10        992          0          0       1751   cc936.o
      1328        450        153        644          0       6977   cmdhandler.o
         0          0          0          0          0        376   d_plsf_3.o
         0          0          0          0          0       4640   dec_amr.o
        94         26          9          0          0      11650   delay.o
      2052        506        248          6      24576      10693   diskio.o
       396         42          0          0          0       3449   dma.o
       124         18          0         20         80       1634   exfuns.o
        96         12          0          0          0       1477   exti.o
      2796       1034         32          0        128      19508   fattester.o
     15694       1362        370          3         12      58547   ff.o
       108         10          0          0          0       1593   gpio.o
       536         72        242          0          0       5035   gpioconfig.o
       328         94         25          1         96       2481   handlers.o
       316         46          0         24      65536       4290   heap_2.o
        52         14          0          4          0       1160   i2s.o
        44          0          0          0          0       1020   iwdg.o
       148          0          0          0          0       3298   list.o
     18090       5976       1522          8       6004      70848   longsung.o
      1592        770        407         64         54      21063   main.o
      2988        394        132         64          0       8580   md5.o
       352         54          0          0          0       2206   miic.o
       140         24          0          0          0      18591   misc.o
      1782         20          0          0          0      18904   mqtt_msg.o
       476         62          0          4          0      16381   port.o
         0          0          0          0          0        388   post_pro.o
         0          0          0          0          0        804   pstfilt.o
      1606         16          0          0          0      22681   queue.o
       480         74          0          0          0       6737   rfifo.o
        70          0          0          0          0        655   rng.o
      2740       1078        173         20         40       9008   romhandler.o
       954        104          0          0          0       8054   rtc.o
      7498        408          0         16        704      33801   sdio_sdcard.o
       292         20          0          0          0       1749   spi.o
        60         22        392          0       1024        904   startup_stm32f40_41xxx.o
        56          0          0          0          0      16971   stm32f4xx_adc.o
      1308         34          0          0          0      14142   stm32f4xx_can.o
       710         58          0          0          0      19714   stm32f4xx_dma.o
        12          6          0          0          0        561   stm32f4xx_exti.o
       426         40          0          0          0      13668   stm32f4xx_flash.o
       224          0          0          0          0       9499   stm32f4xx_gpio.o
        20          0          0          0          0     302933   stm32f4xx_it.o
        68         30          0          0          0       2678   stm32f4xx_iwdg.o
       424         54          0         16          0      21890   stm32f4xx_rcc.o
        60         10          0          0          0       1138   stm32f4xx_rng.o
        60         10          0          0          0      17139   stm32f4xx_rtc.o
       208         38          0          0          0      15121   stm32f4xx_sdio.o
       112          0          0          0          0      11822   stm32f4xx_spi.o
       744         42          0          0          0      14195   stm32f4xx_usart.o
       550        112         22          0          0       3939   stmflash.o
        16          0          0          0          0        500   sys.o
        94          0          0          0          0       3240   syscall.o
       340         32          0          0          0       1569   system_stm32f4xx.o
      5544        752          0         60        460      39462   tasks.o
      1104        108          0         20         40      11660   timers.o
      1828        696         80         20        372       7002   transport.o
      2686        796        731         24        396      14270   uartprotocol.o
      1006         88          0          6         28      13467   usart.o
     13940       6416        737        284        788      30094   usmart.o
         0          0        965        516          0       1664   usmart_config.o
      1328         20          0          0          0       8697   usmart_str.o
       820        118         32          2       4096       6825   w25qxx.o
       276         40          0         14          0      10536   wavplay.o
       164          4          0        116          0       2306   wm8978.o
        54          0          0          0          0       2606   xlist.o
       152         24         24         28       5474       3391   xmalloc.o
      1958        546         87         32          0       8554   ymodem.o

    ----------------------------------------------------------------------
    103394      23082       7522       2720     110176    1039110   Object Totals
         0          0         32          0          0          0   (incl. Generated)
       106          0         20         13         12          0   (incl. Padding)

    ----------------------------------------------------------------------

      Code (inc. data)   RO Data    RW Data    ZI Data      Debug   Library Member Name

        90          0          0          0          0          0   __dczerorl2.o
         8          0          0          0          0         68   __main.o
       392          4         17          0          0         92   __printf_flags_ss_wp.o
        14          0          0          0          0         68   __printf_wp.o
        52          8          0          0          0          0   __scatter.o
        28          0          0          0          0          0   __scatter_zi.o
        28          0          0          0          0         68   _chval.o
         6          0          0          0          0          0   _printf_c.o
        44          0          0          0          0        108   _printf_char.o
        48          6          0          0          0         96   _printf_char_common.o
        36          4          0          0          0         80   _printf_char_file.o
         6          0          0          0          0          0   _printf_d.o
       116         16          0          0          0         92   _printf_dec.o
         6          0          0          0          0          0   _printf_f.o
      1046          0          0          0          0        216   _printf_fp_dec.o
       128         16          0          0          0         84   _printf_fp_infnan.o
       124          4         40          0          0        144   _printf_hex_int_ptr.o
       178          0          0          0          0         88   _printf_intcommon.o
        10          0          0          0          0          0   _printf_ll.o
         6          0          0          0          0          0   _printf_lld.o
       120         16          0          0          0         92   _printf_longlong_dec.o
         6          0          0          0          0          0   _printf_p.o
        78          0          0          0          0        108   _printf_pad.o
         0          0          0          0          0          0   _printf_percent.o
         4          0          0          0          0          0   _printf_percent_end.o
         6          0          0          0          0          0   _printf_s.o
        82          0          0          0          0         80   _printf_str.o
         6          0          0          0          0          0   _printf_u.o
         6          0          0          0          0          0   _printf_x.o
        10          0          0          0          0         68   _sputc.o
       158          0          0          0          0         92   _strtoul.o
        16          0          0          0          0         68   aeabi_memset.o
        26          0          0          0          0         80   atoi.o
       216          4        148          0          0         96   bigflt0.o
      1910        128          0          0          0        672   btod.o
        12          0          0          0          0         72   exit.o
         8          0          0          0          0         68   ferror.o
         6          0          0          0          0        152   heapauxi.o
        44         10        272          0          0         76   lc_ctype_c.o
        44         10         28          0          0         76   lc_numeric_c.o
         2          0          0          0          0          0   libinit.o
        34          0          0          0          0          0   libinit2.o
         2          0          0          0          0          0   libshutdown.o
         2          0          0          0          0          0   libshutdown2.o
         8          4          0          0         96         68   libspace.o
        72          0          0          0          0         76   llsdiv.o
       138          0          0          0          0         80   lludiv10.o
       238          0          0          0          0        100   lludivv7m.o
        20          0          0          0          0         68   memchr.o
        88          0          0          0          0         76   memcmp.o
        24          4          0          0          0         84   noretval__2printf.o
        40          6          0          0          0         84   noretval__2sprintf.o
        16          4          0          0          0         76   rt_ctype_table.o
         8          4          0          0          0         68   rt_errno_addr_intlibspace.o
         8          4          0          0          0         68   rt_locale_intlibspace.o
        68          0          0          0          0         68   rt_memclr.o
        78          0          0          0          0         80   rt_memclr_w.o
       138          0          0          0          0         68   rt_memcpy_v6.o
       100          0          0          0          0         80   rt_memcpy_w.o
       132          0          0          0          0         68   rt_memmove_v6.o
       122          0          0          0          0         80   rt_memmove_w.o
         0          0          0          0          0          0   rtentry.o
        12          0          0          0          0          0   rtentry2.o
         6          0          0          0          0          0   rtentry4.o
         2          0          0          0          0          0   rtexit.o
        10          0          0          0          0          0   rtexit2.o
        24          0          0          0          0         68   strcat.o
       128          0          0          0          0         68   strcmpv7m.o
        72          0          0          0          0         80   strcpy.o
        62          0          0          0          0         76   strlen.o
       150          0          0          0          0         80   strncmp.o
       112          0          0          0          0         88   strtol.o
        74          0          0          0          0         80   sys_stackheap_outer.o
        30          0          0          0          0         76   toupper.o
        98          4          0          0          0        140   d2f.o
       826         16          0          0          0        492   daddsub_clz.o
       688        140          0          0          0        256   ddiv.o
        94          4          0          0          0        140   dfix.o
        38          0          0          0          0        116   dflt_clz.o
       340         12          0          0          0        152   dmul.o
       156          4          0          0          0        140   dnaninf.o
        12          0          0          0          0        116   dretinf.o
        86          4          0          0          0        132   f2d.o
       140          4          0          0          0        132   fnaninf.o
        10          0          0          0          0        116   fpinit.o
        10          0          0          0          0        116   fretinf.o
         4          0          0          0          0        116   printf1.o
         0          0          0          0          0          0   usenofp.o
        48          0          0          0          0        124   fpclassify.o

    ----------------------------------------------------------------------
      9712        440        508          0        100       7200   Library Totals
        18          0          3          0          4          0   (incl. Padding)

    ----------------------------------------------------------------------

      Code (inc. data)   RO Data    RW Data    ZI Data      Debug   Library Name

      7144        252        505          0         96       4912   c_w.l
      2502        188          0          0          0       2164   fz_wm.l
        48          0          0          0          0        124   m_wm.l

    ----------------------------------------------------------------------
      9712        440        508          0        100       7200   Library Totals

    ----------------------------------------------------------------------

==============================================================================


      Code (inc. data)   RO Data    RW Data    ZI Data      Debug   

    113106      23522       8030       2720     110276     974950   Grand Totals
    113106      23522       8030       1336     110276     974950   ELF Image Totals (compressed)
    113106      23522       8030       1336          0          0   ROM Totals

==============================================================================

    Total RO  Size (Code + RO Data)               121136 ( 118.30kB)
    Total RW  Size (RW Data + ZI Data)            112996 ( 110.35kB)
    Total ROM Size (Code + RO Data + RW Data)     122472 ( 119.60kB)

==============================================================================

