<html>
<body>
<pre>
<h1>µVision Build Log</h1>
<h2>Project:</h2>
F:\work\xiaopeng\github\mcu-app\FreeRTOS-stm32f103\USER\UCOSII-1.uvprojx
Project File Date:  09/10/2016

<h2>Output:</h2>
Build target 'UCOSII-1'
compiling main.c...
..\OS\stm32f103\include\xlist.h(8): warning:  #47-D: incompatible redefinition of macro "offsetof" (declared at line 76 of "C:\Keil_v5\ARM\ARMCC\bin\..\include\stddef.h")
  #define offsetof(TYPE, MEMBER) ((size_t) &((TYPE *)0)->MEMBER)
main.c(55): warning:  #223-D: function "xmem_used_pecent" declared implicitly
     printf("pxTaskStatusArray=%p, xmem_used_pecent=%d%%\r\n", pxTaskStatusArray, xmem_used_pecent(0));
main.c(116): warning:  #223-D: function "xmem_used_pecent" declared implicitly
                printf("xmem_used_pecent=%d%%\r\n", xmem_used_pecent(0));
main.c(130): warning:  #225-D: the format string ends before this argument
        printf("****************%s*************\r\n", __func__, rr);
main.c(138): warning:  #177-D: variable "num" was declared but never referenced
        UBaseType_t num;
main.c(159): warning:  #550-D: variable "t" was set but never used
        UBaseType_t t;
main.c(241): warning:  #223-D: function "timer3_int_init" declared implicitly
          timer3_int_init(5-1, 3600);//0.25ms   250us
main.c(335): warning:  #177-D: variable "xDelay100ms" was declared but never referenced
     const portTickType xDelay100ms = 10000 / portTICK_RATE_MS; 
main.c: 8 warnings, 0 errors
linking...
Program Size: Code=24784 RO-data=592 RW-data=220 ZI-data=19240  
FromELF: creating hex file...
"..\OBJ\FreeRTOS_STM32F103.axf" - 0 Error(s), 8 Warning(s).
</pre>
</body>
</html>
arning:  #177-D: variable "len" was declared but never referenced
        int len = 0;    
uart.c(205): warning:  #550-D: variable "ch" was set but never used
        uint8_t ch = 0, err;
uart.c(205): warning:  #177-D: variable "err" was declared but never referenced
        uint8_t ch = 0, err;
uart.c(206): warning:  #177-D: variable "pre" was declared but never referenced
        static unsigned char pre = 0;
uart.c(227): warning:  #550-D: variable "ch" was set but never used
        u8 ch;
uart.c: 6 warnings, 0 errors
compiling rfifo.c...
rfifo.c(12): warning:  #223-D: function "printf" declared implicitly
                 printf("ring_buf is NULL\r\n");
rfifo.c(16): warning:  #223-D: function "printf" declared implicitly
                 printf("size must be power of 2\r\n");
rfifo.c: 2 warnings, 0 errors
compiling wdg.c...
compiling timer.c...
compiling led.c...
compiling sys.c...
compiling core_cm3.c...
assembling startup_stm32f10x_hd.s...
compiling misc.c...
compiling stm32f10x_gpio.c...
compiling stm32f10x_dbgmcu.c...
compiling stm32f10x_rcc.c...
compiling stm32f10x_usart.c...
compiling stm32f10x_adc.c...
compiling stm32f10x_iwdg.c...
compiling stm32f10x_tim.c...
compiling croutine.c...
compiling event_groups.c...
compiling heap_1.c...
compiling list.c...
compiling queue.c...
..\OS\queue.c(1309): warning:  #223-D: function "printf" declared implicitly
                                printf("xqueue copy data here\r\n");
..\OS\queue.c(1459): warning:  #223-D: function "printf" declared implicitly
                                        printf("xqueue read block here!\r\n");
..\OS\queue.c: 2 warnings, 0 errors
compiling tasks.c...
..\OS\tasks.c(2862): warning:  #223-D: function "printf" declared implicitly
        printf("+++++++++++++++ Switch In Task %s\r\n", pTCB->pcTaskName);
..\OS\tasks.c: 1 warning, 0 errors
compiling timers.c...
compiling port.c...
..\OS\stm32f103\port.c(251): warning:  #1294-D: Old-style function vTaskTest
  void vTaskTest(vTaskTest)
..\OS\stm32f103\port.c(253): warning:  #223-D: function "printf" declared implicitly
        printf("@@@@@@@@@@@@%s invoke one time!@@@@@@@@@@\r\n", __func__);
..\OS\stm32f103\port.c(250): warning:  #177-D: variable "aaa" was declared but never referenced
  static unsigned int aaa = 0;
..\OS\stm32f103\port.c: 3 warnings, 0 errors
compiling xmalloc.c...
linking...
Program Size: Code=24784 RO-data=592 RW-data=220 ZI-data=19240  
FromELF: creating hex file...
"..\OBJ\FreeRTOS_STM32F103.axf" - 0 Error(s), 22 Warning(s).
