<html>
<body>
<pre>
<h1>µVision Build Log</h1>
<h2>Project:</h2>
C:\mcu\mcu-app\FreeRTOS-stm32f103\USER\UCOSII-1.uvprojx
Project File Date:  09/06/2016

<h2>Output:</h2>
Build target 'UCOSII-1'
linking...
Program Size: Code=12276 RO-data=348 RW-data=140 ZI-data=14596  
FromELF: creating hex file...
"..\OBJ\FreeRTOS_STM32F103.axf" - 0 Error(s), 0 Warning(s).
</pre>
</body>
</html>
rror(s), 0 Warning(s).
Target not created
 uart.c...
uart.c(203): warning:  #177-D: variable "ret" was declared but never referenced
        int ret;
uart.c(204): warning:  #177-D: variable "len" was declared but never referenced
        int len = 0;    
uart.c(205): warning:  #550-D: variable "ch" was set but never used
        uint8_t ch = 0, err;
uart.c(205): warning:  #177-D: variable "err" was declared but never referenced
        uint8_t ch = 0, err;
uart.c(206): warning:  #177-D: variable "pre" was declared but never referenced
        static unsigned char pre = 0;
uart.c(227): warning:  #550-D: variable "ch" was set but never used
        u8 ch;
uart.c: 6 warnings, 0 errors
compiling rfifo.c...
rfifo.c(12): warning:  #223-D: function "printf" declared implicitly
                 printf("ring_buf is NULL\r\n");
rfifo.c(16): warning:  #223-D: function "printf" declared implicitly
                 printf("size must be power of 2\r\n");
rfifo.c: 2 warnings, 0 errors
compiling wdg.c...
compiling led.c...
compiling sys.c...
compiling core_cm3.c...
assembling startup_stm32f10x_hd.s...
compiling misc.c...
compiling stm32f10x_gpio.c...
compiling stm32f10x_dbgmcu.c...
compiling stm32f10x_rcc.c...
compiling stm32f10x_usart.c...
compiling stm32f10x_adc.c...
compiling stm32f10x_iwdg.c...
compiling croutine.c...
compiling event_groups.c...
compiling heap_1.c...
compiling list.c...
compiling queue.c...
compiling tasks.c...
compiling timers.c...
compiling port.c...
"..\OBJ\UCOSII-1.axf" - 1 Error(s), 8 Warning(s).
Target not created
